#
# A fatal error has been detected by the Java Runtime Environment:
#
#  EXCEPTION_ACCESS_VIOLATION (0xc0000005) at pc=0x00007ffb48193ac9, pid=21916, tid=19080
#
# JRE version: Java(TM) SE Runtime Environment (21.0.5+9) (build 21.0.5+9-LTS-239)
# Java VM: Java HotSpot(TM) 64-Bit Server VM (21.0.5+9-LTS-239, mixed mode, sharing, tiered, compressed oops, compressed class ptrs, g1 gc, windows-amd64)
# Problematic frame:
# V  [jvm.dll+0x363ac9]
#
# No core dump will be written. Minidumps are not enabled by default on client versions of Windows
#
# If you would like to submit a bug report, please visit:
#   https://bugreport.java.com/bugreport/crash.jsp
#

---------------  S U M M A R Y ------------

Command Line: -XX:+ShowCodeDetailsInExceptionMessages com.davidgonzase.App

Host: Intel(R) Core(TM) i9-9900KF CPU @ 3.60GHz, 16 cores, 31G,  Windows 10 , 64 bit Build 19041 (10.0.19041.5198)
Time: Wed Jan  1 23:54:58 2025 Hora estándar romance elapsed time: 4.095414 seconds (0d 0h 0m 4s)

---------------  T H R E A D  ---------------

Current thread (0x0000023517616450):  WorkerThread "GC Thread#11"   [id=19080, stack(0x0000004983700000,0x0000004983800000) (1024K)]

Stack: [0x0000004983700000,0x0000004983800000],  sp=0x00000049837ff5e0,  free space=1021k
Native frames: (J=compiled Java code, j=interpreted, Vv=VM code, C=native code)
V  [jvm.dll+0x363ac9]
V  [jvm.dll+0x3644b5]
V  [jvm.dll+0x36418b]
V  [jvm.dll+0x36c704]
V  [jvm.dll+0x36c87b]
V  [jvm.dll+0x8827e7]
V  [jvm.dll+0x7fee9b]
V  [jvm.dll+0x6c896d]
C  [ucrtbase.dll+0x21bb2]
C  [KERNEL32.DLL+0x17374]
C  [ntdll.dll+0x4cc91]


siginfo: EXCEPTION_ACCESS_VIOLATION (0xc0000005), reading address 0x0000000000000c18


Registers:
RAX=0x0000000000000000, RBX=0x0000023517840de8, RCX=0x0000000000000016, RDX=0x0000000000000000
RSP=0x00000049837ff5e0, RBP=0x0000000000000003, RSI=0x000002351758b368, RDI=0x0000000000000c18
R8 =0x0000000000000000, R9 =0x00000234abbdb970, R10=0x00007ffbc77c0000, R11=0x00007ffbc77c15d5
R12=0x0000023517840de0, R13=0x00000049810fea98, R14=0x000002351758b280, R15=0x0000000000000030
RIP=0x00007ffb48193ac9, EFLAGS=0x0000000000010246


Register to memory mapping:

RAX=0x0 is null
RBX=0x0000023517840de8 points into unknown readable memory: 0x00007ffb488092e8 | e8 92 80 48 fb 7f 00 00
RCX=0x0000000000000016 is an unknown value
RDX=0x0 is null
RSP=0x00000049837ff5e0 points into unknown readable memory: 0x0000000002700000 | 00 00 70 02 00 00 00 00
RBP=0x0000000000000003 is an unknown value
RSI=0x000002351758b368 points into unknown readable memory: 0x0000000000000c18 | 18 0c 00 00 00 00 00 00
RDI=0x0000000000000c18 is an unknown value
R8 =0x0 is null
R9 =0x00000234abbdb970 points into unknown readable memory: 0x00007ffb488001b0 | b0 01 80 48 fb 7f 00 00
R10=0x00007ffbc77c0000 VCRUNTIME140.dll
R11=0x00007ffbc77c15d5 VCRUNTIME140.dll
R12=0x0000023517840de0 points into unknown readable memory: 0x00007ffb48809330 | 30 93 80 48 fb 7f 00 00
R13=0x00000049810fea98 points into unknown readable memory: 0x00000234abc73390 | 90 33 c7 ab 34 02 00 00
R14=0x000002351758b280 points into unknown readable memory: 0x0000000620049f80 | 80 9f 04 20 06 00 00 00
R15=0x0000000000000030 is an unknown value

Top of Stack: (sp=0x00000049837ff5e0)
0x00000049837ff5e0:   0000000002700000 000000036c9a0001
0x00000049837ff5f0:   0000000000000000 0000000000000070
0x00000049837ff600:   0000000000000004 00007ffb481944b5
0x00000049837ff610:   0000023517840de8 000003ffc0000000
0x00000049837ff620:   00000234a9870000 00007ffb48804950
0x00000049837ff630:   0000000000000000 00000049837ff6b0
0x00000049837ff640:   0000000000000009 0000023517610d00
0x00000049837ff650:   00000049810fe990 000000036c99a0f9
0x00000049837ff660:   00007ffb48804860 00000000027002f3
0x00000049837ff670:   000000036c9a39a1 00007ffb0000000b
0x00000049837ff680:   0000023517610d00 0000000000000009
0x00000049837ff690:   0000000000000000 0000000000000000
0x00000049837ff6a0:   0000000123000000 0000000000000000
0x00000049837ff6b0:   00007ffb48804860 0000000002700200
0x00000049837ff6c0:   0000000000000003 0000000000000004
0x00000049837ff6d0:   0000000000000000 0000b3678f495a32
0x00000049837ff6e0:   0000000000000000 00000235175408b0
0x00000049837ff6f0:   0000023517610d00 00000000000003d8
0x00000049837ff700:   0000023517540c98 0000023517840de0
0x00000049837ff710:   00000049810fe990 0000000000000009
0x00000049837ff720:   0000023517663d60 00007ffb4819418b
0x00000049837ff730:   0000023517663d60 0000000000000009
0x00000049837ff740:   00000049810fe990 0000000000000009
0x00000049837ff750:   0000000000000009 0000000000000008
0x00000049837ff760:   0000000000000005 00007ffb47ee0000
0x00000049837ff770:   0000000000000000 00007ffb484ec561
0x00000049837ff780:   0000000000000008 00000000000001e8
0x00000049837ff790:   0000000000000001 00007ffb47eecb4e
0x00000049837ff7a0:   0000000000000005 00007ffb47eef796
0x00000049837ff7b0:   0000000000000000 0000000000000008
0x00000049837ff7c0:   00007ffb48804870 0000000002700280
0x00000049837ff7d0:   000000036c9997ff 0000000000000003 

Instructions: (pc=0x00007ffb48193ac9)
0x00007ffb481939c9:   e2 4c 03 15 8f 75 85 00 4d 8b c2 49 8b 81 a0 05
0x00007ffb481939d9:   00 00 41 8b 89 b0 05 00 00 49 d3 e8 42 0f b7 14
0x00007ffb481939e9:   40 0f b7 c2 66 c1 e8 08 84 c0 78 3a 4d 8b 02 41
0x00007ffb481939f9:   0f b6 c0 24 03 3c 03 75 06 49 83 e0 fc eb 12 48
0x00007ffb48193a09:   8b 4b 10 4d 8b c8 4d 8b c2 e8 c9 1b ff ff 4c 8b
0x00007ffb48193a19:   c0 4c 2b 05 3f 75 85 00 8b 0d 41 75 85 00 49 d3
0x00007ffb48193a29:   e8 44 89 07 eb 37 3c fd 75 33 41 8b 89 18 02 00
0x00007ffb48193a39:   00 49 8b 81 10 02 00 00 48 d3 e0 8b 0d f6 04 8c
0x00007ffb48193a49:   00 4c 2b d0 49 8b 81 90 05 00 00 49 d3 ea 41 8b
0x00007ffb48193a59:   ca 80 7c 48 01 fd 75 05 c6 44 48 01 ff 48 8b 4b
0x00007ffb48193a69:   10 e8 e1 f4 fe ff 48 8b 5c 24 30 48 83 c4 20 5f
0x00007ffb48193a79:   c3 cc cc cc cc cc cc 48 89 5c 24 08 48 89 74 24
0x00007ffb48193a89:   10 57 48 83 ec 20 48 8b 3a 48 8b f2 48 8b d9 48
0x00007ffb48193a99:   85 ff 0f 84 b7 00 00 00 4c 8b 49 08 4c 8b c7 49
0x00007ffb48193aa9:   8b 81 a0 05 00 00 41 8b 89 b0 05 00 00 49 d3 e8
0x00007ffb48193ab9:   42 0f b7 14 40 0f b7 c2 66 c1 e8 08 84 c0 78 2c
0x00007ffb48193ac9:   48 8b 0f 0f b6 c1 24 03 3c 03 75 09 48 83 e1 fc
0x00007ffb48193ad9:   48 89 0e eb 71 4c 8b c9 4c 8b c7 48 8b 4b 10 e8
0x00007ffb48193ae9:   f3 1a ff ff 48 8b c8 48 89 06 eb 5a 3c fd 75 37
0x00007ffb48193af9:   41 8b 89 18 02 00 00 48 8b d7 49 8b 81 10 02 00
0x00007ffb48193b09:   00 48 d3 e0 8b 0d 2d 04 8c 00 48 2b d0 49 8b 81
0x00007ffb48193b19:   90 05 00 00 48 d3 ea 8b ca 80 7c 48 01 fd 75 17
0x00007ffb48193b29:   c6 44 48 01 ff eb 10 3c fc 75 0c 48 8b 4b 10 48
0x00007ffb48193b39:   8b d6 e8 90 f3 ff ff 8b 53 18 4c 8b c7 48 8b 4b
0x00007ffb48193b49:   28 e8 b1 3e fb ff 48 8b 4b 10 e8 f8 f3 fe ff 48
0x00007ffb48193b59:   8b 5c 24 30 48 8b 74 24 38 48 83 c4 20 5f c3 cc
0x00007ffb48193b69:   cc cc cc cc cc cc cc 48 89 5c 24 10 56 48 83 ec
0x00007ffb48193b79:   20 8b 02 48 8b f2 48 8b d9 85 c0 0f 84 e0 00 00
0x00007ffb48193b89:   00 8b 0d d8 73 85 00 4c 8b 43 08 48 89 7c 24 30
0x00007ffb48193b99:   8b f8 48 d3 e7 48 03 3d bb 73 85 00 49 8b 80 a0
0x00007ffb48193ba9:   05 00 00 48 8b d7 41 8b 88 b0 05 00 00 48 d3 ea
0x00007ffb48193bb9:   0f b7 14 50 0f b7 c2 66 c1 e8 08 84 c0 78 3a 4c 


Stack slot to memory mapping:

stack at sp + 0 slots: 0x0000000002700000 is an unknown value
stack at sp + 1 slots: 0x000000036c9a0001 is an unknown value
stack at sp + 2 slots: 0x0 is null
stack at sp + 3 slots: 0x0000000000000070 is an unknown value
stack at sp + 4 slots: 0x0000000000000004 is an unknown value
stack at sp + 5 slots: 0x00007ffb481944b5 jvm.dll
stack at sp + 6 slots: 0x0000023517840de8 points into unknown readable memory: 0x00007ffb488092e8 | e8 92 80 48 fb 7f 00 00
stack at sp + 7 slots: 0x000003ffc0000000 is an unknown value


---------------  P R O C E S S  ---------------

Threads class SMR info:
_java_thread_list=0x00000235175f3d50, length=24, elements={
0x00000234d08bb5d0, 0x00000234d08bd2f0, 0x00000234d08bfec0, 0x00000234d08c0b90,
0x00000234d08c15e0, 0x00000234d08c2030, 0x00000234d08c4dc0, 0x00000234d08d3740,
0x00000234d0a10bf0, 0x00000234d0a50d00, 0x00000234d0a57160, 0x00000234d0c78ba0,
0x00000234d0c7c8f0, 0x00000234d0c7fff0, 0x0000023516a13630, 0x0000023516a2de60,
0x0000023516a79170, 0x00000234a98a0590, 0x00000235175765b0, 0x0000023517604540,
0x0000023517608900, 0x000002351760a9d0, 0x000002351760b060, 0x000002351760b6f0
}

Java Threads: ( => current thread )
  0x00000234d08bb5d0 JavaThread "Reference Handler"          daemon [_thread_blocked, id=5052, stack(0x0000004981100000,0x0000004981200000) (1024K)]
  0x00000234d08bd2f0 JavaThread "Finalizer"                  daemon [_thread_blocked, id=724, stack(0x0000004981200000,0x0000004981300000) (1024K)]
  0x00000234d08bfec0 JavaThread "Signal Dispatcher"          daemon [_thread_blocked, id=5016, stack(0x0000004981300000,0x0000004981400000) (1024K)]
  0x00000234d08c0b90 JavaThread "Attach Listener"            daemon [_thread_blocked, id=11920, stack(0x0000004981400000,0x0000004981500000) (1024K)]
  0x00000234d08c15e0 JavaThread "Service Thread"             daemon [_thread_blocked, id=25624, stack(0x0000004981500000,0x0000004981600000) (1024K)]
  0x00000234d08c2030 JavaThread "Monitor Deflation Thread"   daemon [_thread_blocked, id=17796, stack(0x0000004981600000,0x0000004981700000) (1024K)]
  0x00000234d08c4dc0 JavaThread "C2 CompilerThread0"         daemon [_thread_blocked, id=4212, stack(0x0000004981700000,0x0000004981800000) (1024K)]
  0x00000234d08d3740 JavaThread "C1 CompilerThread0"         daemon [_thread_blocked, id=15068, stack(0x0000004981800000,0x0000004981900000) (1024K)]
  0x00000234d0a10bf0 JavaThread "C1 CompilerThread1"         daemon [_thread_blocked, id=3336, stack(0x0000004981900000,0x0000004981a00000) (1024K)]
  0x00000234d0a50d00 JavaThread "Notification Thread"        daemon [_thread_blocked, id=4528, stack(0x0000004981b00000,0x0000004981c00000) (1024K)]
  0x00000234d0a57160 JavaThread "Common-Cleaner"             daemon [_thread_blocked, id=29552, stack(0x0000004981c00000,0x0000004981d00000) (1024K)]
  0x00000234d0c78ba0 JavaThread "Java2D Disposer"            daemon [_thread_blocked, id=27160, stack(0x0000004981d00000,0x0000004981e00000) (1024K)]
  0x00000234d0c7c8f0 JavaThread "AWT-Shutdown"                      [_thread_blocked, id=14672, stack(0x0000004981e00000,0x0000004981f00000) (1024K)]
  0x00000234d0c7fff0 JavaThread "AWT-Windows"                daemon [_thread_in_native, id=29248, stack(0x0000004981f00000,0x0000004982000000) (1024K)]
  0x0000023516a13630 JavaThread "EventQueueMonitor-ComponentEvtDispatch" daemon [_thread_blocked, id=27988, stack(0x0000004982000000,0x0000004982100000) (1024K)]
  0x0000023516a2de60 JavaThread "Thread-1"                   daemon [_thread_in_native, id=25040, stack(0x0000004982100000,0x0000004982200000) (1024K)]
  0x0000023516a79170 JavaThread "AWT-EventQueue-0"                  [_thread_blocked, id=14948, stack(0x0000004982200000,0x0000004982300000) (1024K)]
  0x00000234a98a0590 JavaThread "DestroyJavaVM"                     [_thread_blocked, id=6860, stack(0x0000004980900000,0x0000004980a00000) (1024K)]
  0x00000235175765b0 JavaThread "HttpClient-1-SelectorManager" daemon [_thread_in_native, id=29436, stack(0x0000004982800000,0x0000004982900000) (1024K)]
  0x0000023517604540 JavaThread "HttpClient-1-Worker-0"      daemon [_thread_blocked, id=29040, stack(0x0000004982a00000,0x0000004982b00000) (1024K)]
  0x0000023517608900 JavaThread "HttpClient-1-Worker-1"      daemon [_thread_blocked, id=10856, stack(0x0000004982b00000,0x0000004982c00000) (1024K)]
  0x000002351760a9d0 JavaThread "HttpClient-1-Worker-2"      daemon [_thread_blocked, id=12572, stack(0x0000004982c00000,0x0000004982d00000) (1024K)]
  0x000002351760b060 JavaThread "TimerQueue"                 daemon [_thread_blocked, id=18164, stack(0x0000004982600000,0x0000004982700000) (1024K)]
  0x000002351760b6f0 JavaThread "Thread-3"                          [_thread_blocked, id=10208, stack(0x0000004984400000,0x0000004984500000) (1024K)]
Total: 24

Other Threads:
  0x00000234cfccd2b0 VMThread "VM Thread"                           [id=16896, stack(0x0000004981000000,0x0000004981100000) (1024K)]
  0x00000234cfcb99e0 WatcherThread "VM Periodic Task Thread"        [id=25768, stack(0x0000004980f00000,0x0000004981000000) (1024K)]
  0x00000234abc742e0 WorkerThread "GC Thread#0"                     [id=14060, stack(0x0000004980a00000,0x0000004980b00000) (1024K)]
  0x0000023517613fc0 WorkerThread "GC Thread#1"                     [id=24832, stack(0x0000004982d00000,0x0000004982e00000) (1024K)]
  0x0000023517614360 WorkerThread "GC Thread#2"                     [id=25744, stack(0x0000004982e00000,0x0000004982f00000) (1024K)]
  0x0000023517614700 WorkerThread "GC Thread#3"                     [id=10400, stack(0x0000004982f00000,0x0000004983000000) (1024K)]
  0x0000023517614aa0 WorkerThread "GC Thread#4"                     [id=26572, stack(0x0000004983000000,0x0000004983100000) (1024K)]
  0x0000023517614e40 WorkerThread "GC Thread#5"                     [id=10384, stack(0x0000004983100000,0x0000004983200000) (1024K)]
  0x00000235176151e0 WorkerThread "GC Thread#6"                     [id=24656, stack(0x0000004983200000,0x0000004983300000) (1024K)]
  0x0000023517616b90 WorkerThread "GC Thread#7"                     [id=5744, stack(0x0000004983300000,0x0000004983400000) (1024K)]
  0x00000235176167f0 WorkerThread "GC Thread#8"                     [id=5344, stack(0x0000004983400000,0x0000004983500000) (1024K)]
  0x00000235176160b0 WorkerThread "GC Thread#9"                     [id=22948, stack(0x0000004983500000,0x0000004983600000) (1024K)]
  0x0000023517616f30 WorkerThread "GC Thread#10"                    [id=5352, stack(0x0000004983600000,0x0000004983700000) (1024K)]
=>0x0000023517616450 WorkerThread "GC Thread#11"                    [id=19080, stack(0x0000004983700000,0x0000004983800000) (1024K)]
  0x00000235176155d0 WorkerThread "GC Thread#12"                    [id=6712, stack(0x0000004983800000,0x0000004983900000) (1024K)]
  0x00000234abc85210 ConcurrentGCThread "G1 Main Marker"            [id=1236, stack(0x0000004980b00000,0x0000004980c00000) (1024K)]
  0x00000234abc862c0 WorkerThread "G1 Conc#0"                       [id=6224, stack(0x0000004980c00000,0x0000004980d00000) (1024K)]
  0x00000234cfb77530 ConcurrentGCThread "G1 Refine#0"               [id=25544, stack(0x0000004980d00000,0x0000004980e00000) (1024K)]
  0x00000234cfb77ac0 ConcurrentGCThread "G1 Service"                [id=5732, stack(0x0000004980e00000,0x0000004980f00000) (1024K)]
Total: 19

Threads with active compile tasks:
Total: 0

VM state: at safepoint (normal execution)

VM Mutex/Monitor currently owned by a thread:  ([mutex/lock_event])
[0x00007ffb48a6be98] Threads_lock - owner thread: 0x00000234cfccd2b0
[0x00007ffb48a6bf98] Heap_lock - owner thread: 0x000002351760b6f0

Heap address: 0x0000000600c00000, size: 8180 MB, Compressed Oops mode: Zero based, Oop shift amount: 3

CDS archive(s) mapped at: [0x00000234d1000000-0x00000234d1c90000-0x00000234d1c90000), size 13172736, SharedBaseAddress: 0x00000234d1000000, ArchiveRelocationMode: 1.
Compressed class space mapped at: 0x00000234d2000000-0x0000023512000000, reserved size: 1073741824
Narrow klass base: 0x00000234d1000000, Narrow klass shift: 0, Narrow klass range: 0x100000000

GC Precious Log:
 CardTable entry size: 512
 Card Set container configuration: InlinePtr #cards 4 size 8 Array Of Cards #cards 32 size 80 Howl #buckets 8 coarsen threshold 7372 Howl Bitmap #cards 1024 size 144 coarsen threshold 921 Card regions per heap region 1 cards per card region 8192
 CPUs: 16 total, 16 available
 Memory: 32709M
 Large Page Support: Disabled
 NUMA Support: Disabled
 Compressed Oops: Enabled (Zero based)
 Heap Region Size: 4M
 Heap Min Capacity: 8M
 Heap Initial Capacity: 512M
 Heap Max Capacity: 8180M
 Pre-touch: Disabled
 Parallel Workers: 13
 Concurrent Workers: 3
 Concurrent Refinement Workers: 13
 Periodic GC: Disabled

Heap:
 garbage-first heap   total 524288K, used 242030K [0x0000000600c00000, 0x0000000800000000)
  region size 4096K, 3 young (12288K), 1 survivors (4096K)
 Metaspace       used 16463K, committed 16832K, reserved 1114112K
  class space    used 1808K, committed 1984K, reserved 1048576K

Heap Regions: E=young(eden), S=young(survivor), O=old, HS=humongous(starts), HC=humongous(continues), CS=collection set, F=free, TAMS=top-at-mark-start, PB=parsable bottom
|   0|0x0000000600c00000, 0x0000000601000000, 0x0000000601000000|100%| O|  |TAMS 0x0000000601000000| PB 0x0000000600c00000| Untracked 
|   1|0x0000000601000000, 0x0000000601400000, 0x0000000601400000|100%| O|  |TAMS 0x00000006012dc958| PB 0x0000000601000000| Untracked 
|   2|0x0000000601400000, 0x0000000601800000, 0x0000000601800000|100%|HS|  |TAMS 0x0000000601800000| PB 0x0000000601400000| Complete 
|   3|0x0000000601800000, 0x0000000601c00000, 0x0000000601c00000|100%|HS|  |TAMS 0x0000000601c00000| PB 0x0000000601800000| Complete 
|   4|0x0000000601c00000, 0x0000000602000000, 0x0000000602000000|100%|HS|  |TAMS 0x0000000602000000| PB 0x0000000601c00000| Complete 
|   5|0x0000000602000000, 0x0000000602400000, 0x0000000602400000|100%|HS|  |TAMS 0x0000000602400000| PB 0x0000000602000000| Complete 
|   6|0x0000000602400000, 0x0000000602800000, 0x0000000602800000|100%|HS|  |TAMS 0x0000000602800000| PB 0x0000000602400000| Complete 
|   7|0x0000000602800000, 0x0000000602c00000, 0x0000000602c00000|100%|HS|  |TAMS 0x0000000602c00000| PB 0x0000000602800000| Complete 
|   8|0x0000000602c00000, 0x0000000603000000, 0x0000000603000000|100%|HS|  |TAMS 0x0000000603000000| PB 0x0000000602c00000| Complete 
|   9|0x0000000603000000, 0x0000000603400000, 0x0000000603400000|100%|HS|  |TAMS 0x0000000603400000| PB 0x0000000603000000| Complete 
|  10|0x0000000603400000, 0x0000000603800000, 0x0000000603800000|100%|HS|  |TAMS 0x0000000603800000| PB 0x0000000603400000| Complete 
|  11|0x0000000603800000, 0x0000000603c00000, 0x0000000603c00000|100%|HS|  |TAMS 0x0000000603c00000| PB 0x0000000603800000| Complete 
|  12|0x0000000603c00000, 0x0000000604000000, 0x0000000604000000|100%|HS|  |TAMS 0x0000000604000000| PB 0x0000000603c00000| Complete 
|  13|0x0000000604000000, 0x0000000604400000, 0x0000000604400000|100%|HS|  |TAMS 0x0000000604400000| PB 0x0000000604000000| Complete 
|  14|0x0000000604400000, 0x0000000604800000, 0x0000000604800000|100%|HS|  |TAMS 0x0000000604800000| PB 0x0000000604400000| Complete 
|  15|0x0000000604800000, 0x0000000604c00000, 0x0000000604c00000|100%|HS|  |TAMS 0x0000000604c00000| PB 0x0000000604800000| Complete 
|  16|0x0000000604c00000, 0x0000000605000000, 0x0000000605000000|100%|HS|  |TAMS 0x0000000605000000| PB 0x0000000604c00000| Complete 
|  17|0x0000000605000000, 0x0000000605400000, 0x0000000605400000|100%|HS|  |TAMS 0x0000000605400000| PB 0x0000000605000000| Complete 
|  18|0x0000000605400000, 0x0000000605800000, 0x0000000605800000|100%|HS|  |TAMS 0x0000000605800000| PB 0x0000000605400000| Complete 
|  19|0x0000000605800000, 0x0000000605c00000, 0x0000000605c00000|100%|HS|  |TAMS 0x0000000605c00000| PB 0x0000000605800000| Complete 
|  20|0x0000000605c00000, 0x0000000606000000, 0x0000000606000000|100%|HS|  |TAMS 0x0000000606000000| PB 0x0000000605c00000| Complete 
|  21|0x0000000606000000, 0x0000000606400000, 0x0000000606400000|100%|HS|  |TAMS 0x0000000606400000| PB 0x0000000606000000| Complete 
|  22|0x0000000606400000, 0x0000000606800000, 0x0000000606800000|100%|HS|  |TAMS 0x0000000606800000| PB 0x0000000606400000| Complete 
|  23|0x0000000606800000, 0x0000000606c00000, 0x0000000606c00000|100%|HS|  |TAMS 0x0000000606c00000| PB 0x0000000606800000| Complete 
|  24|0x0000000606c00000, 0x0000000607000000, 0x0000000607000000|100%|HS|  |TAMS 0x0000000607000000| PB 0x0000000606c00000| Complete 
|  25|0x0000000607000000, 0x0000000607400000, 0x0000000607400000|100%|HS|  |TAMS 0x0000000607400000| PB 0x0000000607000000| Complete 
|  26|0x0000000607400000, 0x0000000607800000, 0x0000000607800000|100%|HS|  |TAMS 0x0000000607800000| PB 0x0000000607400000| Complete 
|  27|0x0000000607800000, 0x0000000607c00000, 0x0000000607c00000|100%|HS|  |TAMS 0x0000000607c00000| PB 0x0000000607800000| Complete 
|  28|0x0000000607c00000, 0x0000000608000000, 0x0000000608000000|100%|HS|  |TAMS 0x0000000608000000| PB 0x0000000607c00000| Complete 
|  29|0x0000000608000000, 0x0000000608400000, 0x0000000608400000|100%|HS|  |TAMS 0x0000000608400000| PB 0x0000000608000000| Complete 
|  30|0x0000000608400000, 0x0000000608800000, 0x0000000608800000|100%|HS|  |TAMS 0x0000000608800000| PB 0x0000000608400000| Complete 
|  31|0x0000000608800000, 0x0000000608c00000, 0x0000000608c00000|100%|HS|  |TAMS 0x0000000608c00000| PB 0x0000000608800000| Complete 
|  32|0x0000000608c00000, 0x0000000609000000, 0x0000000609000000|100%|HS|  |TAMS 0x0000000609000000| PB 0x0000000608c00000| Complete 
|  33|0x0000000609000000, 0x0000000609400000, 0x0000000609400000|100%|HS|  |TAMS 0x0000000609400000| PB 0x0000000609000000| Complete 
|  34|0x0000000609400000, 0x0000000609800000, 0x0000000609800000|100%|HS|  |TAMS 0x0000000609800000| PB 0x0000000609400000| Complete 
|  35|0x0000000609800000, 0x0000000609c00000, 0x0000000609c00000|100%|HS|  |TAMS 0x0000000609c00000| PB 0x0000000609800000| Complete 
|  36|0x0000000609c00000, 0x000000060a000000, 0x000000060a000000|100%|HS|  |TAMS 0x000000060a000000| PB 0x0000000609c00000| Complete 
|  37|0x000000060a000000, 0x000000060a400000, 0x000000060a400000|100%|HS|  |TAMS 0x000000060a400000| PB 0x000000060a000000| Complete 
|  38|0x000000060a400000, 0x000000060a800000, 0x000000060a800000|100%|HS|  |TAMS 0x000000060a800000| PB 0x000000060a400000| Complete 
|  39|0x000000060a800000, 0x000000060ac00000, 0x000000060ac00000|100%|HS|  |TAMS 0x000000060ac00000| PB 0x000000060a800000| Complete 
|  40|0x000000060ac00000, 0x000000060b000000, 0x000000060b000000|100%|HS|  |TAMS 0x000000060b000000| PB 0x000000060ac00000| Complete 
|  41|0x000000060b000000, 0x000000060b400000, 0x000000060b400000|100%|HS|  |TAMS 0x000000060b400000| PB 0x000000060b000000| Complete 
|  42|0x000000060b400000, 0x000000060b800000, 0x000000060b800000|100%|HS|  |TAMS 0x000000060b800000| PB 0x000000060b400000| Complete 
|  43|0x000000060b800000, 0x000000060bc00000, 0x000000060bc00000|100%|HS|  |TAMS 0x000000060bc00000| PB 0x000000060b800000| Complete 
|  44|0x000000060bc00000, 0x000000060c000000, 0x000000060c000000|100%|HS|  |TAMS 0x000000060c000000| PB 0x000000060bc00000| Complete 
|  45|0x000000060c000000, 0x000000060c400000, 0x000000060c400000|100%|HS|  |TAMS 0x000000060c400000| PB 0x000000060c000000| Complete 
|  46|0x000000060c400000, 0x000000060c800000, 0x000000060c800000|100%|HS|  |TAMS 0x000000060c800000| PB 0x000000060c400000| Complete 
|  47|0x000000060c800000, 0x000000060cc00000, 0x000000060cc00000|100%|HS|  |TAMS 0x000000060cc00000| PB 0x000000060c800000| Complete 
|  48|0x000000060cc00000, 0x000000060d000000, 0x000000060d000000|100%|HS|  |TAMS 0x000000060d000000| PB 0x000000060cc00000| Complete 
|  49|0x000000060d000000, 0x000000060d400000, 0x000000060d400000|100%|HS|  |TAMS 0x000000060d400000| PB 0x000000060d000000| Complete 
|  50|0x000000060d400000, 0x000000060d800000, 0x000000060d800000|100%|HS|  |TAMS 0x000000060d800000| PB 0x000000060d400000| Complete 
|  51|0x000000060d800000, 0x000000060dc00000, 0x000000060dc00000|100%|HS|  |TAMS 0x000000060dc00000| PB 0x000000060d800000| Complete 
|  52|0x000000060dc00000, 0x000000060e000000, 0x000000060e000000|100%|HS|  |TAMS 0x000000060e000000| PB 0x000000060dc00000| Complete 
|  53|0x000000060e000000, 0x000000060e400000, 0x000000060e400000|100%|HS|  |TAMS 0x000000060e400000| PB 0x000000060e000000| Complete 
|  54|0x000000060e400000, 0x000000060e800000, 0x000000060e800000|100%|HS|  |TAMS 0x000000060e800000| PB 0x000000060e400000| Complete 
|  55|0x000000060e800000, 0x000000060ec00000, 0x000000060ec00000|100%|HS|  |TAMS 0x000000060ec00000| PB 0x000000060e800000| Complete 
|  56|0x000000060ec00000, 0x000000060f000000, 0x000000060f000000|100%|HS|  |TAMS 0x000000060f000000| PB 0x000000060ec00000| Complete 
|  57|0x000000060f000000, 0x000000060f400000, 0x000000060f400000|100%| O|  |TAMS 0x000000060f000000| PB 0x000000060f000000| Untracked 
|  58|0x000000060f400000, 0x000000060f6577f8, 0x000000060f800000| 58%| O|  |TAMS 0x000000060f400000| PB 0x000000060f400000| Untracked 
|  59|0x000000060f800000, 0x000000060f800000, 0x000000060fc00000|  0%| F|  |TAMS 0x000000060f800000| PB 0x000000060f800000| Untracked 
|  60|0x000000060fc00000, 0x000000060fc00000, 0x0000000610000000|  0%| F|  |TAMS 0x000000060fc00000| PB 0x000000060fc00000| Untracked 
|  61|0x0000000610000000, 0x0000000610000000, 0x0000000610400000|  0%| F|  |TAMS 0x0000000610000000| PB 0x0000000610000000| Untracked 
|  62|0x0000000610400000, 0x0000000610400000, 0x0000000610800000|  0%| F|  |TAMS 0x0000000610400000| PB 0x0000000610400000| Untracked 
|  63|0x0000000610800000, 0x0000000610800000, 0x0000000610c00000|  0%| F|  |TAMS 0x0000000610800000| PB 0x0000000610800000| Untracked 
|  64|0x0000000610c00000, 0x0000000610c00000, 0x0000000611000000|  0%| F|  |TAMS 0x0000000610c00000| PB 0x0000000610c00000| Untracked 
|  65|0x0000000611000000, 0x0000000611000000, 0x0000000611400000|  0%| F|  |TAMS 0x0000000611000000| PB 0x0000000611000000| Untracked 
|  66|0x0000000611400000, 0x0000000611400000, 0x0000000611800000|  0%| F|  |TAMS 0x0000000611400000| PB 0x0000000611400000| Untracked 
|  67|0x0000000611800000, 0x0000000611800000, 0x0000000611c00000|  0%| F|  |TAMS 0x0000000611800000| PB 0x0000000611800000| Untracked 
|  68|0x0000000611c00000, 0x0000000611c00000, 0x0000000612000000|  0%| F|  |TAMS 0x0000000611c00000| PB 0x0000000611c00000| Untracked 
|  69|0x0000000612000000, 0x0000000612000000, 0x0000000612400000|  0%| F|  |TAMS 0x0000000612000000| PB 0x0000000612000000| Untracked 
|  70|0x0000000612400000, 0x0000000612400000, 0x0000000612800000|  0%| F|  |TAMS 0x0000000612400000| PB 0x0000000612400000| Untracked 
|  71|0x0000000612800000, 0x0000000612800000, 0x0000000612c00000|  0%| F|  |TAMS 0x0000000612800000| PB 0x0000000612800000| Untracked 
|  72|0x0000000612c00000, 0x0000000612c00000, 0x0000000613000000|  0%| F|  |TAMS 0x0000000612c00000| PB 0x0000000612c00000| Untracked 
|  73|0x0000000613000000, 0x0000000613000000, 0x0000000613400000|  0%| F|  |TAMS 0x0000000613000000| PB 0x0000000613000000| Untracked 
|  74|0x0000000613400000, 0x0000000613400000, 0x0000000613800000|  0%| F|  |TAMS 0x0000000613400000| PB 0x0000000613400000| Untracked 
|  75|0x0000000613800000, 0x0000000613800000, 0x0000000613c00000|  0%| F|  |TAMS 0x0000000613800000| PB 0x0000000613800000| Untracked 
|  76|0x0000000613c00000, 0x0000000613c00000, 0x0000000614000000|  0%| F|  |TAMS 0x0000000613c00000| PB 0x0000000613c00000| Untracked 
|  77|0x0000000614000000, 0x0000000614000000, 0x0000000614400000|  0%| F|  |TAMS 0x0000000614000000| PB 0x0000000614000000| Untracked 
|  78|0x0000000614400000, 0x0000000614400000, 0x0000000614800000|  0%| F|  |TAMS 0x0000000614400000| PB 0x0000000614400000| Untracked 
|  79|0x0000000614800000, 0x0000000614800000, 0x0000000614c00000|  0%| F|  |TAMS 0x0000000614800000| PB 0x0000000614800000| Untracked 
|  80|0x0000000614c00000, 0x0000000614c00000, 0x0000000615000000|  0%| F|  |TAMS 0x0000000614c00000| PB 0x0000000614c00000| Untracked 
|  81|0x0000000615000000, 0x0000000615000000, 0x0000000615400000|  0%| F|  |TAMS 0x0000000615000000| PB 0x0000000615000000| Untracked 
|  82|0x0000000615400000, 0x0000000615400000, 0x0000000615800000|  0%| F|  |TAMS 0x0000000615400000| PB 0x0000000615400000| Untracked 
|  83|0x0000000615800000, 0x0000000615800000, 0x0000000615c00000|  0%| F|  |TAMS 0x0000000615800000| PB 0x0000000615800000| Untracked 
|  84|0x0000000615c00000, 0x0000000615c00000, 0x0000000616000000|  0%| F|  |TAMS 0x0000000615c00000| PB 0x0000000615c00000| Untracked 
|  85|0x0000000616000000, 0x0000000616000000, 0x0000000616400000|  0%| F|  |TAMS 0x0000000616000000| PB 0x0000000616000000| Untracked 
|  86|0x0000000616400000, 0x0000000616400000, 0x0000000616800000|  0%| F|  |TAMS 0x0000000616400000| PB 0x0000000616400000| Untracked 
|  87|0x0000000616800000, 0x0000000616800000, 0x0000000616c00000|  0%| F|  |TAMS 0x0000000616800000| PB 0x0000000616800000| Untracked 
|  88|0x0000000616c00000, 0x0000000616c00000, 0x0000000617000000|  0%| F|  |TAMS 0x0000000616c00000| PB 0x0000000616c00000| Untracked 
|  89|0x0000000617000000, 0x0000000617000000, 0x0000000617400000|  0%| F|  |TAMS 0x0000000617000000| PB 0x0000000617000000| Untracked 
|  90|0x0000000617400000, 0x0000000617400000, 0x0000000617800000|  0%| F|  |TAMS 0x0000000617400000| PB 0x0000000617400000| Untracked 
|  91|0x0000000617800000, 0x0000000617800000, 0x0000000617c00000|  0%| F|  |TAMS 0x0000000617800000| PB 0x0000000617800000| Untracked 
|  92|0x0000000617c00000, 0x0000000617c00000, 0x0000000618000000|  0%| F|  |TAMS 0x0000000617c00000| PB 0x0000000617c00000| Untracked 
|  93|0x0000000618000000, 0x0000000618000000, 0x0000000618400000|  0%| F|  |TAMS 0x0000000618000000| PB 0x0000000618000000| Untracked 
|  94|0x0000000618400000, 0x0000000618400000, 0x0000000618800000|  0%| F|  |TAMS 0x0000000618400000| PB 0x0000000618400000| Untracked 
|  95|0x0000000618800000, 0x0000000618800000, 0x0000000618c00000|  0%| F|  |TAMS 0x0000000618800000| PB 0x0000000618800000| Untracked 
|  96|0x0000000618c00000, 0x0000000618c00000, 0x0000000619000000|  0%| F|  |TAMS 0x0000000618c00000| PB 0x0000000618c00000| Untracked 
|  97|0x0000000619000000, 0x0000000619000000, 0x0000000619400000|  0%| F|  |TAMS 0x0000000619000000| PB 0x0000000619000000| Untracked 
|  98|0x0000000619400000, 0x0000000619400000, 0x0000000619800000|  0%| F|  |TAMS 0x0000000619400000| PB 0x0000000619400000| Untracked 
|  99|0x0000000619800000, 0x0000000619800000, 0x0000000619c00000|  0%| F|  |TAMS 0x0000000619800000| PB 0x0000000619800000| Untracked 
| 100|0x0000000619c00000, 0x0000000619c00000, 0x000000061a000000|  0%| F|  |TAMS 0x0000000619c00000| PB 0x0000000619c00000| Untracked 
| 101|0x000000061a000000, 0x000000061a000000, 0x000000061a400000|  0%| F|  |TAMS 0x000000061a000000| PB 0x000000061a000000| Untracked 
| 102|0x000000061a400000, 0x000000061a400000, 0x000000061a800000|  0%| F|  |TAMS 0x000000061a400000| PB 0x000000061a400000| Untracked 
| 103|0x000000061a800000, 0x000000061a800000, 0x000000061ac00000|  0%| F|  |TAMS 0x000000061a800000| PB 0x000000061a800000| Untracked 
| 104|0x000000061ac00000, 0x000000061ac00000, 0x000000061b000000|  0%| F|  |TAMS 0x000000061ac00000| PB 0x000000061ac00000| Untracked 
| 105|0x000000061b000000, 0x000000061b000000, 0x000000061b400000|  0%| F|  |TAMS 0x000000061b000000| PB 0x000000061b000000| Untracked 
| 106|0x000000061b400000, 0x000000061b400000, 0x000000061b800000|  0%| F|  |TAMS 0x000000061b400000| PB 0x000000061b400000| Untracked 
| 107|0x000000061b800000, 0x000000061b800000, 0x000000061bc00000|  0%| F|  |TAMS 0x000000061b800000| PB 0x000000061b800000| Untracked 
| 108|0x000000061bc00000, 0x000000061bc00000, 0x000000061c000000|  0%| F|  |TAMS 0x000000061bc00000| PB 0x000000061bc00000| Untracked 
| 109|0x000000061c000000, 0x000000061c000000, 0x000000061c400000|  0%| F|  |TAMS 0x000000061c000000| PB 0x000000061c000000| Untracked 
| 110|0x000000061c400000, 0x000000061c400000, 0x000000061c800000|  0%| F|  |TAMS 0x000000061c400000| PB 0x000000061c400000| Untracked 
| 111|0x000000061c800000, 0x000000061c800000, 0x000000061cc00000|  0%| F|  |TAMS 0x000000061c800000| PB 0x000000061c800000| Untracked 
| 112|0x000000061cc00000, 0x000000061cc00000, 0x000000061d000000|  0%| F|  |TAMS 0x000000061cc00000| PB 0x000000061cc00000| Untracked 
| 113|0x000000061d000000, 0x000000061d000000, 0x000000061d400000|  0%| F|  |TAMS 0x000000061d000000| PB 0x000000061d000000| Untracked 
| 114|0x000000061d400000, 0x000000061d400000, 0x000000061d800000|  0%| F|  |TAMS 0x000000061d400000| PB 0x000000061d400000| Untracked 
| 115|0x000000061d800000, 0x000000061d800000, 0x000000061dc00000|  0%| F|  |TAMS 0x000000061d800000| PB 0x000000061d800000| Untracked 
| 116|0x000000061dc00000, 0x000000061dc00000, 0x000000061e000000|  0%| F|  |TAMS 0x000000061dc00000| PB 0x000000061dc00000| Untracked 
| 117|0x000000061e000000, 0x000000061e000000, 0x000000061e400000|  0%| F|  |TAMS 0x000000061e000000| PB 0x000000061e000000| Untracked 
| 118|0x000000061e400000, 0x000000061e400000, 0x000000061e800000|  0%| F|  |TAMS 0x000000061e400000| PB 0x000000061e400000| Untracked 
| 119|0x000000061e800000, 0x000000061e800000, 0x000000061ec00000|  0%| F|  |TAMS 0x000000061e800000| PB 0x000000061e800000| Untracked 
| 120|0x000000061ec00000, 0x000000061ec00000, 0x000000061f000000|  0%| F|  |TAMS 0x000000061ec00000| PB 0x000000061ec00000| Untracked 
| 121|0x000000061f000000, 0x000000061f400000, 0x000000061f400000|100%| E|CS|TAMS 0x000000061f000000| PB 0x000000061f000000| Complete 
| 122|0x000000061f400000, 0x000000061f400000, 0x000000061f800000|  0%| F|  |TAMS 0x000000061f400000| PB 0x000000061f400000| Untracked 
| 123|0x000000061f800000, 0x000000061f800000, 0x000000061fc00000|  0%| F|  |TAMS 0x000000061f800000| PB 0x000000061f800000| Untracked 
| 124|0x000000061fc00000, 0x000000061fc00000, 0x0000000620000000|  0%| F|  |TAMS 0x000000061fc00000| PB 0x000000061fc00000| Untracked 
| 125|0x0000000620000000, 0x0000000620081720, 0x0000000620400000| 12%| S|  |TAMS 0x0000000620000000| PB 0x0000000620000000| Complete 
| 126|0x0000000620400000, 0x000000062057eff8, 0x0000000620800000| 37%| E|CS|TAMS 0x0000000620400000| PB 0x0000000620400000| Complete 
| 127|0x0000000620800000, 0x0000000620c00000, 0x0000000620c00000|100%| E|CS|TAMS 0x0000000620800000| PB 0x0000000620800000| Complete 

Card table byte_map: [0x00000234c48e0000,0x00000234c58e0000] _byte_map_base: 0x00000234c18da000

Marking Bits: (CMBitMap*) 0x00000234abc747f0
 Bits: [0x00000234c58e0000, 0x00000234cd8b0000)

Polling page: 0x00000234a9840000

Metaspace:

Usage:
  Non-class:     14.31 MB used.
      Class:      1.77 MB used.
       Both:     16.08 MB used.

Virtual space:
  Non-class space:       64.00 MB reserved,      14.50 MB ( 23%) committed,  1 nodes.
      Class space:        1.00 GB reserved,       1.94 MB ( <1%) committed,  1 nodes.
             Both:        1.06 GB reserved,      16.44 MB (  2%) committed. 

Chunk freelists:
   Non-Class:  608.00 KB
       Class:  13.98 MB
        Both:  14.58 MB

MaxMetaspaceSize: unlimited
CompressedClassSpaceSize: 1.00 GB
Initial GC threshold: 21.00 MB
Current GC threshold: 21.00 MB
CDS: on
 - commit_granule_bytes: 65536.
 - commit_granule_words: 8192.
 - virtual_space_node_default_size: 8388608.
 - enlarge_chunks_in_place: 1.
 - use_allocation_guard: 0.


Internal statistics:

num_allocs_failed_limit: 0.
num_arena_births: 344.
num_arena_deaths: 0.
num_vsnodes_births: 2.
num_vsnodes_deaths: 0.
num_space_committed: 263.
num_space_uncommitted: 0.
num_chunks_returned_to_freelist: 0.
num_chunks_taken_from_freelist: 587.
num_chunk_merges: 0.
num_chunk_splits: 334.
num_chunks_enlarged: 156.
num_inconsistent_stats: 0.

CodeHeap 'non-profiled nmethods': size=119168Kb used=583Kb max_used=583Kb free=118584Kb
 bounds [0x00000234bbc00000, 0x00000234bbe70000, 0x00000234c3060000]
CodeHeap 'profiled nmethods': size=119104Kb used=4052Kb max_used=4052Kb free=115051Kb
 bounds [0x00000234b4060000, 0x00000234b4460000, 0x00000234bb4b0000]
CodeHeap 'non-nmethods': size=7488Kb used=2210Kb max_used=2793Kb free=5277Kb
 bounds [0x00000234bb4b0000, 0x00000234bb780000, 0x00000234bbc00000]
 total_blobs=2776 nmethods=2087 adapters=592
 compilation: enabled
              stopped_count=0, restarted_count=0
 full_count=0

Compilation events (20 events):
Event: 1.968 Thread 0x00000234d0a10bf0 nmethod 2078 0x00000234b4452110 code [0x00000234b44522e0, 0x00000234b4452628]
Event: 1.968 Thread 0x00000234d0a160c0 nmethod 2077 0x00000234b4452710 code [0x00000234b4452900, 0x00000234b4452ef8]
Event: 1.975 Thread 0x00000234d0a160c0 2079       3       java.util.HashSet::remove (20 bytes)
Event: 1.975 Thread 0x00000234d0a160c0 nmethod 2079 0x00000234b4453090 code [0x00000234b4453240, 0x00000234b4453480]
Event: 1.976 Thread 0x00000234d08c4dc0 2080       4       javax.swing.JComponent::contains (27 bytes)
Event: 1.976 Thread 0x00000234d08c4dc0 nmethod 2080 0x00000234bbc90190 code [0x00000234bbc90300, 0x00000234bbc903e8]
Event: 2.003 Thread 0x00000234d08d3740 2081       3       java.util.jar.JarFile::maybeInstantiateVerifier (42 bytes)
Event: 2.003 Thread 0x00000234d08d3740 nmethod 2081 0x00000234b4453590 code [0x00000234b4453760, 0x00000234b4453ae0]
Event: 2.003 Thread 0x00000234d08c4dc0 2082       4       jdk.internal.misc.Unsafe::weakCompareAndSetInt (11 bytes)
Event: 2.004 Thread 0x00000234d08c4dc0 nmethod 2082 0x00000234bbc90490 code [0x00000234bbc90600, 0x00000234bbc90698]
Event: 2.031 Thread 0x00000234d08c4dc0 2083       4       sun.awt.AppContext::getAppContext (51 bytes)
Event: 2.031 Thread 0x00000234d08c4dc0 nmethod 2083 0x00000234bbc90790 code [0x00000234bbc90920, 0x00000234bbc909e8]
Event: 2.195 Thread 0x00000234d08c4dc0 2084       4       java.lang.Object::equals (11 bytes)
Event: 2.196 Thread 0x00000234d08c4dc0 nmethod 2084 0x00000234bbc90a90 code [0x00000234bbc90c00, 0x00000234bbc90c90]
Event: 3.089 Thread 0x00000234d0a10bf0 2085       3       java.security.AccessControlContext::optimize (319 bytes)
Event: 3.089 Thread 0x00000234d0a10bf0 nmethod 2085 0x00000234b4453c10 code [0x00000234b4453f00, 0x00000234b4454e00]
Event: 3.166 Thread 0x00000234d08c4dc0 2086       4       java.security.AccessControlContext::combine (205 bytes)
Event: 3.172 Thread 0x00000234d08c4dc0 nmethod 2086 0x00000234bbc90d90 code [0x00000234bbc90f40, 0x00000234bbc91830]
Event: 3.185 Thread 0x00000234d08d3740 2087       1       java.awt.AWTEvent::isConsumed (5 bytes)
Event: 3.185 Thread 0x00000234d08d3740 nmethod 2087 0x00000234bbc91b90 code [0x00000234bbc91d20, 0x00000234bbc91df0]

GC Heap History (3 events):
Event: 1.362 GC heap before
{Heap before GC invocations=0 (full 0):
 garbage-first heap   total 524288K, used 20480K [0x0000000600c00000, 0x0000000800000000)
  region size 4096K, 6 young (24576K), 0 survivors (0K)
 Metaspace       used 14804K, committed 15104K, reserved 1114112K
  class space    used 1590K, committed 1728K, reserved 1048576K
}
Event: 1.365 GC heap after
{Heap after GC invocations=1 (full 0):
 garbage-first heap   total 524288K, used 11122K [0x0000000600c00000, 0x0000000800000000)
  region size 4096K, 1 young (4096K), 1 survivors (4096K)
 Metaspace       used 14804K, committed 15104K, reserved 1114112K
  class space    used 1590K, committed 1728K, reserved 1048576K
}
Event: 4.089 GC heap before
{Heap before GC invocations=1 (full 0):
 garbage-first heap   total 524288K, used 240498K [0x0000000600c00000, 0x0000000800000000)
  region size 4096K, 3 young (12288K), 1 survivors (4096K)
 Metaspace       used 16463K, committed 16832K, reserved 1114112K
  class space    used 1808K, committed 1984K, reserved 1048576K
}

Dll operation events (13 events):
Event: 0.004 Loaded shared library C:\Program Files\Java\jdk-21\bin\java.dll
Event: 0.023 Loaded shared library C:\Program Files\Java\jdk-21\bin\jsvml.dll
Event: 0.040 Loaded shared library C:\Program Files\Java\jdk-21\bin\net.dll
Event: 0.041 Loaded shared library C:\Program Files\Java\jdk-21\bin\nio.dll
Event: 0.044 Loaded shared library C:\Program Files\Java\jdk-21\bin\zip.dll
Event: 0.057 Loaded shared library C:\Program Files\Java\jdk-21\bin\jimage.dll
Event: 0.069 Loaded shared library C:\Program Files\Java\jdk-21\bin\awt.dll
Event: 0.114 Loaded shared library C:\Program Files\Java\jdk-21\bin\javaaccessbridge.dll
Event: 0.178 Loaded shared library C:\Program Files\Java\jdk-21\bin\freetype.dll
Event: 0.178 Loaded shared library C:\Program Files\Java\jdk-21\bin\fontmanager.dll
Event: 1.301 Loaded shared library C:\Program Files\Java\jdk-21\bin\sunmscapi.dll
Event: 1.322 Loaded shared library C:\Program Files\Java\jdk-21\bin\extnet.dll
Event: 1.632 Loaded shared library C:\Users\david\AppData\Local\Temp\webrtc-java15414234005607554300.dll

Deoptimization events (20 events):
Event: 1.338 Thread 0x0000023516a79170 Uncommon trap: trap_request=0xffffff45 fr.pc=0x00000234bbc766f8 relative=0x0000000000000f98
Event: 1.338 Thread 0x0000023516a79170 Uncommon trap: reason=unstable_if action=reinterpret pc=0x00000234bbc766f8 method=java.util.concurrent.ConcurrentHashMap.putVal(Ljava/lang/Object;Ljava/lang/Object;Z)Ljava/lang/Object; @ 148 c2
Event: 1.338 Thread 0x0000023516a79170 DEOPT PACKING pc=0x00000234bbc766f8 sp=0x00000049822fd410
Event: 1.338 Thread 0x0000023516a79170 DEOPT UNPACKING pc=0x00000234bb5046a2 sp=0x00000049822fd390 mode 2
Event: 1.365 Thread 0x0000023517608900 Uncommon trap: trap_request=0xffffff45 fr.pc=0x00000234bbc5f038 relative=0x00000000000002f8
Event: 1.365 Thread 0x0000023517608900 Uncommon trap: reason=unstable_if action=reinterpret pc=0x00000234bbc5f038 method=java.util.concurrent.ConcurrentHashMap.get(Ljava/lang/Object;)Ljava/lang/Object; @ 76 c2
Event: 1.365 Thread 0x0000023517608900 DEOPT PACKING pc=0x00000234bbc5f038 sp=0x0000004982bfe400
Event: 1.365 Thread 0x0000023517608900 DEOPT UNPACKING pc=0x00000234bb5046a2 sp=0x0000004982bfe368 mode 2
Event: 1.366 Thread 0x0000023517604540 Uncommon trap: trap_request=0xffffff45 fr.pc=0x00000234bbc7e36c relative=0x000000000000006c
Event: 1.366 Thread 0x0000023517604540 Uncommon trap: reason=unstable_if action=reinterpret pc=0x00000234bbc7e36c method=java.lang.ref.ReferenceQueue.headIsNull()Z @ 4 c2
Event: 1.366 Thread 0x0000023517604540 DEOPT PACKING pc=0x00000234bbc7e36c sp=0x0000004982afd8a0
Event: 1.366 Thread 0x0000023517604540 DEOPT UNPACKING pc=0x00000234bb5046a2 sp=0x0000004982afd7c8 mode 2
Event: 1.535 Thread 0x0000023516a79170 Uncommon trap: trap_request=0xffffff45 fr.pc=0x00000234bbc44148 relative=0x00000000000000a8
Event: 1.535 Thread 0x0000023516a79170 Uncommon trap: reason=unstable_if action=reinterpret pc=0x00000234bbc44148 method=java.awt.Component.inside(II)Z @ 1 c2
Event: 1.535 Thread 0x0000023516a79170 DEOPT PACKING pc=0x00000234bbc44148 sp=0x00000049822fdc60
Event: 1.535 Thread 0x0000023516a79170 DEOPT UNPACKING pc=0x00000234bb5046a2 sp=0x00000049822fdaf0 mode 2
Event: 2.297 Thread 0x000002351760b6f0 Uncommon trap: trap_request=0xffffff45 fr.pc=0x00000234bbc8fcd4 relative=0x0000000000000654
Event: 2.297 Thread 0x000002351760b6f0 Uncommon trap: reason=unstable_if action=reinterpret pc=0x00000234bbc8fcd4 method=java.security.AccessControlContext.optimize()Ljava/security/AccessControlContext; @ 49 c2
Event: 2.297 Thread 0x000002351760b6f0 DEOPT PACKING pc=0x00000234bbc8fcd4 sp=0x00000049844fe8e0
Event: 2.297 Thread 0x000002351760b6f0 DEOPT UNPACKING pc=0x00000234bb5046a2 sp=0x00000049844fe870 mode 2

Classes loaded (20 events):
Event: 1.538 Loading class sun/net/www/URLConnection done
Event: 1.538 Loading class sun/net/www/protocol/file/FileURLConnection done
Event: 1.538 Loading class sun/net/www/MessageHeader
Event: 1.538 Loading class sun/net/www/MessageHeader done
Event: 1.538 Loading class sun/net/www/protocol/jar/URLJarFile
Event: 1.538 Loading class sun/net/www/protocol/jar/URLJarFile done
Event: 1.539 Loading class sun/net/www/protocol/jar/URLJarFile$URLJarFileEntry
Event: 1.539 Loading class sun/net/www/protocol/jar/URLJarFile$URLJarFileEntry done
Event: 1.539 Loading class sun/net/www/protocol/jar/JarURLConnection$JarURLInputStream
Event: 1.539 Loading class sun/net/www/protocol/jar/JarURLConnection$JarURLInputStream done
Event: 1.539 Loading class java/nio/file/StandardCopyOption
Event: 1.539 Loading class java/nio/file/StandardCopyOption done
Event: 1.540 Loading class sun/nio/ch/ChannelOutputStream
Event: 1.540 Loading class sun/nio/ch/ChannelOutputStream done
Event: 1.640 Loading class java/io/DeleteOnExitHook
Event: 1.640 Loading class java/io/DeleteOnExitHook done
Event: 1.640 Loading class java/io/DeleteOnExitHook$1
Event: 1.640 Loading class java/io/DeleteOnExitHook$1 done
Event: 2.257 Loading class java/awt/LightweightDispatcher$2
Event: 2.258 Loading class java/awt/LightweightDispatcher$2 done

Classes unloaded (0 events):
No events

Classes redefined (0 events):
No events

Internal exceptions (20 events):
Event: 1.170 Thread 0x0000023516a79170 Exception <a 'java/lang/NoSuchMethodError'{0x000000061fc99cf0}: 'java.lang.Object java.lang.invoke.DirectMethodHandle$Holder.invokeSpecial(java.lang.Object, java.lang.Object, int, java.lang.Object, java.lang.Object)'> (0x000000061fc99cf0) 
thrown [s\open\src\hotspot\share\interpreter\linkResolver.cpp, line 773]
Event: 1.170 Thread 0x0000023516a79170 Exception <a 'java/lang/NoSuchMethodError'{0x000000061fc9d920}: 'java.lang.Object java.lang.invoke.DelegatingMethodHandle$Holder.delegate(java.lang.Object, int, java.lang.Object, java.lang.Object)'> (0x000000061fc9d920) 
thrown [s\open\src\hotspot\share\interpreter\linkResolver.cpp, line 773]
Event: 1.171 Thread 0x0000023516a79170 Exception <a 'java/lang/NoSuchMethodError'{0x000000061fcacf68}: 'int java.lang.invoke.Invokers$Holder.linkToTargetMethod(java.lang.Object, java.lang.Object, java.lang.Object)'> (0x000000061fcacf68) 
thrown [s\open\src\hotspot\share\interpreter\linkResolver.cpp, line 773]
Event: 1.173 Thread 0x0000023516a79170 Exception <a 'java/lang/NoSuchMethodError'{0x000000061fcbbe60}: 'long java.lang.invoke.DirectMethodHandle$Holder.invokeSpecial(java.lang.Object, java.lang.Object)'> (0x000000061fcbbe60) 
thrown [s\open\src\hotspot\share\interpreter\linkResolver.cpp, line 773]
Event: 1.174 Thread 0x0000023516a79170 Exception <a 'java/lang/NoSuchMethodError'{0x000000061fcc51c0}: 'int java.lang.invoke.DirectMethodHandle$Holder.invokeStatic(java.lang.Object, java.lang.Object, java.lang.Object, java.lang.Object)'> (0x000000061fcc51c0) 
thrown [s\open\src\hotspot\share\interpreter\linkResolver.cpp, line 773]
Event: 1.174 Thread 0x0000023516a79170 Exception <a 'java/lang/NoSuchMethodError'{0x000000061fcc8850}: 'java.lang.Object java.lang.invoke.Invokers$Holder.invokeExact_MT(java.lang.Object, java.lang.Object, java.lang.Object, java.lang.Object, java.lang.Object, java.lang.Object)'> (0x000000061fcc8850) 
thrown [s\open\src\hotspot\share\interpreter\linkResolver.cpp, line 773]
Event: 1.218 Thread 0x0000023516a79170 Exception <a 'sun/nio/fs/WindowsException'{0x000000061fe0c6f8}> (0x000000061fe0c6f8) 
thrown [s\open\src\hotspot\share\prims\jni.cpp, line 520]
Event: 1.275 Thread 0x0000023516a79170 Exception <a 'java/lang/NoSuchMethodError'{0x000000061f458960}: 'java.lang.Object java.lang.invoke.DirectMethodHandle$Holder.invokeStaticInit(java.lang.Object, int, int, int, int)'> (0x000000061f458960) 
thrown [s\open\src\hotspot\share\interpreter\linkResolver.cpp, line 773]
Event: 1.286 Thread 0x0000023516a79170 Exception <a 'java/lang/NoSuchMethodError'{0x000000061f514328}: 'java.lang.Object java.lang.invoke.DirectMethodHandle$Holder.invokeStaticInit(java.lang.Object, java.lang.Object, int, int, int, int)'> (0x000000061f514328) 
thrown [s\open\src\hotspot\share\interpreter\linkResolver.cpp, line 773]
Event: 1.344 Thread 0x0000023516a79170 Exception <a 'java/lang/NoSuchMethodError'{0x000000061f6a2aa0}: 'java.lang.Object java.lang.invoke.DirectMethodHandle$Holder.invokeSpecial(java.lang.Object, java.lang.Object, java.lang.Object, java.lang.Object, int)'> (0x000000061f6a2aa0) 
thrown [s\open\src\hotspot\share\interpreter\linkResolver.cpp, line 773]
Event: 1.344 Thread 0x0000023516a79170 Exception <a 'java/lang/NoSuchMethodError'{0x000000061f6a66a8}: 'java.lang.Object java.lang.invoke.Invokers$Holder.linkToTargetMethod(java.lang.Object, java.lang.Object, int, java.lang.Object)'> (0x000000061f6a66a8) 
thrown [s\open\src\hotspot\share\interpreter\linkResolver.cpp, line 773]
Event: 1.353 Thread 0x0000023516a79170 Exception <a 'java/lang/NoSuchMethodError'{0x000000061f6e74d0}: 'void java.lang.invoke.DirectMethodHandle$Holder.invokeSpecial(java.lang.Object, java.lang.Object, java.lang.Object, java.lang.Object, java.lang.Object)'> (0x000000061f6e74d0) 
thrown [s\open\src\hotspot\share\interpreter\linkResolver.cpp, line 773]
Event: 1.359 Thread 0x00000235175765b0 Exception <a 'java/lang/NoSuchMethodError'{0x000000061f5f8d88}: 'void java.lang.invoke.DirectMethodHandle$Holder.invokeStatic(java.lang.Object, java.lang.Object, int)'> (0x000000061f5f8d88) 
thrown [s\open\src\hotspot\share\interpreter\linkResolver.cpp, line 773]
Event: 1.482 Thread 0x0000023517604540 Exception <a 'java/lang/NoSuchMethodError'{0x00000006209a8298}: 'java.lang.Object java.lang.invoke.DirectMethodHandle$Holder.newInvokeSpecial(java.lang.Object, java.lang.Object, long, java.lang.Object, java.lang.Object, java.lang.Object)'> (0x00000006209a8298) 
thrown [s\open\src\hotspot\share\interpreter\linkResolver.cpp, line 773]
Event: 1.483 Thread 0x0000023517604540 Exception <a 'java/lang/NoSuchMethodError'{0x00000006209bec08}: 'void java.lang.invoke.DirectMethodHandle$Holder.invokeSpecial(java.lang.Object, java.lang.Object, java.lang.Object, java.lang.Object, java.lang.Object, java.lang.Object, java.lang.Object)'> (0x00000006209bec08) 
thrown [s\open\src\hotspot\share\interpreter\linkResolver.cpp, line 773]
Event: 1.484 Thread 0x0000023517604540 Exception <a 'java/lang/NoSuchMethodError'{0x00000006209cd2e8}: 'void java.lang.invoke.DirectMethodHandle$Holder.invokeStatic(java.lang.Object, java.lang.Object, java.lang.Object, java.lang.Object)'> (0x00000006209cd2e8) 
thrown [s\open\src\hotspot\share\interpreter\linkResolver.cpp, line 773]
Event: 1.523 Thread 0x0000023516a79170 Exception <a 'java/lang/NoSuchMethodError'{0x0000000620403b98}: 'void java.lang.invoke.DelegatingMethodHandle$Holder.reinvoke_L(java.lang.Object, java.lang.Object, int)'> (0x0000000620403b98) 
thrown [s\open\src\hotspot\share\interpreter\linkResolver.cpp, line 773]
Event: 1.523 Thread 0x0000023516a79170 Exception <a 'java/lang/NoSuchMethodError'{0x000000062040a640}: 'void java.lang.invoke.Invokers$Holder.invokeExact_MT(java.lang.Object, java.lang.Object, int, java.lang.Object)'> (0x000000062040a640) 
thrown [s\open\src\hotspot\share\interpreter\linkResolver.cpp, line 773]
Event: 1.525 Thread 0x0000023516a79170 Exception <a 'java/lang/NoSuchMethodError'{0x000000062041bba8}: 'void java.lang.invoke.Invokers$Holder.invokeExact_MT(java.lang.Object, java.lang.Object, java.lang.Object, java.lang.Object)'> (0x000000062041bba8) 
thrown [s\open\src\hotspot\share\interpreter\linkResolver.cpp, line 773]
Event: 2.297 Thread 0x000002351760b6f0 Implicit null exception at 0x00000234bbc8f6e0 to 0x00000234bbc8fcbc

ZGC Phase Switch (0 events):
No events

VM Operations (20 events):
Event: 1.170 Executing VM operation: Cleanup done
Event: 1.289 Executing VM operation: HandshakeAllThreads (Deoptimize)
Event: 1.289 Executing VM operation: HandshakeAllThreads (Deoptimize) done
Event: 1.317 Executing VM operation: HandshakeAllThreads (Deoptimize)
Event: 1.317 Executing VM operation: HandshakeAllThreads (Deoptimize) done
Event: 1.326 Executing VM operation: HandshakeAllThreads (Deoptimize)
Event: 1.326 Executing VM operation: HandshakeAllThreads (Deoptimize) done
Event: 1.362 Executing VM operation: G1CollectForAllocation (G1 Evacuation Pause)
Event: 1.365 Executing VM operation: G1CollectForAllocation (G1 Evacuation Pause) done
Event: 1.478 Executing VM operation: HandshakeAllThreads (Deoptimize)
Event: 1.478 Executing VM operation: HandshakeAllThreads (Deoptimize) done
Event: 1.512 Executing VM operation: HandshakeAllThreads (Deoptimize)
Event: 1.512 Executing VM operation: HandshakeAllThreads (Deoptimize) done
Event: 1.531 Executing VM operation: HandshakeAllThreads (Deoptimize)
Event: 1.531 Executing VM operation: HandshakeAllThreads (Deoptimize) done
Event: 1.539 Executing VM operation: HandshakeAllThreads (Deoptimize)
Event: 1.539 Executing VM operation: HandshakeAllThreads (Deoptimize) done
Event: 2.540 Executing VM operation: Cleanup
Event: 2.540 Executing VM operation: Cleanup done
Event: 4.089 Executing VM operation: G1TryInitiateConcMark (G1 Humongous Allocation)

Events (20 events):
Event: 0.104 Thread 0x00000234d0c7c8f0 Thread added: 0x00000234d0c7c8f0
Event: 0.104 Thread 0x00000234d0c7fff0 Thread added: 0x00000234d0c7fff0
Event: 0.120 Thread 0x0000023516a13630 Thread added: 0x0000023516a13630
Event: 0.127 Thread 0x0000023516a2de60 Thread added: 0x0000023516a2de60
Event: 0.168 Thread 0x0000023516a79170 Thread added: 0x0000023516a79170
Event: 0.255 Thread 0x00000234a98a0590 Thread exited: 0x00000234a98a0590
Event: 0.255 Thread 0x00000234a98a0590 Thread added: 0x00000234a98a0590
Event: 1.201 Thread 0x0000023516e5a920 Thread added: 0x0000023516e5a920
Event: 1.201 Thread 0x000002351756d0f0 Thread added: 0x000002351756d0f0
Event: 1.325 Thread 0x00000235175765b0 Thread added: 0x00000235175765b0
Event: 1.360 Thread 0x0000023517604540 Thread added: 0x0000023517604540
Event: 1.361 Thread 0x0000023517608900 Thread added: 0x0000023517608900
Event: 1.361 Thread 0x000002351760a9d0 Thread added: 0x000002351760a9d0
Event: 1.478 Thread 0x000002351756d0f0 Thread exited: 0x000002351756d0f0
Event: 1.479 Thread 0x0000023516e5a920 Thread exited: 0x0000023516e5a920
Event: 1.533 Thread 0x000002351760b060 Thread added: 0x000002351760b060
Event: 1.535 Thread 0x0000023517609cb0 Thread added: 0x0000023517609cb0
Event: 2.004 Thread 0x0000023517609cb0 Thread exited: 0x0000023517609cb0
Event: 2.297 Thread 0x000002351760b6f0 Thread added: 0x000002351760b6f0
Event: 3.089 Thread 0x00000234d0a160c0 Thread exited: 0x00000234d0a160c0


Dynamic libraries:
0x00007ff6bf9c0000 - 0x00007ff6bf9d0000 	C:\Program Files\Java\jdk-21\bin\java.exe
0x00007ffc1d870000 - 0x00007ffc1da68000 	C:\WINDOWS\SYSTEM32\ntdll.dll
0x00007ffc1d210000 - 0x00007ffc1d2d2000 	C:\WINDOWS\System32\KERNEL32.DLL
0x00007ffc1b230000 - 0x00007ffc1b52e000 	C:\WINDOWS\System32\KERNELBASE.dll
0x00007ffc1af60000 - 0x00007ffc1b060000 	C:\WINDOWS\System32\ucrtbase.dll
0x00007ffbc77c0000 - 0x00007ffbc77db000 	C:\Program Files\Java\jdk-21\bin\VCRUNTIME140.dll
0x00007ffc0b1c0000 - 0x00007ffc0b1d9000 	C:\Program Files\Java\jdk-21\bin\jli.dll
0x00007ffc1c2b0000 - 0x00007ffc1c361000 	C:\WINDOWS\System32\ADVAPI32.dll
0x00007ffc1ce00000 - 0x00007ffc1ce9e000 	C:\WINDOWS\System32\msvcrt.dll
0x00007ffc1d170000 - 0x00007ffc1d20f000 	C:\WINDOWS\System32\sechost.dll
0x00007ffc1c370000 - 0x00007ffc1c493000 	C:\WINDOWS\System32\RPCRT4.dll
0x00007ffc1b660000 - 0x00007ffc1b687000 	C:\WINDOWS\System32\bcrypt.dll
0x00007ffc1bd80000 - 0x00007ffc1bf1d000 	C:\WINDOWS\System32\USER32.dll
0x00007ffc1b860000 - 0x00007ffc1b882000 	C:\WINDOWS\System32\win32u.dll
0x00007ffc0a5e0000 - 0x00007ffc0a87a000 	C:\WINDOWS\WinSxS\amd64_microsoft.windows.common-controls_6595b64144ccf1df_6.0.19041.4355_none_60b8b9eb71f62e16\COMCTL32.dll
0x00007ffc1d000000 - 0x00007ffc1d02b000 	C:\WINDOWS\System32\GDI32.dll
0x00007ffc1b110000 - 0x00007ffc1b227000 	C:\WINDOWS\System32\gdi32full.dll
0x00007ffc1b530000 - 0x00007ffc1b5cd000 	C:\WINDOWS\System32\msvcp_win.dll
0x00007ffc115e0000 - 0x00007ffc115ea000 	C:\WINDOWS\SYSTEM32\VERSION.dll
0x00007ffc1c270000 - 0x00007ffc1c29f000 	C:\WINDOWS\System32\IMM32.DLL
0x00007ffbf7620000 - 0x00007ffbf762c000 	C:\Program Files\Java\jdk-21\bin\vcruntime140_1.dll
0x00007ffbc9920000 - 0x00007ffbc99ae000 	C:\Program Files\Java\jdk-21\bin\msvcp140.dll
0x00007ffb47e30000 - 0x00007ffb48b48000 	C:\Program Files\Java\jdk-21\bin\server\jvm.dll
0x00007ffc1c4a0000 - 0x00007ffc1c50b000 	C:\WINDOWS\System32\WS2_32.dll
0x00007ffc1a4a0000 - 0x00007ffc1a4eb000 	C:\WINDOWS\SYSTEM32\POWRPROF.dll
0x00007ffc10990000 - 0x00007ffc109b7000 	C:\WINDOWS\SYSTEM32\WINMM.dll
0x00007ffc1a310000 - 0x00007ffc1a322000 	C:\WINDOWS\SYSTEM32\UMPDC.dll
0x00007ffc18db0000 - 0x00007ffc18dc2000 	C:\WINDOWS\SYSTEM32\kernel.appcore.dll
0x00007ffbeecb0000 - 0x00007ffbeecba000 	C:\Program Files\Java\jdk-21\bin\jimage.dll
0x00007ffc10050000 - 0x00007ffc10234000 	C:\WINDOWS\SYSTEM32\DBGHELP.DLL
0x00007ffbf8a00000 - 0x00007ffbf8a34000 	C:\WINDOWS\SYSTEM32\dbgcore.DLL
0x00007ffc1b5d0000 - 0x00007ffc1b652000 	C:\WINDOWS\System32\bcryptPrimitives.dll
0x00007ffbc77a0000 - 0x00007ffbc77bf000 	C:\Program Files\Java\jdk-21\bin\java.dll
0x00007ffc1c570000 - 0x00007ffc1ccdd000 	C:\WINDOWS\System32\SHELL32.dll
0x00007ffc18fb0000 - 0x00007ffc19754000 	C:\WINDOWS\SYSTEM32\windows.storage.dll
0x00007ffc1b970000 - 0x00007ffc1bcc3000 	C:\WINDOWS\System32\combase.dll
0x00007ffc1a940000 - 0x00007ffc1a96e000 	C:\WINDOWS\SYSTEM32\Wldp.dll
0x00007ffc1d2f0000 - 0x00007ffc1d3bd000 	C:\WINDOWS\System32\OLEAUT32.dll
0x00007ffc1bf20000 - 0x00007ffc1bfcd000 	C:\WINDOWS\System32\SHCORE.dll
0x00007ffc1b890000 - 0x00007ffc1b8e5000 	C:\WINDOWS\System32\shlwapi.dll
0x00007ffc1ae40000 - 0x00007ffc1ae64000 	C:\WINDOWS\SYSTEM32\profapi.dll
0x00007ffb69090000 - 0x00007ffb69167000 	C:\Program Files\Java\jdk-21\bin\jsvml.dll
0x00007ffbd4a60000 - 0x00007ffbd4a70000 	C:\Program Files\Java\jdk-21\bin\net.dll
0x00007ffc13ee0000 - 0x00007ffc13fed000 	C:\WINDOWS\SYSTEM32\WINHTTP.dll
0x00007ffc1a6a0000 - 0x00007ffc1a70a000 	C:\WINDOWS\system32\mswsock.dll
0x00007ffbbde40000 - 0x00007ffbbde56000 	C:\Program Files\Java\jdk-21\bin\nio.dll
0x00007ffb6f410000 - 0x00007ffb6f428000 	C:\Program Files\Java\jdk-21\bin\zip.dll
0x00007ffbc9420000 - 0x00007ffbc95af000 	C:\Program Files\Java\jdk-21\bin\awt.dll
0x00007ffc17400000 - 0x00007ffc17494000 	C:\WINDOWS\SYSTEM32\apphelp.dll
0x00007ffc18ab0000 - 0x00007ffc18adf000 	C:\WINDOWS\system32\DWMAPI.DLL
0x00007ffc18820000 - 0x00007ffc188be000 	C:\WINDOWS\system32\uxtheme.dll
0x00007ffbafff0000 - 0x00007ffbb0118000 	C:\WINDOWS\system32\opengl32.dll
0x00007ffbaffc0000 - 0x00007ffbaffec000 	C:\WINDOWS\SYSTEM32\GLU32.dll
0x00007ffc1cce0000 - 0x00007ffc1cdf5000 	C:\WINDOWS\System32\MSCTF.dll
0x00007ffc1d040000 - 0x00007ffc1d16b000 	C:\WINDOWS\System32\ole32.dll
0x00007ffbfba20000 - 0x00007ffbfba6d000 	C:\Program Files\Java\jdk-21\bin\javaaccessbridge.dll
0x00007ffc170d0000 - 0x00007ffc170d7000 	C:\Program Files\Java\jdk-21\bin\jawt.dll
0x00007ffc04070000 - 0x00007ffc040f7000 	C:\Program Files\Java\jdk-21\bin\freetype.dll
0x00007ffbccb70000 - 0x00007ffbccc51000 	C:\Program Files\Java\jdk-21\bin\fontmanager.dll
0x00007ffc0aba0000 - 0x00007ffc0ac99000 	C:\WINDOWS\SYSTEM32\textinputframework.dll
0x00007ffc17180000 - 0x00007ffc17272000 	C:\WINDOWS\System32\CoreMessaging.dll
0x00007ffc16ba0000 - 0x00007ffc16efb000 	C:\WINDOWS\System32\CoreUIComponents.dll
0x00007ffc17f30000 - 0x00007ffc18087000 	C:\WINDOWS\SYSTEM32\wintypes.dll
0x00007ffc1a1a0000 - 0x00007ffc1a1d3000 	C:\WINDOWS\SYSTEM32\ntmarta.dll
0x00007ffc0a4c0000 - 0x00007ffc0a526000 	C:\WINDOWS\system32\Oleacc.dll
0x00007ffc1bcd0000 - 0x00007ffc1bd79000 	C:\WINDOWS\System32\clbcatq.dll
0x00007ffc0af20000 - 0x00007ffc0af4a000 	C:\Windows\System32\Speech\SpeechUX\SpTip.dll
0x00007ffc185d0000 - 0x00007ffc18784000 	C:\WINDOWS\SYSTEM32\WindowsCodecs.dll
0x00007ffbe6b20000 - 0x00007ffbe6b5e000 	C:\WINDOWS\system32\dataexchange.dll
0x00007ffc16520000 - 0x00007ffc16704000 	C:\WINDOWS\system32\dcomp.dll
0x00007ffc15fd0000 - 0x00007ffc16233000 	C:\WINDOWS\system32\d3d11.dll
0x00007ffc197a0000 - 0x00007ffc19896000 	C:\WINDOWS\system32\dxgi.dll
0x00007ffc14110000 - 0x00007ffc14313000 	C:\WINDOWS\system32\twinapi.appcore.dll
0x00007ffc1a8a0000 - 0x00007ffc1a8b8000 	C:\WINDOWS\SYSTEM32\CRYPTSP.dll
0x00007ffc19f50000 - 0x00007ffc19f84000 	C:\WINDOWS\system32\rsaenh.dll
0x00007ffc1ae00000 - 0x00007ffc1ae2e000 	C:\WINDOWS\SYSTEM32\USERENV.dll
0x00007ffc1a890000 - 0x00007ffc1a89c000 	C:\WINDOWS\SYSTEM32\CRYPTBASE.dll
0x00007ffc1a330000 - 0x00007ffc1a36b000 	C:\WINDOWS\SYSTEM32\IPHLPAPI.DLL
0x00007ffc1c2a0000 - 0x00007ffc1c2a8000 	C:\WINDOWS\System32\NSI.dll
0x00007ffc14a50000 - 0x00007ffc14a5e000 	C:\Program Files\Java\jdk-21\bin\sunmscapi.dll
0x00007ffc1b700000 - 0x00007ffc1b85c000 	C:\WINDOWS\System32\CRYPT32.dll
0x00007ffc1a9b0000 - 0x00007ffc1a9d7000 	C:\WINDOWS\SYSTEM32\ncrypt.dll
0x00007ffc1a970000 - 0x00007ffc1a9ab000 	C:\WINDOWS\SYSTEM32\NTASN1.dll
0x00007ffbf9ec0000 - 0x00007ffbf9ec7000 	C:\WINDOWS\system32\wshunix.dll
0x00007ffbcdb50000 - 0x00007ffbcdb59000 	C:\Program Files\Java\jdk-21\bin\extnet.dll
0x00007ffc1a370000 - 0x00007ffc1a43a000 	C:\WINDOWS\SYSTEM32\DNSAPI.dll
0x00007ffc12f20000 - 0x00007ffc12f2a000 	C:\Windows\System32\rasadhlp.dll
0x00007ffc12910000 - 0x00007ffc12990000 	C:\WINDOWS\System32\fwpuclnt.dll
0x00007ffbc1e20000 - 0x00007ffbc301d000 	C:\Users\david\AppData\Local\Temp\webrtc-java15414234005607554300.dll
0x00007ffc17550000 - 0x00007ffc1770c000 	C:\WINDOWS\SYSTEM32\MFPlat.DLL
0x00007ffb875d0000 - 0x00007ffb875db000 	C:\WINDOWS\SYSTEM32\msdmo.dll
0x00007ffc0a270000 - 0x00007ffc0a27c000 	C:\WINDOWS\SYSTEM32\Secur32.dll
0x00007ffc1af10000 - 0x00007ffc1af5e000 	C:\WINDOWS\System32\cfgmgr32.dll
0x00007ffc1adc0000 - 0x00007ffc1adf2000 	C:\WINDOWS\SYSTEM32\SSPICLI.DLL
0x00007ffc174b0000 - 0x00007ffc174e4000 	C:\WINDOWS\SYSTEM32\RTWorkQ.DLL
0x00007ffc148e0000 - 0x00007ffc14965000 	C:\WINDOWS\System32\MMDevApi.dll
0x00007ffc1aca0000 - 0x00007ffc1acd3000 	C:\WINDOWS\System32\DEVOBJ.dll
0x00007ffb83690000 - 0x00007ffb83707000 	C:\Windows\System32\mfwmaaec.dll
0x00007ffc151a0000 - 0x00007ffc15321000 	C:\WINDOWS\SYSTEM32\AUDIOSES.DLL
0x00007ffc173f0000 - 0x00007ffc173fa000 	C:\WINDOWS\SYSTEM32\Avrt.dll
0x00007ffc0ace0000 - 0x00007ffc0ae1f000 	C:\Windows\System32\Windows.UI.dll
0x00007ffc12db0000 - 0x00007ffc12e51000 	C:\Windows\System32\WindowManagementAPI.dll
0x00007ffc0aa40000 - 0x00007ffc0ab92000 	C:\Windows\System32\InputHost.dll
0x00007ffc17da0000 - 0x00007ffc17e96000 	C:\Windows\System32\PROPSYS.dll
0x00007ffb98120000 - 0x00007ffb9813d000 	C:\Windows\System32\devenum.dll
0x00007ffc1d3c0000 - 0x00007ffc1d82e000 	C:\WINDOWS\System32\setupapi.dll
0x00007ffc1b690000 - 0x00007ffc1b6f9000 	C:\WINDOWS\System32\WINTRUST.dll
0x00007ffc1aad0000 - 0x00007ffc1aae2000 	C:\WINDOWS\SYSTEM32\MSASN1.dll
0x00007ffb83000000 - 0x00007ffb8304d000 	C:\Windows\System32\mfksproxy.dll
0x00007ffbf8a40000 - 0x00007ffbf8a5d000 	C:\Windows\System32\ATL.DLL
0x00007ffb99010000 - 0x00007ffb99077000 	C:\Windows\System32\MFSENSORGROUP.dll
0x00007ffb82190000 - 0x00007ffb821e0000 	C:\Windows\System32\ksproxy.ax
0x00007ffb9e0f0000 - 0x00007ffb9e0f9000 	C:\Windows\System32\ksuser.dll
0x00007ffbe8d80000 - 0x00007ffbe8f51000 	C:\Windows\System32\d3d9.dll
0x00007ffc15420000 - 0x00007ffc154c1000 	C:\WINDOWS\SYSTEM32\policymanager.dll
0x00007ffc19fe0000 - 0x00007ffc1a06a000 	C:\Windows\System32\msvcp110_win.dll
0x00007ffb82940000 - 0x00007ffb8294d000 	C:\Windows\System32\vidcap.ax
0x00007ffb82910000 - 0x00007ffb82937000 	C:\Windows\System32\kswdmcap.ax
0x00007ffb827a0000 - 0x00007ffb8290c000 	C:\Windows\System32\MFC42.dll
0x00007ffbf8780000 - 0x00007ffbf8950000 	C:\Windows\System32\quartz.dll
0x00007ffc13c90000 - 0x00007ffc13cd2000 	C:\Windows\System32\CapabilityAccessManagerClient.dll

dbghelp: loaded successfully - version: 4.0.5 - missing functions: none
symbol engine: initialized successfully - sym options: 0x614 - pdb path: .;C:\Program Files\Java\jdk-21\bin;C:\WINDOWS\SYSTEM32;C:\WINDOWS\WinSxS\amd64_microsoft.windows.common-controls_6595b64144ccf1df_6.0.19041.4355_none_60b8b9eb71f62e16;C:\Program Files\Java\jdk-21\bin\server;C:\Windows\System32\Speech\SpeechUX;C:\Users\david\AppData\Local\Temp

VM Arguments:
jvm_args: -XX:+ShowCodeDetailsInExceptionMessages 
java_command: com.davidgonzase.App
java_class_path (initial): C:\Users\david\Desktop\WECAM\WECAMAPP\target\classes;C:\Users\david\.m2\repository\org\jcodec\jcodec\0.2.4\jcodec-0.2.4.jar;C:\Users\david\.m2\repository\dev\onvoid\webrtc\webrtc-java\0.7.0\webrtc-java-0.7.0.jar;C:\Users\david\.m2\repository\dev\onvoid\webrtc\webrtc-java\0.7.0\webrtc-java-0.7.0-windows-x86_64.jar;C:\Users\david\.m2\repository\org\slf4j\slf4j-simple\2.0.9\slf4j-simple-2.0.9.jar;C:\Users\david\.m2\repository\org\slf4j\slf4j-api\2.0.9\slf4j-api-2.0.9.jar;C:\Users\david\.m2\repository\com\google\code\gson\gson\2.8.9\gson-2.8.9.jar
Launcher Type: SUN_STANDARD

[Global flags]
     intx CICompilerCount                          = 12                                        {product} {ergonomic}
     uint ConcGCThreads                            = 3                                         {product} {ergonomic}
     uint G1ConcRefinementThreads                  = 13                                        {product} {ergonomic}
   size_t G1HeapRegionSize                         = 4194304                                   {product} {ergonomic}
    uintx GCDrainStackTargetSize                   = 64                                        {product} {ergonomic}
   size_t InitialHeapSize                          = 536870912                                 {product} {ergonomic}
   size_t MarkStackSize                            = 4194304                                   {product} {ergonomic}
   size_t MaxHeapSize                              = 8577351680                                {product} {ergonomic}
   size_t MaxNewSize                               = 5146411008                                {product} {ergonomic}
   size_t MinHeapDeltaBytes                        = 4194304                                   {product} {ergonomic}
   size_t MinHeapSize                              = 8388608                                   {product} {ergonomic}
    uintx NonNMethodCodeHeapSize                   = 7602480                                {pd product} {ergonomic}
    uintx NonProfiledCodeHeapSize                  = 122027880                              {pd product} {ergonomic}
    uintx ProfiledCodeHeapSize                     = 122027880                              {pd product} {ergonomic}
    uintx ReservedCodeCacheSize                    = 251658240                              {pd product} {ergonomic}
     bool SegmentedCodeCache                       = true                                      {product} {ergonomic}
     bool ShowCodeDetailsInExceptionMessages       = true                                   {manageable} {command line}
   size_t SoftMaxHeapSize                          = 8577351680                             {manageable} {ergonomic}
     bool UseCompressedOops                        = true                           {product lp64_product} {ergonomic}
     bool UseG1GC                                  = true                                      {product} {ergonomic}
     bool UseLargePagesIndividualAllocation        = false                                  {pd product} {ergonomic}

Logging:
Log output configuration:
 #0: stdout all=warning uptime,level,tags foldmultilines=false
 #1: stderr all=off uptime,level,tags foldmultilines=false

Environment Variables:
PATH=C:\Program Files\Common Files\Oracle\Java\javapath;C:\Program Files (x86)\Razer Chroma SDK\bin;C:\Program Files\Razer Chroma SDK\bin;C:\Program Files (x86)\Razer\ChromaBroadcast\bin;C:\Program Files\Razer\ChromaBroadcast\bin;C:\Program Files\Java\jdk-23\bin;C:\Program Files\MAVEN\apache-maven-3.9.9\bin;C:\Program Files\nodejs\;C:\WINDOWS\system32\config\systemprofile\AppData\Local\Microsoft\WindowsApps;C:\Program Files\NVIDIA Corporation\NVIDIA app\NvDLISR;C:\Program Files\Curl\curl-8.11.0_2-win64-mingw\bin;C:\Windows\System32;C:\Users\david\AppData\Roaming\npm;C:\Users\david\.deno\bin
USERNAME=david
LANG=es_ES.UTF-8
OS=Windows_NT
PROCESSOR_IDENTIFIER=Intel64 Family 6 Model 158 Stepping 13, GenuineIntel
TMP=C:\Users\david\AppData\Local\Temp
TEMP=C:\Users\david\AppData\Local\Temp




Periodic native trim disabled

---------------  S Y S T E M  ---------------

OS:
 Windows 10 , 64 bit Build 19041 (10.0.19041.5198)
OS uptime: 0 days 0:30 hours

CPU: total 16 (initial active 16) (8 cores per cpu, 2 threads per core) family 6 model 158 stepping 13 microcode 0xde, cx8, cmov, fxsr, ht, mmx, 3dnowpref, sse, sse2, sse3, ssse3, sse4.1, sse4.2, popcnt, lzcnt, tsc, tscinvbit, avx, avx2, aes, erms, clmul, bmi1, bmi2, adx, fma, vzeroupper, clflush, clflushopt, rdtscp, f16c
Processor Information for all 16 processors :
  Max Mhz: 3600, Current Mhz: 3600, Mhz Limit: 3600

Memory: 4k page, system-wide physical 32709M (16782M free)
TotalPageFile size 37573M (AvailPageFile size 17786M)
current process WorkingSet (physical memory assigned to process): 412M, peak: 412M
current process commit charge ("private bytes"): 741M, peak: 741M

vm_info: Java HotSpot(TM) 64-Bit Server VM (21.0.5+9-LTS-239) for windows-amd64 JRE (21.0.5+9-LTS-239), built on 2024-09-30T05:17:38Z by "mach5one" with MS VC++ 17.6 (VS2022)

END.
