#
# A fatal error has been detected by the Java Runtime Environment:
#
#  EXCEPTION_ACCESS_VIOLATION (0xc0000005) at pc=0x00007ffb48193ac9, pid=29044, tid=23208
#
# JRE version: Java(TM) SE Runtime Environment (21.0.5+9) (build 21.0.5+9-LTS-239)
# Java VM: Java HotSpot(TM) 64-Bit Server VM (21.0.5+9-LTS-239, mixed mode, sharing, tiered, compressed oops, compressed class ptrs, g1 gc, windows-amd64)
# Problematic frame:
# V  [jvm.dll+0x363ac9]
#
# No core dump will be written. Minidumps are not enabled by default on client versions of Windows
#
# If you would like to submit a bug report, please visit:
#   https://bugreport.java.com/bugreport/crash.jsp
#

---------------  S U M M A R Y ------------

Command Line: -Xms512m -Xmx4g -XX:+UseG1GC target/wecamapp-1.0-SNAPSHOT.jar

Host: Intel(R) Core(TM) i9-9900KF CPU @ 3.60GHz, 16 cores, 31G,  Windows 10 , 64 bit Build 19041 (10.0.19041.5198)
Time: Wed Jan  1 23:51:55 2025 Hora estándar romance elapsed time: 5.008714 seconds (0d 0h 0m 5s)

---------------  T H R E A D  ---------------

Current thread (0x0000013d497a6240):  WorkerThread "GC Thread#11"   [id=23208, stack(0x00000004eeb00000,0x00000004eec00000) (1024K)]

Stack: [0x00000004eeb00000,0x00000004eec00000],  sp=0x00000004eebff7b0,  free space=1021k
Native frames: (J=compiled Java code, j=interpreted, Vv=VM code, C=native code)
V  [jvm.dll+0x363ac9]
V  [jvm.dll+0x3644b5]
V  [jvm.dll+0x36418b]
V  [jvm.dll+0x36c704]
V  [jvm.dll+0x36c87b]
V  [jvm.dll+0x8827e7]
V  [jvm.dll+0x7fee9b]
V  [jvm.dll+0x6c896d]
C  [ucrtbase.dll+0x21bb2]
C  [KERNEL32.DLL+0x17374]
C  [ntdll.dll+0x4cc91]


siginfo: EXCEPTION_ACCESS_VIOLATION (0xc0000005), reading address 0x00000000000020a8


Registers:
RAX=0x0000000000000000, RBX=0x0000013d49975168, RCX=0x0000000000000015, RDX=0x0000000000000000
RSP=0x00000004eebff7b0, RBP=0x0000000000000003, RSI=0x0000013d49881b28, RDI=0x00000000000020a8
R8 =0x0000000000000000, R9 =0x0000013d609829a0, R10=0x00007ffbc77c0000, R11=0x00007ffbc77c15d5
R12=0x0000013d49975160, R13=0x00000004ec5fed68, R14=0x0000013d49881a40, R15=0x0000000000000030
RIP=0x00007ffb48193ac9, EFLAGS=0x0000000000010246


Register to memory mapping:

RAX=0x0 is null
RBX=0x0000013d49975168 points into unknown readable memory: 0x00007ffb488092e8 | e8 92 80 48 fb 7f 00 00
RCX=0x0000000000000015 is an unknown value
RDX=0x0 is null
RSP=0x00000004eebff7b0 points into unknown readable memory: 0x0000000002fb0000 | 00 00 fb 02 00 00 00 00
RBP=0x0000000000000003 is an unknown value
RSI=0x0000013d49881b28 points into unknown readable memory: 0x00000000000020a8 | a8 20 00 00 00 00 00 00
RDI=0x00000000000020a8 is an unknown value
R8 =0x0 is null
R9 =0x0000013d609829a0 points into unknown readable memory: 0x00007ffb488001b0 | b0 01 80 48 fb 7f 00 00
R10=0x00007ffbc77c0000 VCRUNTIME140.dll
R11=0x00007ffbc77c15d5 VCRUNTIME140.dll
R12=0x0000013d49975160 points into unknown readable memory: 0x00007ffb48809330 | 30 93 80 48 fb 7f 00 00
R13=0x00000004ec5fed68 points into unknown readable memory: 0x0000013d62bc2910 | 10 29 bc 62 3d 01 00 00
R14=0x0000013d49881a40 points into unknown readable memory: 0x000000071f87ffb8 | b8 ff 87 1f 07 00 00 00
R15=0x0000000000000030 is an unknown value

Top of Stack: (sp=0x00000004eebff7b0)
0x00000004eebff7b0:   0000000002fb0000 00000004306f0001
0x00000004eebff7c0:   0000000000000000 0000000000000070
0x00000004eebff7d0:   0000000000000004 00007ffb481944b5
0x00000004eebff7e0:   0000013d49975168 000003ffc0000000
0x00000004eebff7f0:   0000013d60950000 00007ffb48804950
0x00000004eebff800:   0000000000000000 00000004eebff880
0x00000004eebff810:   0000000000000006 0000013d49769450
0x00000004eebff820:   00000004ec5fec60 00000004306f1510
0x00000004eebff830:   00007ffb48804860 0000000002fb3f63
0x00000004eebff840:   00000004306f5bae 00007ffb0000000b
0x00000004eebff850:   0000013d49769450 0000000000000006
0x00000004eebff860:   0000000000000000 0000000000000000
0x00000004eebff870:   0000000000000000 0000000000000000
0x00000004eebff880:   00007ffb48804860 0000000002fb3f00
0x00000004eebff890:   0000000000000003 0000000000000004
0x00000004eebff8a0:   0000000000000000 0000343f53c4bacf
0x00000004eebff8b0:   0000000000000000 0000013d497aa010
0x00000004eebff8c0:   0000013d49769450 00000000000003d8
0x00000004eebff8d0:   0000013d497aa3f8 0000013d49975160
0x00000004eebff8e0:   00000004ec5fec60 0000000000000006
0x00000004eebff8f0:   0000013d4996b990 00007ffb4819418b
0x00000004eebff900:   0000013d4996b990 0000000000000006
0x00000004eebff910:   00000004ec5fec60 0000000000000006
0x00000004eebff920:   0000000000000006 0000000000000008
0x00000004eebff930:   0000000000000005 00007ffb47ee0000
0x00000004eebff940:   0000000000000000 00007ffb484ec561
0x00000004eebff950:   0000000000000008 00000000000001e8
0x00000004eebff960:   0000000000000001 00007ffb47eecb4e
0x00000004eebff970:   0000000000000005 00007ffb47eef796
0x00000004eebff980:   0000000000000000 0000000000000008
0x00000004eebff990:   00007ffb48804870 0000000002fb3f2b
0x00000004eebff9a0:   00000004306f0ce6 0000000400000003 

Instructions: (pc=0x00007ffb48193ac9)
0x00007ffb481939c9:   e2 4c 03 15 8f 75 85 00 4d 8b c2 49 8b 81 a0 05
0x00007ffb481939d9:   00 00 41 8b 89 b0 05 00 00 49 d3 e8 42 0f b7 14
0x00007ffb481939e9:   40 0f b7 c2 66 c1 e8 08 84 c0 78 3a 4d 8b 02 41
0x00007ffb481939f9:   0f b6 c0 24 03 3c 03 75 06 49 83 e0 fc eb 12 48
0x00007ffb48193a09:   8b 4b 10 4d 8b c8 4d 8b c2 e8 c9 1b ff ff 4c 8b
0x00007ffb48193a19:   c0 4c 2b 05 3f 75 85 00 8b 0d 41 75 85 00 49 d3
0x00007ffb48193a29:   e8 44 89 07 eb 37 3c fd 75 33 41 8b 89 18 02 00
0x00007ffb48193a39:   00 49 8b 81 10 02 00 00 48 d3 e0 8b 0d f6 04 8c
0x00007ffb48193a49:   00 4c 2b d0 49 8b 81 90 05 00 00 49 d3 ea 41 8b
0x00007ffb48193a59:   ca 80 7c 48 01 fd 75 05 c6 44 48 01 ff 48 8b 4b
0x00007ffb48193a69:   10 e8 e1 f4 fe ff 48 8b 5c 24 30 48 83 c4 20 5f
0x00007ffb48193a79:   c3 cc cc cc cc cc cc 48 89 5c 24 08 48 89 74 24
0x00007ffb48193a89:   10 57 48 83 ec 20 48 8b 3a 48 8b f2 48 8b d9 48
0x00007ffb48193a99:   85 ff 0f 84 b7 00 00 00 4c 8b 49 08 4c 8b c7 49
0x00007ffb48193aa9:   8b 81 a0 05 00 00 41 8b 89 b0 05 00 00 49 d3 e8
0x00007ffb48193ab9:   42 0f b7 14 40 0f b7 c2 66 c1 e8 08 84 c0 78 2c
0x00007ffb48193ac9:   48 8b 0f 0f b6 c1 24 03 3c 03 75 09 48 83 e1 fc
0x00007ffb48193ad9:   48 89 0e eb 71 4c 8b c9 4c 8b c7 48 8b 4b 10 e8
0x00007ffb48193ae9:   f3 1a ff ff 48 8b c8 48 89 06 eb 5a 3c fd 75 37
0x00007ffb48193af9:   41 8b 89 18 02 00 00 48 8b d7 49 8b 81 10 02 00
0x00007ffb48193b09:   00 48 d3 e0 8b 0d 2d 04 8c 00 48 2b d0 49 8b 81
0x00007ffb48193b19:   90 05 00 00 48 d3 ea 8b ca 80 7c 48 01 fd 75 17
0x00007ffb48193b29:   c6 44 48 01 ff eb 10 3c fc 75 0c 48 8b 4b 10 48
0x00007ffb48193b39:   8b d6 e8 90 f3 ff ff 8b 53 18 4c 8b c7 48 8b 4b
0x00007ffb48193b49:   28 e8 b1 3e fb ff 48 8b 4b 10 e8 f8 f3 fe ff 48
0x00007ffb48193b59:   8b 5c 24 30 48 8b 74 24 38 48 83 c4 20 5f c3 cc
0x00007ffb48193b69:   cc cc cc cc cc cc cc 48 89 5c 24 10 56 48 83 ec
0x00007ffb48193b79:   20 8b 02 48 8b f2 48 8b d9 85 c0 0f 84 e0 00 00
0x00007ffb48193b89:   00 8b 0d d8 73 85 00 4c 8b 43 08 48 89 7c 24 30
0x00007ffb48193b99:   8b f8 48 d3 e7 48 03 3d bb 73 85 00 49 8b 80 a0
0x00007ffb48193ba9:   05 00 00 48 8b d7 41 8b 88 b0 05 00 00 48 d3 ea
0x00007ffb48193bb9:   0f b7 14 50 0f b7 c2 66 c1 e8 08 84 c0 78 3a 4c 


Stack slot to memory mapping:

stack at sp + 0 slots: 0x0000000002fb0000 is an unknown value
stack at sp + 1 slots: 0x00000004306f0001 is an unknown value
stack at sp + 2 slots: 0x0 is null
stack at sp + 3 slots: 0x0000000000000070 is an unknown value
stack at sp + 4 slots: 0x0000000000000004 is an unknown value
stack at sp + 5 slots: 0x00007ffb481944b5 jvm.dll
stack at sp + 6 slots: 0x0000013d49975168 points into unknown readable memory: 0x00007ffb488092e8 | e8 92 80 48 fb 7f 00 00
stack at sp + 7 slots: 0x000003ffc0000000 is an unknown value


---------------  P R O C E S S  ---------------

Threads class SMR info:
_java_thread_list=0x0000013d4973e8a0, length=25, elements={
0x0000013d02922a90, 0x0000013d029247b0, 0x0000013d02926370, 0x0000013d02926dc0,
0x0000013d02928e30, 0x0000013d02929880, 0x0000013d0292ac10, 0x0000013d0292fe70,
0x0000013d02bb8490, 0x0000013d02bbf3f0, 0x0000013d02d4e120, 0x0000013d02d51e70,
0x0000013d02d55c90, 0x0000013d48c13210, 0x0000013d48c21f10, 0x0000013d48c64400,
0x0000013d6097fe30, 0x0000013d48dc3d60, 0x0000013d49323c10, 0x0000013d493eae40,
0x0000013d493bf730, 0x0000013d49751b30, 0x0000013d497500f0, 0x0000013d49752ee0,
0x0000013d497521c0
}

Java Threads: ( => current thread )
  0x0000013d02922a90 JavaThread "Reference Handler"          daemon [_thread_blocked, id=3948, stack(0x00000004ec600000,0x00000004ec700000) (1024K)]
  0x0000013d029247b0 JavaThread "Finalizer"                  daemon [_thread_blocked, id=10508, stack(0x00000004ec700000,0x00000004ec800000) (1024K)]
  0x0000013d02926370 JavaThread "Signal Dispatcher"          daemon [_thread_blocked, id=3852, stack(0x00000004ec800000,0x00000004ec900000) (1024K)]
  0x0000013d02926dc0 JavaThread "Attach Listener"            daemon [_thread_blocked, id=21764, stack(0x00000004ec900000,0x00000004eca00000) (1024K)]
  0x0000013d02928e30 JavaThread "Service Thread"             daemon [_thread_blocked, id=27140, stack(0x00000004eca00000,0x00000004ecb00000) (1024K)]
  0x0000013d02929880 JavaThread "Monitor Deflation Thread"   daemon [_thread_blocked, id=4604, stack(0x00000004ecb00000,0x00000004ecc00000) (1024K)]
  0x0000013d0292ac10 JavaThread "C2 CompilerThread0"         daemon [_thread_blocked, id=27532, stack(0x00000004ecc00000,0x00000004ecd00000) (1024K)]
  0x0000013d0292fe70 JavaThread "C1 CompilerThread0"         daemon [_thread_blocked, id=2524, stack(0x00000004ecd00000,0x00000004ece00000) (1024K)]
  0x0000013d02bb8490 JavaThread "Notification Thread"        daemon [_thread_blocked, id=14096, stack(0x00000004ed000000,0x00000004ed100000) (1024K)]
  0x0000013d02bbf3f0 JavaThread "Common-Cleaner"             daemon [_thread_blocked, id=14540, stack(0x00000004ed100000,0x00000004ed200000) (1024K)]
  0x0000013d02d4e120 JavaThread "Java2D Disposer"            daemon [_thread_blocked, id=29084, stack(0x00000004ed200000,0x00000004ed300000) (1024K)]
  0x0000013d02d51e70 JavaThread "AWT-Shutdown"                      [_thread_blocked, id=4692, stack(0x00000004ed300000,0x00000004ed400000) (1024K)]
  0x0000013d02d55c90 JavaThread "AWT-Windows"                daemon [_thread_in_native, id=12972, stack(0x00000004ed400000,0x00000004ed500000) (1024K)]
  0x0000013d48c13210 JavaThread "EventQueueMonitor-ComponentEvtDispatch" daemon [_thread_blocked, id=27496, stack(0x00000004ed500000,0x00000004ed600000) (1024K)]
  0x0000013d48c21f10 JavaThread "Thread-1"                   daemon [_thread_in_native, id=23200, stack(0x00000004ed600000,0x00000004ed700000) (1024K)]
  0x0000013d48c64400 JavaThread "AWT-EventQueue-0"                  [_thread_blocked, id=28856, stack(0x00000004ed700000,0x00000004ed800000) (1024K)]
  0x0000013d6097fe30 JavaThread "DestroyJavaVM"                     [_thread_blocked, id=27908, stack(0x00000004ebe00000,0x00000004ebf00000) (1024K)]
  0x0000013d48dc3d60 JavaThread "C1 CompilerThread1"         daemon [_thread_blocked, id=26436, stack(0x00000004ece00000,0x00000004ecf00000) (1024K)]
  0x0000013d49323c10 JavaThread "C1 CompilerThread2"         daemon [_thread_blocked, id=20028, stack(0x00000004edb00000,0x00000004edc00000) (1024K)]
  0x0000013d493eae40 JavaThread "HttpClient-1-SelectorManager" daemon [_thread_in_native, id=27272, stack(0x00000004edc00000,0x00000004edd00000) (1024K)]
  0x0000013d493bf730 JavaThread "HttpClient-1-Worker-0"      daemon [_thread_blocked, id=11496, stack(0x00000004ede00000,0x00000004edf00000) (1024K)]
  0x0000013d49751b30 JavaThread "HttpClient-1-Worker-1"      daemon [_thread_blocked, id=12036, stack(0x00000004edf00000,0x00000004ee000000) (1024K)]
  0x0000013d497500f0 JavaThread "HttpClient-1-Worker-2"      daemon [_thread_blocked, id=15280, stack(0x00000004ee000000,0x00000004ee100000) (1024K)]
  0x0000013d49752ee0 JavaThread "TimerQueue"                 daemon [_thread_blocked, id=29024, stack(0x00000004ecf00000,0x00000004ed000000) (1024K)]
  0x0000013d497521c0 JavaThread "Thread-3"                          [_thread_blocked, id=4488, stack(0x00000004ef900000,0x00000004efa00000) (1024K)]
Total: 25

Other Threads:
  0x0000013d0290c920 VMThread "VM Thread"                           [id=9736, stack(0x00000004ec500000,0x00000004ec600000) (1024K)]
  0x0000013d029f0e10 WatcherThread "VM Periodic Task Thread"        [id=16700, stack(0x00000004ec400000,0x00000004ec500000) (1024K)]
  0x0000013d62c11c10 WorkerThread "GC Thread#0"                     [id=28028, stack(0x00000004ebf00000,0x00000004ec000000) (1024K)]
  0x0000013d497697c0 WorkerThread "GC Thread#1"                     [id=29028, stack(0x00000004ee100000,0x00000004ee200000) (1024K)]
  0x0000013d49769b60 WorkerThread "GC Thread#2"                     [id=28228, stack(0x00000004ee200000,0x00000004ee300000) (1024K)]
  0x0000013d49769f00 WorkerThread "GC Thread#3"                     [id=27392, stack(0x00000004ee300000,0x00000004ee400000) (1024K)]
  0x0000013d4976aeb0 WorkerThread "GC Thread#4"                     [id=28628, stack(0x00000004ee400000,0x00000004ee500000) (1024K)]
  0x0000013d4976b250 WorkerThread "GC Thread#5"                     [id=11896, stack(0x00000004ee500000,0x00000004ee600000) (1024K)]
  0x0000013d4976b5f0 WorkerThread "GC Thread#6"                     [id=11080, stack(0x00000004ee600000,0x00000004ee700000) (1024K)]
  0x0000013d497a44f0 WorkerThread "GC Thread#7"                     [id=8480, stack(0x00000004ee700000,0x00000004ee800000) (1024K)]
  0x0000013d497a5b00 WorkerThread "GC Thread#8"                     [id=2456, stack(0x00000004ee800000,0x00000004ee900000) (1024K)]
  0x0000013d497a5ea0 WorkerThread "GC Thread#9"                     [id=27636, stack(0x00000004ee900000,0x00000004eea00000) (1024K)]
  0x0000013d497a5020 WorkerThread "GC Thread#10"                    [id=24984, stack(0x00000004eea00000,0x00000004eeb00000) (1024K)]
=>0x0000013d497a6240 WorkerThread "GC Thread#11"                    [id=23208, stack(0x00000004eeb00000,0x00000004eec00000) (1024K)]
  0x0000013d497a48e0 WorkerThread "GC Thread#12"                    [id=19548, stack(0x00000004eec00000,0x00000004eed00000) (1024K)]
  0x0000013d62c22af0 ConcurrentGCThread "G1 Main Marker"            [id=17668, stack(0x00000004ec000000,0x00000004ec100000) (1024K)]
  0x0000013d62c236a0 WorkerThread "G1 Conc#0"                       [id=12048, stack(0x00000004ec100000,0x00000004ec200000) (1024K)]
  0x0000013d0284eb20 ConcurrentGCThread "G1 Refine#0"               [id=26028, stack(0x00000004ec200000,0x00000004ec300000) (1024K)]
  0x0000013d0284f590 ConcurrentGCThread "G1 Service"                [id=24904, stack(0x00000004ec300000,0x00000004ec400000) (1024K)]
Total: 19

Threads with active compile tasks:
Total: 0

VM state: at safepoint (normal execution)

VM Mutex/Monitor currently owned by a thread:  ([mutex/lock_event])
[0x00007ffb48a6be98] Threads_lock - owner thread: 0x0000013d0290c920
[0x00007ffb48a6bf98] Heap_lock - owner thread: 0x0000013d497521c0

Heap address: 0x0000000700000000, size: 4096 MB, Compressed Oops mode: Zero based, Oop shift amount: 3

CDS archive(s) mapped at: [0x0000013d03000000-0x0000013d03c90000-0x0000013d03c90000), size 13172736, SharedBaseAddress: 0x0000013d03000000, ArchiveRelocationMode: 1.
Compressed class space mapped at: 0x0000013d04000000-0x0000013d44000000, reserved size: 1073741824
Narrow klass base: 0x0000013d03000000, Narrow klass shift: 0, Narrow klass range: 0x100000000

GC Precious Log:
 CardTable entry size: 512
 Card Set container configuration: InlinePtr #cards 4 size 8 Array Of Cards #cards 16 size 48 Howl #buckets 8 coarsen threshold 3686 Howl Bitmap #cards 512 size 80 coarsen threshold 460 Card regions per heap region 1 cards per card region 4096
 CPUs: 16 total, 16 available
 Memory: 32709M
 Large Page Support: Disabled
 NUMA Support: Disabled
 Compressed Oops: Enabled (Zero based)
 Heap Region Size: 2M
 Heap Min Capacity: 512M
 Heap Initial Capacity: 512M
 Heap Max Capacity: 4G
 Pre-touch: Disabled
 Parallel Workers: 13
 Concurrent Workers: 3
 Concurrent Refinement Workers: 13
 Periodic GC: Disabled

Heap:
 garbage-first heap   total 524288K, used 240691K [0x0000000700000000, 0x0000000800000000)
  region size 2048K, 4 young (8192K), 1 survivors (2048K)
 Metaspace       used 16409K, committed 16768K, reserved 1114112K
  class space    used 1806K, committed 1984K, reserved 1048576K

Heap Regions: E=young(eden), S=young(survivor), O=old, HS=humongous(starts), HC=humongous(continues), CS=collection set, F=free, TAMS=top-at-mark-start, PB=parsable bottom
|   0|0x0000000700000000, 0x0000000700200000, 0x0000000700200000|100%|HS|  |TAMS 0x0000000700200000| PB 0x0000000700000000| Complete 
|   1|0x0000000700200000, 0x0000000700400000, 0x0000000700400000|100%| O|  |TAMS 0x00000007002623b8| PB 0x0000000700200000| Untracked 
|   2|0x0000000700400000, 0x0000000700600000, 0x0000000700600000|100%|HS|  |TAMS 0x0000000700600000| PB 0x0000000700400000| Complete 
|   3|0x0000000700600000, 0x0000000700800000, 0x0000000700800000|100%|HC|  |TAMS 0x0000000700800000| PB 0x0000000700600000| Complete 
|   4|0x0000000700800000, 0x0000000700a00000, 0x0000000700a00000|100%|HS|  |TAMS 0x0000000700a00000| PB 0x0000000700800000| Complete 
|   5|0x0000000700a00000, 0x0000000700c00000, 0x0000000700c00000|100%|HC|  |TAMS 0x0000000700c00000| PB 0x0000000700a00000| Complete 
|   6|0x0000000700c00000, 0x0000000700e00000, 0x0000000700e00000|100%|HS|  |TAMS 0x0000000700e00000| PB 0x0000000700c00000| Complete 
|   7|0x0000000700e00000, 0x0000000701000000, 0x0000000701000000|100%|HC|  |TAMS 0x0000000701000000| PB 0x0000000700e00000| Complete 
|   8|0x0000000701000000, 0x0000000701200000, 0x0000000701200000|100%|HS|  |TAMS 0x0000000701200000| PB 0x0000000701000000| Complete 
|   9|0x0000000701200000, 0x0000000701400000, 0x0000000701400000|100%|HC|  |TAMS 0x0000000701400000| PB 0x0000000701200000| Complete 
|  10|0x0000000701400000, 0x0000000701600000, 0x0000000701600000|100%|HS|  |TAMS 0x0000000701600000| PB 0x0000000701400000| Complete 
|  11|0x0000000701600000, 0x0000000701800000, 0x0000000701800000|100%|HC|  |TAMS 0x0000000701800000| PB 0x0000000701600000| Complete 
|  12|0x0000000701800000, 0x0000000701a00000, 0x0000000701a00000|100%|HS|  |TAMS 0x0000000701a00000| PB 0x0000000701800000| Complete 
|  13|0x0000000701a00000, 0x0000000701c00000, 0x0000000701c00000|100%|HC|  |TAMS 0x0000000701c00000| PB 0x0000000701a00000| Complete 
|  14|0x0000000701c00000, 0x0000000701e00000, 0x0000000701e00000|100%|HS|  |TAMS 0x0000000701e00000| PB 0x0000000701c00000| Complete 
|  15|0x0000000701e00000, 0x0000000702000000, 0x0000000702000000|100%|HC|  |TAMS 0x0000000702000000| PB 0x0000000701e00000| Complete 
|  16|0x0000000702000000, 0x0000000702200000, 0x0000000702200000|100%|HS|  |TAMS 0x0000000702200000| PB 0x0000000702000000| Complete 
|  17|0x0000000702200000, 0x0000000702400000, 0x0000000702400000|100%|HC|  |TAMS 0x0000000702400000| PB 0x0000000702200000| Complete 
|  18|0x0000000702400000, 0x0000000702600000, 0x0000000702600000|100%|HS|  |TAMS 0x0000000702600000| PB 0x0000000702400000| Complete 
|  19|0x0000000702600000, 0x0000000702800000, 0x0000000702800000|100%|HC|  |TAMS 0x0000000702800000| PB 0x0000000702600000| Complete 
|  20|0x0000000702800000, 0x0000000702a00000, 0x0000000702a00000|100%|HS|  |TAMS 0x0000000702a00000| PB 0x0000000702800000| Complete 
|  21|0x0000000702a00000, 0x0000000702c00000, 0x0000000702c00000|100%|HC|  |TAMS 0x0000000702c00000| PB 0x0000000702a00000| Complete 
|  22|0x0000000702c00000, 0x0000000702e00000, 0x0000000702e00000|100%|HS|  |TAMS 0x0000000702e00000| PB 0x0000000702c00000| Complete 
|  23|0x0000000702e00000, 0x0000000703000000, 0x0000000703000000|100%|HC|  |TAMS 0x0000000703000000| PB 0x0000000702e00000| Complete 
|  24|0x0000000703000000, 0x0000000703200000, 0x0000000703200000|100%|HS|  |TAMS 0x0000000703200000| PB 0x0000000703000000| Complete 
|  25|0x0000000703200000, 0x0000000703400000, 0x0000000703400000|100%|HC|  |TAMS 0x0000000703400000| PB 0x0000000703200000| Complete 
|  26|0x0000000703400000, 0x0000000703600000, 0x0000000703600000|100%|HS|  |TAMS 0x0000000703600000| PB 0x0000000703400000| Complete 
|  27|0x0000000703600000, 0x0000000703800000, 0x0000000703800000|100%|HC|  |TAMS 0x0000000703800000| PB 0x0000000703600000| Complete 
|  28|0x0000000703800000, 0x0000000703a00000, 0x0000000703a00000|100%|HS|  |TAMS 0x0000000703a00000| PB 0x0000000703800000| Complete 
|  29|0x0000000703a00000, 0x0000000703c00000, 0x0000000703c00000|100%|HC|  |TAMS 0x0000000703c00000| PB 0x0000000703a00000| Complete 
|  30|0x0000000703c00000, 0x0000000703e00000, 0x0000000703e00000|100%|HS|  |TAMS 0x0000000703e00000| PB 0x0000000703c00000| Complete 
|  31|0x0000000703e00000, 0x0000000704000000, 0x0000000704000000|100%|HC|  |TAMS 0x0000000704000000| PB 0x0000000703e00000| Complete 
|  32|0x0000000704000000, 0x0000000704200000, 0x0000000704200000|100%|HS|  |TAMS 0x0000000704200000| PB 0x0000000704000000| Complete 
|  33|0x0000000704200000, 0x0000000704400000, 0x0000000704400000|100%|HC|  |TAMS 0x0000000704400000| PB 0x0000000704200000| Complete 
|  34|0x0000000704400000, 0x0000000704600000, 0x0000000704600000|100%|HS|  |TAMS 0x0000000704600000| PB 0x0000000704400000| Complete 
|  35|0x0000000704600000, 0x0000000704800000, 0x0000000704800000|100%|HC|  |TAMS 0x0000000704800000| PB 0x0000000704600000| Complete 
|  36|0x0000000704800000, 0x0000000704a00000, 0x0000000704a00000|100%|HS|  |TAMS 0x0000000704a00000| PB 0x0000000704800000| Complete 
|  37|0x0000000704a00000, 0x0000000704c00000, 0x0000000704c00000|100%|HC|  |TAMS 0x0000000704c00000| PB 0x0000000704a00000| Complete 
|  38|0x0000000704c00000, 0x0000000704e00000, 0x0000000704e00000|100%|HS|  |TAMS 0x0000000704e00000| PB 0x0000000704c00000| Complete 
|  39|0x0000000704e00000, 0x0000000705000000, 0x0000000705000000|100%|HC|  |TAMS 0x0000000705000000| PB 0x0000000704e00000| Complete 
|  40|0x0000000705000000, 0x0000000705200000, 0x0000000705200000|100%|HS|  |TAMS 0x0000000705200000| PB 0x0000000705000000| Complete 
|  41|0x0000000705200000, 0x0000000705400000, 0x0000000705400000|100%|HC|  |TAMS 0x0000000705400000| PB 0x0000000705200000| Complete 
|  42|0x0000000705400000, 0x0000000705600000, 0x0000000705600000|100%|HS|  |TAMS 0x0000000705600000| PB 0x0000000705400000| Complete 
|  43|0x0000000705600000, 0x0000000705800000, 0x0000000705800000|100%|HC|  |TAMS 0x0000000705800000| PB 0x0000000705600000| Complete 
|  44|0x0000000705800000, 0x0000000705a00000, 0x0000000705a00000|100%|HS|  |TAMS 0x0000000705a00000| PB 0x0000000705800000| Complete 
|  45|0x0000000705a00000, 0x0000000705c00000, 0x0000000705c00000|100%|HC|  |TAMS 0x0000000705c00000| PB 0x0000000705a00000| Complete 
|  46|0x0000000705c00000, 0x0000000705e00000, 0x0000000705e00000|100%|HS|  |TAMS 0x0000000705e00000| PB 0x0000000705c00000| Complete 
|  47|0x0000000705e00000, 0x0000000706000000, 0x0000000706000000|100%|HC|  |TAMS 0x0000000706000000| PB 0x0000000705e00000| Complete 
|  48|0x0000000706000000, 0x0000000706200000, 0x0000000706200000|100%|HS|  |TAMS 0x0000000706200000| PB 0x0000000706000000| Complete 
|  49|0x0000000706200000, 0x0000000706400000, 0x0000000706400000|100%|HC|  |TAMS 0x0000000706400000| PB 0x0000000706200000| Complete 
|  50|0x0000000706400000, 0x0000000706600000, 0x0000000706600000|100%|HS|  |TAMS 0x0000000706600000| PB 0x0000000706400000| Complete 
|  51|0x0000000706600000, 0x0000000706800000, 0x0000000706800000|100%|HC|  |TAMS 0x0000000706800000| PB 0x0000000706600000| Complete 
|  52|0x0000000706800000, 0x0000000706a00000, 0x0000000706a00000|100%|HS|  |TAMS 0x0000000706a00000| PB 0x0000000706800000| Complete 
|  53|0x0000000706a00000, 0x0000000706c00000, 0x0000000706c00000|100%|HC|  |TAMS 0x0000000706c00000| PB 0x0000000706a00000| Complete 
|  54|0x0000000706c00000, 0x0000000706e00000, 0x0000000706e00000|100%|HS|  |TAMS 0x0000000706e00000| PB 0x0000000706c00000| Complete 
|  55|0x0000000706e00000, 0x0000000707000000, 0x0000000707000000|100%|HC|  |TAMS 0x0000000707000000| PB 0x0000000706e00000| Complete 
|  56|0x0000000707000000, 0x0000000707200000, 0x0000000707200000|100%|HS|  |TAMS 0x0000000707200000| PB 0x0000000707000000| Complete 
|  57|0x0000000707200000, 0x0000000707400000, 0x0000000707400000|100%|HC|  |TAMS 0x0000000707400000| PB 0x0000000707200000| Complete 
|  58|0x0000000707400000, 0x0000000707600000, 0x0000000707600000|100%|HS|  |TAMS 0x0000000707600000| PB 0x0000000707400000| Complete 
|  59|0x0000000707600000, 0x0000000707800000, 0x0000000707800000|100%|HC|  |TAMS 0x0000000707800000| PB 0x0000000707600000| Complete 
|  60|0x0000000707800000, 0x0000000707a00000, 0x0000000707a00000|100%|HS|  |TAMS 0x0000000707a00000| PB 0x0000000707800000| Complete 
|  61|0x0000000707a00000, 0x0000000707c00000, 0x0000000707c00000|100%|HC|  |TAMS 0x0000000707c00000| PB 0x0000000707a00000| Complete 
|  62|0x0000000707c00000, 0x0000000707e00000, 0x0000000707e00000|100%|HS|  |TAMS 0x0000000707e00000| PB 0x0000000707c00000| Complete 
|  63|0x0000000707e00000, 0x0000000708000000, 0x0000000708000000|100%|HC|  |TAMS 0x0000000708000000| PB 0x0000000707e00000| Complete 
|  64|0x0000000708000000, 0x0000000708200000, 0x0000000708200000|100%|HS|  |TAMS 0x0000000708200000| PB 0x0000000708000000| Complete 
|  65|0x0000000708200000, 0x0000000708400000, 0x0000000708400000|100%|HC|  |TAMS 0x0000000708400000| PB 0x0000000708200000| Complete 
|  66|0x0000000708400000, 0x0000000708600000, 0x0000000708600000|100%|HS|  |TAMS 0x0000000708600000| PB 0x0000000708400000| Complete 
|  67|0x0000000708600000, 0x0000000708800000, 0x0000000708800000|100%|HC|  |TAMS 0x0000000708800000| PB 0x0000000708600000| Complete 
|  68|0x0000000708800000, 0x0000000708a00000, 0x0000000708a00000|100%|HS|  |TAMS 0x0000000708a00000| PB 0x0000000708800000| Complete 
|  69|0x0000000708a00000, 0x0000000708c00000, 0x0000000708c00000|100%|HC|  |TAMS 0x0000000708c00000| PB 0x0000000708a00000| Complete 
|  70|0x0000000708c00000, 0x0000000708e00000, 0x0000000708e00000|100%|HS|  |TAMS 0x0000000708e00000| PB 0x0000000708c00000| Complete 
|  71|0x0000000708e00000, 0x0000000709000000, 0x0000000709000000|100%|HC|  |TAMS 0x0000000709000000| PB 0x0000000708e00000| Complete 
|  72|0x0000000709000000, 0x0000000709200000, 0x0000000709200000|100%|HS|  |TAMS 0x0000000709200000| PB 0x0000000709000000| Complete 
|  73|0x0000000709200000, 0x0000000709400000, 0x0000000709400000|100%|HC|  |TAMS 0x0000000709400000| PB 0x0000000709200000| Complete 
|  74|0x0000000709400000, 0x0000000709600000, 0x0000000709600000|100%|HS|  |TAMS 0x0000000709600000| PB 0x0000000709400000| Complete 
|  75|0x0000000709600000, 0x0000000709800000, 0x0000000709800000|100%|HC|  |TAMS 0x0000000709800000| PB 0x0000000709600000| Complete 
|  76|0x0000000709800000, 0x0000000709a00000, 0x0000000709a00000|100%|HS|  |TAMS 0x0000000709a00000| PB 0x0000000709800000| Complete 
|  77|0x0000000709a00000, 0x0000000709c00000, 0x0000000709c00000|100%|HC|  |TAMS 0x0000000709c00000| PB 0x0000000709a00000| Complete 
|  78|0x0000000709c00000, 0x0000000709e00000, 0x0000000709e00000|100%|HS|  |TAMS 0x0000000709e00000| PB 0x0000000709c00000| Complete 
|  79|0x0000000709e00000, 0x000000070a000000, 0x000000070a000000|100%|HC|  |TAMS 0x000000070a000000| PB 0x0000000709e00000| Complete 
|  80|0x000000070a000000, 0x000000070a200000, 0x000000070a200000|100%|HS|  |TAMS 0x000000070a200000| PB 0x000000070a000000| Complete 
|  81|0x000000070a200000, 0x000000070a400000, 0x000000070a400000|100%|HC|  |TAMS 0x000000070a400000| PB 0x000000070a200000| Complete 
|  82|0x000000070a400000, 0x000000070a600000, 0x000000070a600000|100%|HS|  |TAMS 0x000000070a600000| PB 0x000000070a400000| Complete 
|  83|0x000000070a600000, 0x000000070a800000, 0x000000070a800000|100%|HC|  |TAMS 0x000000070a800000| PB 0x000000070a600000| Complete 
|  84|0x000000070a800000, 0x000000070aa00000, 0x000000070aa00000|100%|HS|  |TAMS 0x000000070aa00000| PB 0x000000070a800000| Complete 
|  85|0x000000070aa00000, 0x000000070ac00000, 0x000000070ac00000|100%|HC|  |TAMS 0x000000070ac00000| PB 0x000000070aa00000| Complete 
|  86|0x000000070ac00000, 0x000000070ae00000, 0x000000070ae00000|100%|HS|  |TAMS 0x000000070ae00000| PB 0x000000070ac00000| Complete 
|  87|0x000000070ae00000, 0x000000070b000000, 0x000000070b000000|100%|HC|  |TAMS 0x000000070b000000| PB 0x000000070ae00000| Complete 
|  88|0x000000070b000000, 0x000000070b200000, 0x000000070b200000|100%|HS|  |TAMS 0x000000070b200000| PB 0x000000070b000000| Complete 
|  89|0x000000070b200000, 0x000000070b400000, 0x000000070b400000|100%|HC|  |TAMS 0x000000070b400000| PB 0x000000070b200000| Complete 
|  90|0x000000070b400000, 0x000000070b600000, 0x000000070b600000|100%|HS|  |TAMS 0x000000070b600000| PB 0x000000070b400000| Complete 
|  91|0x000000070b600000, 0x000000070b800000, 0x000000070b800000|100%|HC|  |TAMS 0x000000070b800000| PB 0x000000070b600000| Complete 
|  92|0x000000070b800000, 0x000000070ba00000, 0x000000070ba00000|100%|HS|  |TAMS 0x000000070ba00000| PB 0x000000070b800000| Complete 
|  93|0x000000070ba00000, 0x000000070bc00000, 0x000000070bc00000|100%|HC|  |TAMS 0x000000070bc00000| PB 0x000000070ba00000| Complete 
|  94|0x000000070bc00000, 0x000000070be00000, 0x000000070be00000|100%|HS|  |TAMS 0x000000070be00000| PB 0x000000070bc00000| Complete 
|  95|0x000000070be00000, 0x000000070c000000, 0x000000070c000000|100%|HC|  |TAMS 0x000000070c000000| PB 0x000000070be00000| Complete 
|  96|0x000000070c000000, 0x000000070c200000, 0x000000070c200000|100%|HS|  |TAMS 0x000000070c200000| PB 0x000000070c000000| Complete 
|  97|0x000000070c200000, 0x000000070c400000, 0x000000070c400000|100%|HC|  |TAMS 0x000000070c400000| PB 0x000000070c200000| Complete 
|  98|0x000000070c400000, 0x000000070c600000, 0x000000070c600000|100%|HS|  |TAMS 0x000000070c600000| PB 0x000000070c400000| Complete 
|  99|0x000000070c600000, 0x000000070c800000, 0x000000070c800000|100%|HC|  |TAMS 0x000000070c800000| PB 0x000000070c600000| Complete 
| 100|0x000000070c800000, 0x000000070ca00000, 0x000000070ca00000|100%|HS|  |TAMS 0x000000070ca00000| PB 0x000000070c800000| Complete 
| 101|0x000000070ca00000, 0x000000070cc00000, 0x000000070cc00000|100%|HC|  |TAMS 0x000000070cc00000| PB 0x000000070ca00000| Complete 
| 102|0x000000070cc00000, 0x000000070ce00000, 0x000000070ce00000|100%|HS|  |TAMS 0x000000070ce00000| PB 0x000000070cc00000| Complete 
| 103|0x000000070ce00000, 0x000000070d000000, 0x000000070d000000|100%|HC|  |TAMS 0x000000070d000000| PB 0x000000070ce00000| Complete 
| 104|0x000000070d000000, 0x000000070d200000, 0x000000070d200000|100%|HS|  |TAMS 0x000000070d200000| PB 0x000000070d000000| Complete 
| 105|0x000000070d200000, 0x000000070d400000, 0x000000070d400000|100%|HC|  |TAMS 0x000000070d400000| PB 0x000000070d200000| Complete 
| 106|0x000000070d400000, 0x000000070d600000, 0x000000070d600000|100%|HS|  |TAMS 0x000000070d600000| PB 0x000000070d400000| Complete 
| 107|0x000000070d600000, 0x000000070d800000, 0x000000070d800000|100%|HC|  |TAMS 0x000000070d800000| PB 0x000000070d600000| Complete 
| 108|0x000000070d800000, 0x000000070da00000, 0x000000070da00000|100%|HS|  |TAMS 0x000000070da00000| PB 0x000000070d800000| Complete 
| 109|0x000000070da00000, 0x000000070dc00000, 0x000000070dc00000|100%|HC|  |TAMS 0x000000070dc00000| PB 0x000000070da00000| Complete 
| 110|0x000000070dc00000, 0x000000070de00000, 0x000000070de00000|100%|HS|  |TAMS 0x000000070de00000| PB 0x000000070dc00000| Complete 
| 111|0x000000070de00000, 0x000000070e000000, 0x000000070e000000|100%|HC|  |TAMS 0x000000070e000000| PB 0x000000070de00000| Complete 
| 112|0x000000070e000000, 0x000000070e200000, 0x000000070e200000|100%|HS|  |TAMS 0x000000070e200000| PB 0x000000070e000000| Complete 
| 113|0x000000070e200000, 0x000000070e400000, 0x000000070e400000|100%|HC|  |TAMS 0x000000070e400000| PB 0x000000070e200000| Complete 
| 114|0x000000070e400000, 0x000000070e600000, 0x000000070e600000|100%| O|  |TAMS 0x000000070e400000| PB 0x000000070e400000| Untracked 
| 115|0x000000070e600000, 0x000000070e65ba00, 0x000000070e800000| 17%| O|  |TAMS 0x000000070e600000| PB 0x000000070e600000| Untracked 
| 116|0x000000070e800000, 0x000000070e800000, 0x000000070ea00000|  0%| F|  |TAMS 0x000000070e800000| PB 0x000000070e800000| Untracked 
| 117|0x000000070ea00000, 0x000000070ea00000, 0x000000070ec00000|  0%| F|  |TAMS 0x000000070ea00000| PB 0x000000070ea00000| Untracked 
| 118|0x000000070ec00000, 0x000000070ec00000, 0x000000070ee00000|  0%| F|  |TAMS 0x000000070ec00000| PB 0x000000070ec00000| Untracked 
| 119|0x000000070ee00000, 0x000000070ee00000, 0x000000070f000000|  0%| F|  |TAMS 0x000000070ee00000| PB 0x000000070ee00000| Untracked 
| 120|0x000000070f000000, 0x000000070f000000, 0x000000070f200000|  0%| F|  |TAMS 0x000000070f000000| PB 0x000000070f000000| Untracked 
| 121|0x000000070f200000, 0x000000070f200000, 0x000000070f400000|  0%| F|  |TAMS 0x000000070f200000| PB 0x000000070f200000| Untracked 
| 122|0x000000070f400000, 0x000000070f400000, 0x000000070f600000|  0%| F|  |TAMS 0x000000070f400000| PB 0x000000070f400000| Untracked 
| 123|0x000000070f600000, 0x000000070f600000, 0x000000070f800000|  0%| F|  |TAMS 0x000000070f600000| PB 0x000000070f600000| Untracked 
| 124|0x000000070f800000, 0x000000070f800000, 0x000000070fa00000|  0%| F|  |TAMS 0x000000070f800000| PB 0x000000070f800000| Untracked 
| 125|0x000000070fa00000, 0x000000070fa00000, 0x000000070fc00000|  0%| F|  |TAMS 0x000000070fa00000| PB 0x000000070fa00000| Untracked 
| 126|0x000000070fc00000, 0x000000070fc00000, 0x000000070fe00000|  0%| F|  |TAMS 0x000000070fc00000| PB 0x000000070fc00000| Untracked 
| 127|0x000000070fe00000, 0x000000070fe00000, 0x0000000710000000|  0%| F|  |TAMS 0x000000070fe00000| PB 0x000000070fe00000| Untracked 
| 128|0x0000000710000000, 0x0000000710000000, 0x0000000710200000|  0%| F|  |TAMS 0x0000000710000000| PB 0x0000000710000000| Untracked 
| 129|0x0000000710200000, 0x0000000710200000, 0x0000000710400000|  0%| F|  |TAMS 0x0000000710200000| PB 0x0000000710200000| Untracked 
| 130|0x0000000710400000, 0x0000000710400000, 0x0000000710600000|  0%| F|  |TAMS 0x0000000710400000| PB 0x0000000710400000| Untracked 
| 131|0x0000000710600000, 0x0000000710600000, 0x0000000710800000|  0%| F|  |TAMS 0x0000000710600000| PB 0x0000000710600000| Untracked 
| 132|0x0000000710800000, 0x0000000710800000, 0x0000000710a00000|  0%| F|  |TAMS 0x0000000710800000| PB 0x0000000710800000| Untracked 
| 133|0x0000000710a00000, 0x0000000710a00000, 0x0000000710c00000|  0%| F|  |TAMS 0x0000000710a00000| PB 0x0000000710a00000| Untracked 
| 134|0x0000000710c00000, 0x0000000710c00000, 0x0000000710e00000|  0%| F|  |TAMS 0x0000000710c00000| PB 0x0000000710c00000| Untracked 
| 135|0x0000000710e00000, 0x0000000710e00000, 0x0000000711000000|  0%| F|  |TAMS 0x0000000710e00000| PB 0x0000000710e00000| Untracked 
| 136|0x0000000711000000, 0x0000000711000000, 0x0000000711200000|  0%| F|  |TAMS 0x0000000711000000| PB 0x0000000711000000| Untracked 
| 137|0x0000000711200000, 0x0000000711200000, 0x0000000711400000|  0%| F|  |TAMS 0x0000000711200000| PB 0x0000000711200000| Untracked 
| 138|0x0000000711400000, 0x0000000711400000, 0x0000000711600000|  0%| F|  |TAMS 0x0000000711400000| PB 0x0000000711400000| Untracked 
| 139|0x0000000711600000, 0x0000000711600000, 0x0000000711800000|  0%| F|  |TAMS 0x0000000711600000| PB 0x0000000711600000| Untracked 
| 140|0x0000000711800000, 0x0000000711800000, 0x0000000711a00000|  0%| F|  |TAMS 0x0000000711800000| PB 0x0000000711800000| Untracked 
| 141|0x0000000711a00000, 0x0000000711a00000, 0x0000000711c00000|  0%| F|  |TAMS 0x0000000711a00000| PB 0x0000000711a00000| Untracked 
| 142|0x0000000711c00000, 0x0000000711c00000, 0x0000000711e00000|  0%| F|  |TAMS 0x0000000711c00000| PB 0x0000000711c00000| Untracked 
| 143|0x0000000711e00000, 0x0000000711e00000, 0x0000000712000000|  0%| F|  |TAMS 0x0000000711e00000| PB 0x0000000711e00000| Untracked 
| 144|0x0000000712000000, 0x0000000712000000, 0x0000000712200000|  0%| F|  |TAMS 0x0000000712000000| PB 0x0000000712000000| Untracked 
| 145|0x0000000712200000, 0x0000000712200000, 0x0000000712400000|  0%| F|  |TAMS 0x0000000712200000| PB 0x0000000712200000| Untracked 
| 146|0x0000000712400000, 0x0000000712400000, 0x0000000712600000|  0%| F|  |TAMS 0x0000000712400000| PB 0x0000000712400000| Untracked 
| 147|0x0000000712600000, 0x0000000712600000, 0x0000000712800000|  0%| F|  |TAMS 0x0000000712600000| PB 0x0000000712600000| Untracked 
| 148|0x0000000712800000, 0x0000000712800000, 0x0000000712a00000|  0%| F|  |TAMS 0x0000000712800000| PB 0x0000000712800000| Untracked 
| 149|0x0000000712a00000, 0x0000000712a00000, 0x0000000712c00000|  0%| F|  |TAMS 0x0000000712a00000| PB 0x0000000712a00000| Untracked 
| 150|0x0000000712c00000, 0x0000000712c00000, 0x0000000712e00000|  0%| F|  |TAMS 0x0000000712c00000| PB 0x0000000712c00000| Untracked 
| 151|0x0000000712e00000, 0x0000000712e00000, 0x0000000713000000|  0%| F|  |TAMS 0x0000000712e00000| PB 0x0000000712e00000| Untracked 
| 152|0x0000000713000000, 0x0000000713000000, 0x0000000713200000|  0%| F|  |TAMS 0x0000000713000000| PB 0x0000000713000000| Untracked 
| 153|0x0000000713200000, 0x0000000713200000, 0x0000000713400000|  0%| F|  |TAMS 0x0000000713200000| PB 0x0000000713200000| Untracked 
| 154|0x0000000713400000, 0x0000000713400000, 0x0000000713600000|  0%| F|  |TAMS 0x0000000713400000| PB 0x0000000713400000| Untracked 
| 155|0x0000000713600000, 0x0000000713600000, 0x0000000713800000|  0%| F|  |TAMS 0x0000000713600000| PB 0x0000000713600000| Untracked 
| 156|0x0000000713800000, 0x0000000713800000, 0x0000000713a00000|  0%| F|  |TAMS 0x0000000713800000| PB 0x0000000713800000| Untracked 
| 157|0x0000000713a00000, 0x0000000713a00000, 0x0000000713c00000|  0%| F|  |TAMS 0x0000000713a00000| PB 0x0000000713a00000| Untracked 
| 158|0x0000000713c00000, 0x0000000713c00000, 0x0000000713e00000|  0%| F|  |TAMS 0x0000000713c00000| PB 0x0000000713c00000| Untracked 
| 159|0x0000000713e00000, 0x0000000713e00000, 0x0000000714000000|  0%| F|  |TAMS 0x0000000713e00000| PB 0x0000000713e00000| Untracked 
| 160|0x0000000714000000, 0x0000000714000000, 0x0000000714200000|  0%| F|  |TAMS 0x0000000714000000| PB 0x0000000714000000| Untracked 
| 161|0x0000000714200000, 0x0000000714200000, 0x0000000714400000|  0%| F|  |TAMS 0x0000000714200000| PB 0x0000000714200000| Untracked 
| 162|0x0000000714400000, 0x0000000714400000, 0x0000000714600000|  0%| F|  |TAMS 0x0000000714400000| PB 0x0000000714400000| Untracked 
| 163|0x0000000714600000, 0x0000000714600000, 0x0000000714800000|  0%| F|  |TAMS 0x0000000714600000| PB 0x0000000714600000| Untracked 
| 164|0x0000000714800000, 0x0000000714800000, 0x0000000714a00000|  0%| F|  |TAMS 0x0000000714800000| PB 0x0000000714800000| Untracked 
| 165|0x0000000714a00000, 0x0000000714a00000, 0x0000000714c00000|  0%| F|  |TAMS 0x0000000714a00000| PB 0x0000000714a00000| Untracked 
| 166|0x0000000714c00000, 0x0000000714c00000, 0x0000000714e00000|  0%| F|  |TAMS 0x0000000714c00000| PB 0x0000000714c00000| Untracked 
| 167|0x0000000714e00000, 0x0000000714e00000, 0x0000000715000000|  0%| F|  |TAMS 0x0000000714e00000| PB 0x0000000714e00000| Untracked 
| 168|0x0000000715000000, 0x0000000715000000, 0x0000000715200000|  0%| F|  |TAMS 0x0000000715000000| PB 0x0000000715000000| Untracked 
| 169|0x0000000715200000, 0x0000000715200000, 0x0000000715400000|  0%| F|  |TAMS 0x0000000715200000| PB 0x0000000715200000| Untracked 
| 170|0x0000000715400000, 0x0000000715400000, 0x0000000715600000|  0%| F|  |TAMS 0x0000000715400000| PB 0x0000000715400000| Untracked 
| 171|0x0000000715600000, 0x0000000715600000, 0x0000000715800000|  0%| F|  |TAMS 0x0000000715600000| PB 0x0000000715600000| Untracked 
| 172|0x0000000715800000, 0x0000000715800000, 0x0000000715a00000|  0%| F|  |TAMS 0x0000000715800000| PB 0x0000000715800000| Untracked 
| 173|0x0000000715a00000, 0x0000000715a00000, 0x0000000715c00000|  0%| F|  |TAMS 0x0000000715a00000| PB 0x0000000715a00000| Untracked 
| 174|0x0000000715c00000, 0x0000000715c00000, 0x0000000715e00000|  0%| F|  |TAMS 0x0000000715c00000| PB 0x0000000715c00000| Untracked 
| 175|0x0000000715e00000, 0x0000000715e00000, 0x0000000716000000|  0%| F|  |TAMS 0x0000000715e00000| PB 0x0000000715e00000| Untracked 
| 176|0x0000000716000000, 0x0000000716000000, 0x0000000716200000|  0%| F|  |TAMS 0x0000000716000000| PB 0x0000000716000000| Untracked 
| 177|0x0000000716200000, 0x0000000716200000, 0x0000000716400000|  0%| F|  |TAMS 0x0000000716200000| PB 0x0000000716200000| Untracked 
| 178|0x0000000716400000, 0x0000000716400000, 0x0000000716600000|  0%| F|  |TAMS 0x0000000716400000| PB 0x0000000716400000| Untracked 
| 179|0x0000000716600000, 0x0000000716600000, 0x0000000716800000|  0%| F|  |TAMS 0x0000000716600000| PB 0x0000000716600000| Untracked 
| 180|0x0000000716800000, 0x0000000716800000, 0x0000000716a00000|  0%| F|  |TAMS 0x0000000716800000| PB 0x0000000716800000| Untracked 
| 181|0x0000000716a00000, 0x0000000716a00000, 0x0000000716c00000|  0%| F|  |TAMS 0x0000000716a00000| PB 0x0000000716a00000| Untracked 
| 182|0x0000000716c00000, 0x0000000716c00000, 0x0000000716e00000|  0%| F|  |TAMS 0x0000000716c00000| PB 0x0000000716c00000| Untracked 
| 183|0x0000000716e00000, 0x0000000716e00000, 0x0000000717000000|  0%| F|  |TAMS 0x0000000716e00000| PB 0x0000000716e00000| Untracked 
| 184|0x0000000717000000, 0x0000000717000000, 0x0000000717200000|  0%| F|  |TAMS 0x0000000717000000| PB 0x0000000717000000| Untracked 
| 185|0x0000000717200000, 0x0000000717200000, 0x0000000717400000|  0%| F|  |TAMS 0x0000000717200000| PB 0x0000000717200000| Untracked 
| 186|0x0000000717400000, 0x0000000717400000, 0x0000000717600000|  0%| F|  |TAMS 0x0000000717400000| PB 0x0000000717400000| Untracked 
| 187|0x0000000717600000, 0x0000000717600000, 0x0000000717800000|  0%| F|  |TAMS 0x0000000717600000| PB 0x0000000717600000| Untracked 
| 188|0x0000000717800000, 0x0000000717800000, 0x0000000717a00000|  0%| F|  |TAMS 0x0000000717800000| PB 0x0000000717800000| Untracked 
| 189|0x0000000717a00000, 0x0000000717a00000, 0x0000000717c00000|  0%| F|  |TAMS 0x0000000717a00000| PB 0x0000000717a00000| Untracked 
| 190|0x0000000717c00000, 0x0000000717c00000, 0x0000000717e00000|  0%| F|  |TAMS 0x0000000717c00000| PB 0x0000000717c00000| Untracked 
| 191|0x0000000717e00000, 0x0000000717e00000, 0x0000000718000000|  0%| F|  |TAMS 0x0000000717e00000| PB 0x0000000717e00000| Untracked 
| 192|0x0000000718000000, 0x0000000718000000, 0x0000000718200000|  0%| F|  |TAMS 0x0000000718000000| PB 0x0000000718000000| Untracked 
| 193|0x0000000718200000, 0x0000000718200000, 0x0000000718400000|  0%| F|  |TAMS 0x0000000718200000| PB 0x0000000718200000| Untracked 
| 194|0x0000000718400000, 0x0000000718400000, 0x0000000718600000|  0%| F|  |TAMS 0x0000000718400000| PB 0x0000000718400000| Untracked 
| 195|0x0000000718600000, 0x0000000718600000, 0x0000000718800000|  0%| F|  |TAMS 0x0000000718600000| PB 0x0000000718600000| Untracked 
| 196|0x0000000718800000, 0x0000000718800000, 0x0000000718a00000|  0%| F|  |TAMS 0x0000000718800000| PB 0x0000000718800000| Untracked 
| 197|0x0000000718a00000, 0x0000000718a00000, 0x0000000718c00000|  0%| F|  |TAMS 0x0000000718a00000| PB 0x0000000718a00000| Untracked 
| 198|0x0000000718c00000, 0x0000000718c00000, 0x0000000718e00000|  0%| F|  |TAMS 0x0000000718c00000| PB 0x0000000718c00000| Untracked 
| 199|0x0000000718e00000, 0x0000000718e00000, 0x0000000719000000|  0%| F|  |TAMS 0x0000000718e00000| PB 0x0000000718e00000| Untracked 
| 200|0x0000000719000000, 0x0000000719000000, 0x0000000719200000|  0%| F|  |TAMS 0x0000000719000000| PB 0x0000000719000000| Untracked 
| 201|0x0000000719200000, 0x0000000719200000, 0x0000000719400000|  0%| F|  |TAMS 0x0000000719200000| PB 0x0000000719200000| Untracked 
| 202|0x0000000719400000, 0x0000000719400000, 0x0000000719600000|  0%| F|  |TAMS 0x0000000719400000| PB 0x0000000719400000| Untracked 
| 203|0x0000000719600000, 0x0000000719600000, 0x0000000719800000|  0%| F|  |TAMS 0x0000000719600000| PB 0x0000000719600000| Untracked 
| 204|0x0000000719800000, 0x0000000719800000, 0x0000000719a00000|  0%| F|  |TAMS 0x0000000719800000| PB 0x0000000719800000| Untracked 
| 205|0x0000000719a00000, 0x0000000719a00000, 0x0000000719c00000|  0%| F|  |TAMS 0x0000000719a00000| PB 0x0000000719a00000| Untracked 
| 206|0x0000000719c00000, 0x0000000719c00000, 0x0000000719e00000|  0%| F|  |TAMS 0x0000000719c00000| PB 0x0000000719c00000| Untracked 
| 207|0x0000000719e00000, 0x0000000719e00000, 0x000000071a000000|  0%| F|  |TAMS 0x0000000719e00000| PB 0x0000000719e00000| Untracked 
| 208|0x000000071a000000, 0x000000071a000000, 0x000000071a200000|  0%| F|  |TAMS 0x000000071a000000| PB 0x000000071a000000| Untracked 
| 209|0x000000071a200000, 0x000000071a200000, 0x000000071a400000|  0%| F|  |TAMS 0x000000071a200000| PB 0x000000071a200000| Untracked 
| 210|0x000000071a400000, 0x000000071a400000, 0x000000071a600000|  0%| F|  |TAMS 0x000000071a400000| PB 0x000000071a400000| Untracked 
| 211|0x000000071a600000, 0x000000071a600000, 0x000000071a800000|  0%| F|  |TAMS 0x000000071a600000| PB 0x000000071a600000| Untracked 
| 212|0x000000071a800000, 0x000000071a800000, 0x000000071aa00000|  0%| F|  |TAMS 0x000000071a800000| PB 0x000000071a800000| Untracked 
| 213|0x000000071aa00000, 0x000000071aa00000, 0x000000071ac00000|  0%| F|  |TAMS 0x000000071aa00000| PB 0x000000071aa00000| Untracked 
| 214|0x000000071ac00000, 0x000000071ac00000, 0x000000071ae00000|  0%| F|  |TAMS 0x000000071ac00000| PB 0x000000071ac00000| Untracked 
| 215|0x000000071ae00000, 0x000000071ae00000, 0x000000071b000000|  0%| F|  |TAMS 0x000000071ae00000| PB 0x000000071ae00000| Untracked 
| 216|0x000000071b000000, 0x000000071b000000, 0x000000071b200000|  0%| F|  |TAMS 0x000000071b000000| PB 0x000000071b000000| Untracked 
| 217|0x000000071b200000, 0x000000071b200000, 0x000000071b400000|  0%| F|  |TAMS 0x000000071b200000| PB 0x000000071b200000| Untracked 
| 218|0x000000071b400000, 0x000000071b400000, 0x000000071b600000|  0%| F|  |TAMS 0x000000071b400000| PB 0x000000071b400000| Untracked 
| 219|0x000000071b600000, 0x000000071b600000, 0x000000071b800000|  0%| F|  |TAMS 0x000000071b600000| PB 0x000000071b600000| Untracked 
| 220|0x000000071b800000, 0x000000071b800000, 0x000000071ba00000|  0%| F|  |TAMS 0x000000071b800000| PB 0x000000071b800000| Untracked 
| 221|0x000000071ba00000, 0x000000071ba00000, 0x000000071bc00000|  0%| F|  |TAMS 0x000000071ba00000| PB 0x000000071ba00000| Untracked 
| 222|0x000000071bc00000, 0x000000071bc00000, 0x000000071be00000|  0%| F|  |TAMS 0x000000071bc00000| PB 0x000000071bc00000| Untracked 
| 223|0x000000071be00000, 0x000000071be00000, 0x000000071c000000|  0%| F|  |TAMS 0x000000071be00000| PB 0x000000071be00000| Untracked 
| 224|0x000000071c000000, 0x000000071c000000, 0x000000071c200000|  0%| F|  |TAMS 0x000000071c000000| PB 0x000000071c000000| Untracked 
| 225|0x000000071c200000, 0x000000071c200000, 0x000000071c400000|  0%| F|  |TAMS 0x000000071c200000| PB 0x000000071c200000| Untracked 
| 226|0x000000071c400000, 0x000000071c400000, 0x000000071c600000|  0%| F|  |TAMS 0x000000071c400000| PB 0x000000071c400000| Untracked 
| 227|0x000000071c600000, 0x000000071c600000, 0x000000071c800000|  0%| F|  |TAMS 0x000000071c600000| PB 0x000000071c600000| Untracked 
| 228|0x000000071c800000, 0x000000071c800000, 0x000000071ca00000|  0%| F|  |TAMS 0x000000071c800000| PB 0x000000071c800000| Untracked 
| 229|0x000000071ca00000, 0x000000071ca00000, 0x000000071cc00000|  0%| F|  |TAMS 0x000000071ca00000| PB 0x000000071ca00000| Untracked 
| 230|0x000000071cc00000, 0x000000071cc00000, 0x000000071ce00000|  0%| F|  |TAMS 0x000000071cc00000| PB 0x000000071cc00000| Untracked 
| 231|0x000000071ce00000, 0x000000071ce00000, 0x000000071d000000|  0%| F|  |TAMS 0x000000071ce00000| PB 0x000000071ce00000| Untracked 
| 232|0x000000071d000000, 0x000000071d000000, 0x000000071d200000|  0%| F|  |TAMS 0x000000071d000000| PB 0x000000071d000000| Untracked 
| 233|0x000000071d200000, 0x000000071d200000, 0x000000071d400000|  0%| F|  |TAMS 0x000000071d200000| PB 0x000000071d200000| Untracked 
| 234|0x000000071d400000, 0x000000071d400000, 0x000000071d600000|  0%| F|  |TAMS 0x000000071d400000| PB 0x000000071d400000| Untracked 
| 235|0x000000071d600000, 0x000000071d600000, 0x000000071d800000|  0%| F|  |TAMS 0x000000071d600000| PB 0x000000071d600000| Untracked 
| 236|0x000000071d800000, 0x000000071d800000, 0x000000071da00000|  0%| F|  |TAMS 0x000000071d800000| PB 0x000000071d800000| Untracked 
| 237|0x000000071da00000, 0x000000071da00000, 0x000000071dc00000|  0%| F|  |TAMS 0x000000071da00000| PB 0x000000071da00000| Untracked 
| 238|0x000000071dc00000, 0x000000071dc00000, 0x000000071de00000|  0%| F|  |TAMS 0x000000071dc00000| PB 0x000000071dc00000| Untracked 
| 239|0x000000071de00000, 0x000000071de00000, 0x000000071e000000|  0%| F|  |TAMS 0x000000071de00000| PB 0x000000071de00000| Untracked 
| 240|0x000000071e000000, 0x000000071e000000, 0x000000071e200000|  0%| F|  |TAMS 0x000000071e000000| PB 0x000000071e000000| Untracked 
| 241|0x000000071e200000, 0x000000071e200000, 0x000000071e400000|  0%| F|  |TAMS 0x000000071e200000| PB 0x000000071e200000| Untracked 
| 242|0x000000071e400000, 0x000000071e600000, 0x000000071e600000|100%| E|CS|TAMS 0x000000071e400000| PB 0x000000071e400000| Complete 
| 243|0x000000071e600000, 0x000000071e800000, 0x000000071e800000|100%| E|CS|TAMS 0x000000071e600000| PB 0x000000071e600000| Complete 
| 244|0x000000071e800000, 0x000000071e800000, 0x000000071ea00000|  0%| F|  |TAMS 0x000000071e800000| PB 0x000000071e800000| Untracked 
| 245|0x000000071ea00000, 0x000000071ea00000, 0x000000071ec00000|  0%| F|  |TAMS 0x000000071ea00000| PB 0x000000071ea00000| Untracked 
| 246|0x000000071ec00000, 0x000000071ec00000, 0x000000071ee00000|  0%| F|  |TAMS 0x000000071ec00000| PB 0x000000071ec00000| Untracked 
| 247|0x000000071ee00000, 0x000000071ee00000, 0x000000071f000000|  0%| F|  |TAMS 0x000000071ee00000| PB 0x000000071ee00000| Untracked 
| 248|0x000000071f000000, 0x000000071f000000, 0x000000071f200000|  0%| F|  |TAMS 0x000000071f000000| PB 0x000000071f000000| Untracked 
| 249|0x000000071f200000, 0x000000071f200000, 0x000000071f400000|  0%| F|  |TAMS 0x000000071f200000| PB 0x000000071f200000| Untracked 
| 250|0x000000071f400000, 0x000000071f400000, 0x000000071f600000|  0%| F|  |TAMS 0x000000071f400000| PB 0x000000071f400000| Untracked 
| 251|0x000000071f600000, 0x000000071f600000, 0x000000071f800000|  0%| F|  |TAMS 0x000000071f600000| PB 0x000000071f600000| Untracked 
| 252|0x000000071f800000, 0x000000071f8bfee0, 0x000000071fa00000| 37%| S|  |TAMS 0x000000071f800000| PB 0x000000071f800000| Complete 
| 253|0x000000071fa00000, 0x000000071faaabe0, 0x000000071fc00000| 33%| E|CS|TAMS 0x000000071fa00000| PB 0x000000071fa00000| Complete 
| 254|0x000000071fc00000, 0x000000071fe00000, 0x000000071fe00000|100%| E|CS|TAMS 0x000000071fc00000| PB 0x000000071fc00000| Complete 
| 255|0x000000071fe00000, 0x0000000720000000, 0x0000000720000000|100%| E|CS|TAMS 0x000000071fe00000| PB 0x000000071fe00000| Complete 

Card table byte_map: [0x0000013d7b0d0000,0x0000013d7b8d0000] _byte_map_base: 0x0000013d778d0000

Marking Bits: (CMBitMap*) 0x0000013d62c12210
 Bits: [0x0000013d7b8d0000, 0x0000013d7f8d0000)

Polling page: 0x0000013d60b30000

Metaspace:

Usage:
  Non-class:     14.26 MB used.
      Class:      1.76 MB used.
       Both:     16.02 MB used.

Virtual space:
  Non-class space:       64.00 MB reserved,      14.44 MB ( 23%) committed,  1 nodes.
      Class space:        1.00 GB reserved,       1.94 MB ( <1%) committed,  1 nodes.
             Both:        1.06 GB reserved,      16.38 MB (  2%) committed. 

Chunk freelists:
   Non-Class:  1.58 MB
       Class:  13.98 MB
        Both:  15.56 MB

MaxMetaspaceSize: unlimited
CompressedClassSpaceSize: 1.00 GB
Initial GC threshold: 21.00 MB
Current GC threshold: 21.00 MB
CDS: on
 - commit_granule_bytes: 65536.
 - commit_granule_words: 8192.
 - virtual_space_node_default_size: 8388608.
 - enlarge_chunks_in_place: 1.
 - use_allocation_guard: 0.


Internal statistics:

num_allocs_failed_limit: 0.
num_arena_births: 344.
num_arena_deaths: 0.
num_vsnodes_births: 2.
num_vsnodes_deaths: 0.
num_space_committed: 262.
num_space_uncommitted: 0.
num_chunks_returned_to_freelist: 0.
num_chunks_taken_from_freelist: 579.
num_chunk_merges: 0.
num_chunk_splits: 339.
num_chunks_enlarged: 163.
num_inconsistent_stats: 0.

CodeHeap 'non-profiled nmethods': size=119168Kb used=560Kb max_used=560Kb free=118607Kb
 bounds [0x0000013d72be0000, 0x0000013d72e50000, 0x0000013d7a040000]
CodeHeap 'profiled nmethods': size=119104Kb used=3898Kb max_used=3898Kb free=115205Kb
 bounds [0x0000013d6b040000, 0x0000013d6b410000, 0x0000013d72490000]
CodeHeap 'non-nmethods': size=7488Kb used=2770Kb max_used=2794Kb free=4717Kb
 bounds [0x0000013d72490000, 0x0000013d727c0000, 0x0000013d72be0000]
 total_blobs=2723 nmethods=2032 adapters=593
 compilation: enabled
              stopped_count=0, restarted_count=0
 full_count=0

Compilation events (20 events):
Event: 3.015 Thread 0x0000013d49323c10 nmethod 2023 0x0000013d6b402990 code [0x0000013d6b402b80, 0x0000013d6b402f28]
Event: 3.019 Thread 0x0000013d0292ac10 nmethod 2022 0x0000013d72c68990 code [0x0000013d72c68bc0, 0x0000013d72c69dd0]
Event: 3.022 Thread 0x0000013d0292ac10 2024       4       sun.awt.AWTAutoShutdown::isReadyToShutdown (37 bytes)
Event: 3.022 Thread 0x0000013d0292ac10 nmethod 2024 0x0000013d72c6ad10 code [0x0000013d72c6aea0, 0x0000013d72c6afa0]
Event: 3.026 Thread 0x0000013d0292fe70 2025   !   3       java.awt.KeyboardFocusManager::processCurrentLightweightRequests (345 bytes)
Event: 3.027 Thread 0x0000013d0292fe70 nmethod 2025 0x0000013d6b403110 code [0x0000013d6b403620, 0x0000013d6b406268]
Event: 3.030 Thread 0x0000013d0292fe70 2026       3       java.awt.Window::eventEnabled (138 bytes)
Event: 3.030 Thread 0x0000013d0292fe70 nmethod 2026 0x0000013d6b407590 code [0x0000013d6b407780, 0x0000013d6b407cc8]
Event: 3.036 Thread 0x0000013d0292fe70 2027       3       sun.awt.windows.WComponentPeer::handleJavaMouseEvent (75 bytes)
Event: 3.036 Thread 0x0000013d0292fe70 nmethod 2027 0x0000013d6b407d90 code [0x0000013d6b408060, 0x0000013d6b4090c8]
Event: 3.039 Thread 0x0000013d0292fe70 2028   !   3       java.awt.KeyboardFocusManager::retargetFocusEvent (244 bytes)
Event: 3.040 Thread 0x0000013d0292fe70 nmethod 2028 0x0000013d6b409690 code [0x0000013d6b409be0, 0x0000013d6b40cf08]
Event: 3.048 Thread 0x0000013d0292ac10 2029       4       java.util.ArrayList::get (15 bytes)
Event: 3.048 Thread 0x0000013d0292ac10 nmethod 2029 0x0000013d72c6b090 code [0x0000013d72c6b220, 0x0000013d72c6b348]
Event: 3.062 Thread 0x0000013d48dc3d60 2030       3       sun.awt.windows.WInputMethod::dispatchEvent (66 bytes)
Event: 3.062 Thread 0x0000013d48dc3d60 nmethod 2030 0x0000013d6b40de10 code [0x0000013d6b40e000, 0x0000013d6b40e850]
Event: 3.077 Thread 0x0000013d0292ac10 2031       4       javax.swing.JComponent::contains (27 bytes)
Event: 3.077 Thread 0x0000013d0292ac10 nmethod 2031 0x0000013d72c6b490 code [0x0000013d72c6b600, 0x0000013d72c6b6e8]
Event: 3.156 Thread 0x0000013d0292ac10 2032   !   4       sun.awt.AWTAutoShutdown::setToolkitBusy (124 bytes)
Event: 3.157 Thread 0x0000013d0292ac10 nmethod 2032 0x0000013d72c6b790 code [0x0000013d72c6b940, 0x0000013d72c6bf58]

GC Heap History (3 events):
Event: 2.352 GC heap before
{Heap before GC invocations=0 (full 0):
 garbage-first heap   total 524288K, used 26624K [0x0000000700000000, 0x0000000800000000)
  region size 2048K, 12 young (24576K), 0 survivors (0K)
 Metaspace       used 15062K, committed 15424K, reserved 1114112K
  class space    used 1631K, committed 1792K, reserved 1048576K
}
Event: 2.355 GC heap after
{Heap after GC invocations=1 (full 0):
 garbage-first heap   total 524288K, used 6536K [0x0000000700000000, 0x0000000800000000)
  region size 2048K, 2 young (4096K), 2 survivors (4096K)
 Metaspace       used 15062K, committed 15424K, reserved 1114112K
  class space    used 1631K, committed 1792K, reserved 1048576K
}
Event: 5.001 GC heap before
{Heap before GC invocations=1 (full 0):
 garbage-first heap   total 524288K, used 240008K [0x0000000700000000, 0x0000000800000000)
  region size 2048K, 5 young (10240K), 2 survivors (4096K)
 Metaspace       used 16409K, committed 16768K, reserved 1114112K
  class space    used 1806K, committed 1984K, reserved 1048576K
}

Dll operation events (13 events):
Event: 0.003 Loaded shared library C:\Program Files\Java\jdk-21\bin\java.dll
Event: 0.022 Loaded shared library C:\Program Files\Java\jdk-21\bin\jsvml.dll
Event: 0.032 Loaded shared library C:\Program Files\Java\jdk-21\bin\net.dll
Event: 0.033 Loaded shared library C:\Program Files\Java\jdk-21\bin\nio.dll
Event: 0.036 Loaded shared library C:\Program Files\Java\jdk-21\bin\zip.dll
Event: 0.050 Loaded shared library C:\Program Files\Java\jdk-21\bin\jimage.dll
Event: 0.061 Loaded shared library C:\Program Files\Java\jdk-21\bin\awt.dll
Event: 0.105 Loaded shared library C:\Program Files\Java\jdk-21\bin\javaaccessbridge.dll
Event: 0.167 Loaded shared library C:\Program Files\Java\jdk-21\bin\freetype.dll
Event: 0.167 Loaded shared library C:\Program Files\Java\jdk-21\bin\fontmanager.dll
Event: 2.086 Loaded shared library C:\Program Files\Java\jdk-21\bin\sunmscapi.dll
Event: 2.210 Loaded shared library C:\Program Files\Java\jdk-21\bin\extnet.dll
Event: 2.497 Loaded shared library C:\Users\david\AppData\Local\Temp\webrtc-java12205885222544086663.dll

Deoptimization events (20 events):
Event: 2.159 Thread 0x0000013d48c64400 DEOPT PACKING pc=0x0000013d72c3c478 sp=0x00000004ed7fbf50
Event: 2.159 Thread 0x0000013d48c64400 DEOPT UNPACKING pc=0x0000013d724e46a2 sp=0x00000004ed7fbeb0 mode 2
Event: 2.193 Thread 0x0000013d48c64400 Uncommon trap: trap_request=0xffffff45 fr.pc=0x0000013d72c36654 relative=0x0000000000000214
Event: 2.193 Thread 0x0000013d48c64400 Uncommon trap: reason=unstable_if action=reinterpret pc=0x0000013d72c36654 method=java.util.HashMap.putVal(ILjava/lang/Object;Ljava/lang/Object;ZZ)Ljava/lang/Object; @ 162 c2
Event: 2.193 Thread 0x0000013d48c64400 DEOPT PACKING pc=0x0000013d72c36654 sp=0x00000004ed7fbad0
Event: 2.193 Thread 0x0000013d48c64400 DEOPT UNPACKING pc=0x0000013d724e46a2 sp=0x00000004ed7fba60 mode 2
Event: 2.225 Thread 0x0000013d48c64400 Uncommon trap: trap_request=0xffffff45 fr.pc=0x0000013d72c50578 relative=0x0000000000000f98
Event: 2.225 Thread 0x0000013d48c64400 Uncommon trap: reason=unstable_if action=reinterpret pc=0x0000013d72c50578 method=java.util.concurrent.ConcurrentHashMap.putVal(Ljava/lang/Object;Ljava/lang/Object;Z)Ljava/lang/Object; @ 148 c2
Event: 2.225 Thread 0x0000013d48c64400 DEOPT PACKING pc=0x0000013d72c50578 sp=0x00000004ed7fd710
Event: 2.225 Thread 0x0000013d48c64400 DEOPT UNPACKING pc=0x0000013d724e46a2 sp=0x00000004ed7fd690 mode 2
Event: 2.355 Thread 0x0000013d493bf730 Uncommon trap: trap_request=0xffffff45 fr.pc=0x0000013d72c5846c relative=0x000000000000006c
Event: 2.355 Thread 0x0000013d493bf730 Uncommon trap: reason=unstable_if action=reinterpret pc=0x0000013d72c5846c method=java.lang.ref.ReferenceQueue.headIsNull()Z @ 4 c2
Event: 2.355 Thread 0x0000013d493bf730 DEOPT PACKING pc=0x0000013d72c5846c sp=0x00000004edefd8c0
Event: 2.355 Thread 0x0000013d493bf730 DEOPT UNPACKING pc=0x0000013d724e46a2 sp=0x00000004edefd7e8 mode 2
Event: 2.392 Thread 0x0000013d48c64400 Uncommon trap: trap_request=0xffffff45 fr.pc=0x0000013d72c1dbe4 relative=0x00000000000000c4
Event: 2.392 Thread 0x0000013d48c64400 Uncommon trap: reason=unstable_if action=reinterpret pc=0x0000013d72c1dbe4 method=java.awt.Component.inside(II)Z @ 9 c2
Event: 2.392 Thread 0x0000013d48c64400 DEOPT PACKING pc=0x0000013d72c1dbe4 sp=0x00000004ed7fe140
Event: 2.392 Thread 0x0000013d48c64400 DEOPT UNPACKING pc=0x0000013d724e46a2 sp=0x00000004ed7fdfd8 mode 2
Event: 2.499 Thread 0x0000013d49750780 DEOPT PACKING pc=0x0000013d6b30fbfc sp=0x00000004eedfcf30
Event: 2.499 Thread 0x0000013d49750780 DEOPT UNPACKING pc=0x0000013d724e4e42 sp=0x00000004eedfc368 mode 0

Classes loaded (20 events):
Event: 2.395 Loading class sun/net/www/URLConnection done
Event: 2.395 Loading class sun/net/www/protocol/file/FileURLConnection done
Event: 2.395 Loading class sun/net/www/MessageHeader
Event: 2.395 Loading class sun/net/www/MessageHeader done
Event: 2.395 Loading class sun/net/www/protocol/jar/URLJarFile
Event: 2.395 Loading class sun/net/www/protocol/jar/URLJarFile done
Event: 2.396 Loading class sun/net/www/protocol/jar/URLJarFile$URLJarFileEntry
Event: 2.396 Loading class sun/net/www/protocol/jar/URLJarFile$URLJarFileEntry done
Event: 2.396 Loading class sun/net/www/protocol/jar/JarURLConnection$JarURLInputStream
Event: 2.396 Loading class sun/net/www/protocol/jar/JarURLConnection$JarURLInputStream done
Event: 2.396 Loading class java/nio/file/StandardCopyOption
Event: 2.396 Loading class java/nio/file/StandardCopyOption done
Event: 2.396 Loading class sun/nio/ch/ChannelOutputStream
Event: 2.396 Loading class sun/nio/ch/ChannelOutputStream done
Event: 2.502 Loading class java/io/DeleteOnExitHook
Event: 2.502 Loading class java/io/DeleteOnExitHook done
Event: 2.502 Loading class java/io/DeleteOnExitHook$1
Event: 2.502 Loading class java/io/DeleteOnExitHook$1 done
Event: 3.175 Loading class java/awt/LightweightDispatcher$2
Event: 3.175 Loading class java/awt/LightweightDispatcher$2 done

Classes unloaded (0 events):
No events

Classes redefined (0 events):
No events

Internal exceptions (20 events):
Event: 2.053 Thread 0x0000013d48c64400 Exception <a 'java/lang/NoSuchMethodError'{0x000000071f5a3258}: 'int java.lang.invoke.DirectMethodHandle$Holder.invokeStatic(java.lang.Object, long)'> (0x000000071f5a3258) 
thrown [s\open\src\hotspot\share\interpreter\linkResolver.cpp, line 773]
Event: 2.056 Thread 0x0000013d48c64400 Exception <a 'java/lang/NoSuchMethodError'{0x000000071f5cb100}: 'java.lang.Object java.lang.invoke.DirectMethodHandle$Holder.invokeSpecial(java.lang.Object, java.lang.Object, int, java.lang.Object, java.lang.Object)'> (0x000000071f5cb100) 
thrown [s\open\src\hotspot\share\interpreter\linkResolver.cpp, line 773]
Event: 2.056 Thread 0x0000013d48c64400 Exception <a 'java/lang/NoSuchMethodError'{0x000000071f5ced30}: 'java.lang.Object java.lang.invoke.DelegatingMethodHandle$Holder.delegate(java.lang.Object, int, java.lang.Object, java.lang.Object)'> (0x000000071f5ced30) 
thrown [s\open\src\hotspot\share\interpreter\linkResolver.cpp, line 773]
Event: 2.057 Thread 0x0000013d48c64400 Exception <a 'java/lang/NoSuchMethodError'{0x000000071f5de378}: 'int java.lang.invoke.Invokers$Holder.linkToTargetMethod(java.lang.Object, java.lang.Object, java.lang.Object)'> (0x000000071f5de378) 
thrown [s\open\src\hotspot\share\interpreter\linkResolver.cpp, line 773]
Event: 2.059 Thread 0x0000013d48c64400 Exception <a 'java/lang/NoSuchMethodError'{0x000000071f5ed4c0}: 'long java.lang.invoke.DirectMethodHandle$Holder.invokeSpecial(java.lang.Object, java.lang.Object)'> (0x000000071f5ed4c0) 
thrown [s\open\src\hotspot\share\interpreter\linkResolver.cpp, line 773]
Event: 2.060 Thread 0x0000013d48c64400 Exception <a 'java/lang/NoSuchMethodError'{0x000000071f5f69e8}: 'int java.lang.invoke.DirectMethodHandle$Holder.invokeStatic(java.lang.Object, java.lang.Object, java.lang.Object, java.lang.Object)'> (0x000000071f5f69e8) 
thrown [s\open\src\hotspot\share\interpreter\linkResolver.cpp, line 773]
Event: 2.060 Thread 0x0000013d48c64400 Exception <a 'java/lang/NoSuchMethodError'{0x000000071f5fa078}: 'java.lang.Object java.lang.invoke.Invokers$Holder.invokeExact_MT(java.lang.Object, java.lang.Object, java.lang.Object, java.lang.Object, java.lang.Object, java.lang.Object)'> (0x000000071f5fa078) 
thrown [s\open\src\hotspot\share\interpreter\linkResolver.cpp, line 773]
Event: 2.108 Thread 0x0000013d48c64400 Exception <a 'sun/nio/fs/WindowsException'{0x000000071f34c1e8}> (0x000000071f34c1e8) 
thrown [s\open\src\hotspot\share\prims\jni.cpp, line 520]
Event: 2.167 Thread 0x0000013d48c64400 Exception <a 'java/lang/NoSuchMethodError'{0x000000071ed98da0}: 'java.lang.Object java.lang.invoke.DirectMethodHandle$Holder.invokeStaticInit(java.lang.Object, int, int, int, int)'> (0x000000071ed98da0) 
thrown [s\open\src\hotspot\share\interpreter\linkResolver.cpp, line 773]
Event: 2.178 Thread 0x0000013d48c64400 Exception <a 'java/lang/NoSuchMethodError'{0x000000071ea53ed8}: 'java.lang.Object java.lang.invoke.DirectMethodHandle$Holder.invokeStaticInit(java.lang.Object, java.lang.Object, int, int, int, int)'> (0x000000071ea53ed8) 
thrown [s\open\src\hotspot\share\interpreter\linkResolver.cpp, line 773]
Event: 2.231 Thread 0x0000013d48c64400 Exception <a 'java/lang/NoSuchMethodError'{0x000000071e84fca0}: 'java.lang.Object java.lang.invoke.DirectMethodHandle$Holder.invokeSpecial(java.lang.Object, java.lang.Object, java.lang.Object, java.lang.Object, int)'> (0x000000071e84fca0) 
thrown [s\open\src\hotspot\share\interpreter\linkResolver.cpp, line 773]
Event: 2.231 Thread 0x0000013d48c64400 Exception <a 'java/lang/NoSuchMethodError'{0x000000071e8538a8}: 'java.lang.Object java.lang.invoke.Invokers$Holder.linkToTargetMethod(java.lang.Object, java.lang.Object, int, java.lang.Object)'> (0x000000071e8538a8) 
thrown [s\open\src\hotspot\share\interpreter\linkResolver.cpp, line 773]
Event: 2.240 Thread 0x0000013d48c64400 Exception <a 'java/lang/NoSuchMethodError'{0x000000071e8946a0}: 'void java.lang.invoke.DirectMethodHandle$Holder.invokeSpecial(java.lang.Object, java.lang.Object, java.lang.Object, java.lang.Object, java.lang.Object)'> (0x000000071e8946a0) 
thrown [s\open\src\hotspot\share\interpreter\linkResolver.cpp, line 773]
Event: 2.246 Thread 0x0000013d493eae40 Exception <a 'java/lang/NoSuchMethodError'{0x000000071eb7df20}: 'void java.lang.invoke.DirectMethodHandle$Holder.invokeStatic(java.lang.Object, java.lang.Object, int)'> (0x000000071eb7df20) 
thrown [s\open\src\hotspot\share\interpreter\linkResolver.cpp, line 773]
Event: 2.349 Thread 0x0000013d493bf730 Exception <a 'java/lang/NoSuchMethodError'{0x000000071e941918}: 'java.lang.Object java.lang.invoke.DirectMethodHandle$Holder.newInvokeSpecial(java.lang.Object, java.lang.Object, long, java.lang.Object, java.lang.Object, java.lang.Object)'> (0x000000071e941918) 
thrown [s\open\src\hotspot\share\interpreter\linkResolver.cpp, line 773]
Event: 2.351 Thread 0x0000013d493bf730 Exception <a 'java/lang/NoSuchMethodError'{0x000000071e957bd8}: 'void java.lang.invoke.DirectMethodHandle$Holder.invokeSpecial(java.lang.Object, java.lang.Object, java.lang.Object, java.lang.Object, java.lang.Object, java.lang.Object, java.lang.Object)'> (0x000000071e957bd8) 
thrown [s\open\src\hotspot\share\interpreter\linkResolver.cpp, line 773]
Event: 2.351 Thread 0x0000013d493bf730 Exception <a 'java/lang/NoSuchMethodError'{0x000000071e966230}: 'void java.lang.invoke.DirectMethodHandle$Holder.invokeStatic(java.lang.Object, java.lang.Object, java.lang.Object, java.lang.Object)'> (0x000000071e966230) 
thrown [s\open\src\hotspot\share\interpreter\linkResolver.cpp, line 773]
Event: 2.382 Thread 0x0000013d48c64400 Exception <a 'java/lang/NoSuchMethodError'{0x000000071fd64a10}: 'void java.lang.invoke.DelegatingMethodHandle$Holder.reinvoke_L(java.lang.Object, java.lang.Object, int)'> (0x000000071fd64a10) 
thrown [s\open\src\hotspot\share\interpreter\linkResolver.cpp, line 773]
Event: 2.383 Thread 0x0000013d48c64400 Exception <a 'java/lang/NoSuchMethodError'{0x000000071fd6b4b8}: 'void java.lang.invoke.Invokers$Holder.invokeExact_MT(java.lang.Object, java.lang.Object, int, java.lang.Object)'> (0x000000071fd6b4b8) 
thrown [s\open\src\hotspot\share\interpreter\linkResolver.cpp, line 773]
Event: 2.384 Thread 0x0000013d48c64400 Exception <a 'java/lang/NoSuchMethodError'{0x000000071fd7d068}: 'void java.lang.invoke.Invokers$Holder.invokeExact_MT(java.lang.Object, java.lang.Object, java.lang.Object, java.lang.Object)'> (0x000000071fd7d068) 
thrown [s\open\src\hotspot\share\interpreter\linkResolver.cpp, line 773]

ZGC Phase Switch (0 events):
No events

VM Operations (20 events):
Event: 2.165 Executing VM operation: Cleanup done
Event: 2.181 Executing VM operation: HandshakeAllThreads (Deoptimize)
Event: 2.181 Executing VM operation: HandshakeAllThreads (Deoptimize) done
Event: 2.206 Executing VM operation: HandshakeAllThreads (Deoptimize)
Event: 2.206 Executing VM operation: HandshakeAllThreads (Deoptimize) done
Event: 2.215 Executing VM operation: HandshakeAllThreads (Deoptimize)
Event: 2.215 Executing VM operation: HandshakeAllThreads (Deoptimize) done
Event: 2.345 Executing VM operation: HandshakeAllThreads (Deoptimize)
Event: 2.345 Executing VM operation: HandshakeAllThreads (Deoptimize) done
Event: 2.352 Executing VM operation: G1CollectForAllocation (G1 Evacuation Pause)
Event: 2.355 Executing VM operation: G1CollectForAllocation (G1 Evacuation Pause) done
Event: 2.375 Executing VM operation: HandshakeAllThreads (Deoptimize)
Event: 2.376 Executing VM operation: HandshakeAllThreads (Deoptimize) done
Event: 2.389 Executing VM operation: HandshakeAllThreads (Deoptimize)
Event: 2.389 Executing VM operation: HandshakeAllThreads (Deoptimize) done
Event: 2.395 Executing VM operation: HandshakeAllThreads (Deoptimize)
Event: 2.395 Executing VM operation: HandshakeAllThreads (Deoptimize) done
Event: 3.409 Executing VM operation: Cleanup
Event: 3.409 Executing VM operation: Cleanup done
Event: 5.001 Executing VM operation: G1TryInitiateConcMark (G1 Humongous Allocation)

Events (20 events):
Event: 0.095 Thread 0x0000013d02d55c90 Thread added: 0x0000013d02d55c90
Event: 0.110 Thread 0x0000013d48c13210 Thread added: 0x0000013d48c13210
Event: 0.116 Thread 0x0000013d48c21f10 Thread added: 0x0000013d48c21f10
Event: 0.157 Thread 0x0000013d48c64400 Thread added: 0x0000013d48c64400
Event: 0.239 Thread 0x0000013d6097fe30 Thread exited: 0x0000013d6097fe30
Event: 0.239 Thread 0x0000013d6097fe30 Thread added: 0x0000013d6097fe30
Event: 1.345 Thread 0x0000013d02ba1070 Thread exited: 0x0000013d02ba1070
Event: 1.346 Thread 0x0000013d02b809c0 Thread exited: 0x0000013d02b809c0
Event: 1.536 Thread 0x0000013d48dc3d60 Thread added: 0x0000013d48dc3d60
Event: 2.131 Thread 0x0000013d492c2480 Thread added: 0x0000013d492c2480
Event: 2.176 Thread 0x0000013d49323c10 Thread added: 0x0000013d49323c10
Event: 2.213 Thread 0x0000013d493eae40 Thread added: 0x0000013d493eae40
Event: 2.247 Thread 0x0000013d493bf730 Thread added: 0x0000013d493bf730
Event: 2.248 Thread 0x0000013d49751b30 Thread added: 0x0000013d49751b30
Event: 2.249 Thread 0x0000013d497500f0 Thread added: 0x0000013d497500f0
Event: 2.355 Thread 0x0000013d492c2480 Thread exited: 0x0000013d492c2480
Event: 2.391 Thread 0x0000013d49752ee0 Thread added: 0x0000013d49752ee0
Event: 2.393 Thread 0x0000013d49750780 Thread added: 0x0000013d49750780
Event: 2.888 Thread 0x0000013d49750780 Thread exited: 0x0000013d49750780
Event: 3.177 Thread 0x0000013d497521c0 Thread added: 0x0000013d497521c0


Dynamic libraries:
0x00007ff6bf9c0000 - 0x00007ff6bf9d0000 	C:\Program Files\Java\jdk-21\bin\java.exe
0x00007ffc1d870000 - 0x00007ffc1da68000 	C:\WINDOWS\SYSTEM32\ntdll.dll
0x00007ffc1d210000 - 0x00007ffc1d2d2000 	C:\WINDOWS\System32\KERNEL32.DLL
0x00007ffc1b230000 - 0x00007ffc1b52e000 	C:\WINDOWS\System32\KERNELBASE.dll
0x00007ffc1af60000 - 0x00007ffc1b060000 	C:\WINDOWS\System32\ucrtbase.dll
0x00007ffbc77c0000 - 0x00007ffbc77db000 	C:\Program Files\Java\jdk-21\bin\VCRUNTIME140.dll
0x00007ffc17150000 - 0x00007ffc17169000 	C:\Program Files\Java\jdk-21\bin\jli.dll
0x00007ffc1c2b0000 - 0x00007ffc1c361000 	C:\WINDOWS\System32\ADVAPI32.dll
0x00007ffc1ce00000 - 0x00007ffc1ce9e000 	C:\WINDOWS\System32\msvcrt.dll
0x00007ffc1d170000 - 0x00007ffc1d20f000 	C:\WINDOWS\System32\sechost.dll
0x00007ffc1c370000 - 0x00007ffc1c493000 	C:\WINDOWS\System32\RPCRT4.dll
0x00007ffc1b660000 - 0x00007ffc1b687000 	C:\WINDOWS\System32\bcrypt.dll
0x00007ffc1bd80000 - 0x00007ffc1bf1d000 	C:\WINDOWS\System32\USER32.dll
0x00007ffc1b860000 - 0x00007ffc1b882000 	C:\WINDOWS\System32\win32u.dll
0x00007ffc0a5e0000 - 0x00007ffc0a87a000 	C:\WINDOWS\WinSxS\amd64_microsoft.windows.common-controls_6595b64144ccf1df_6.0.19041.4355_none_60b8b9eb71f62e16\COMCTL32.dll
0x00007ffc1d000000 - 0x00007ffc1d02b000 	C:\WINDOWS\System32\GDI32.dll
0x00007ffc1b110000 - 0x00007ffc1b227000 	C:\WINDOWS\System32\gdi32full.dll
0x00007ffc1b530000 - 0x00007ffc1b5cd000 	C:\WINDOWS\System32\msvcp_win.dll
0x00007ffc115e0000 - 0x00007ffc115ea000 	C:\WINDOWS\SYSTEM32\VERSION.dll
0x00007ffc1c270000 - 0x00007ffc1c29f000 	C:\WINDOWS\System32\IMM32.DLL
0x00007ffbf7620000 - 0x00007ffbf762c000 	C:\Program Files\Java\jdk-21\bin\vcruntime140_1.dll
0x00007ffbc9920000 - 0x00007ffbc99ae000 	C:\Program Files\Java\jdk-21\bin\msvcp140.dll
0x00007ffb47e30000 - 0x00007ffb48b48000 	C:\Program Files\Java\jdk-21\bin\server\jvm.dll
0x00007ffc1c4a0000 - 0x00007ffc1c50b000 	C:\WINDOWS\System32\WS2_32.dll
0x00007ffc1a4a0000 - 0x00007ffc1a4eb000 	C:\WINDOWS\SYSTEM32\POWRPROF.dll
0x00007ffc10990000 - 0x00007ffc109b7000 	C:\WINDOWS\SYSTEM32\WINMM.dll
0x00007ffc1a310000 - 0x00007ffc1a322000 	C:\WINDOWS\SYSTEM32\UMPDC.dll
0x00007ffc18db0000 - 0x00007ffc18dc2000 	C:\WINDOWS\SYSTEM32\kernel.appcore.dll
0x00007ffbeecb0000 - 0x00007ffbeecba000 	C:\Program Files\Java\jdk-21\bin\jimage.dll
0x00007ffc10050000 - 0x00007ffc10234000 	C:\WINDOWS\SYSTEM32\DBGHELP.DLL
0x00007ffbf8a00000 - 0x00007ffbf8a34000 	C:\WINDOWS\SYSTEM32\dbgcore.DLL
0x00007ffc1b5d0000 - 0x00007ffc1b652000 	C:\WINDOWS\System32\bcryptPrimitives.dll
0x00007ffbc77a0000 - 0x00007ffbc77bf000 	C:\Program Files\Java\jdk-21\bin\java.dll
0x00007ffc1c570000 - 0x00007ffc1ccdd000 	C:\WINDOWS\System32\SHELL32.dll
0x00007ffc18fb0000 - 0x00007ffc19754000 	C:\WINDOWS\SYSTEM32\windows.storage.dll
0x00007ffc1b970000 - 0x00007ffc1bcc3000 	C:\WINDOWS\System32\combase.dll
0x00007ffc1a940000 - 0x00007ffc1a96e000 	C:\WINDOWS\SYSTEM32\Wldp.dll
0x00007ffc1d2f0000 - 0x00007ffc1d3bd000 	C:\WINDOWS\System32\OLEAUT32.dll
0x00007ffc1bf20000 - 0x00007ffc1bfcd000 	C:\WINDOWS\System32\SHCORE.dll
0x00007ffc1b890000 - 0x00007ffc1b8e5000 	C:\WINDOWS\System32\shlwapi.dll
0x00007ffc1ae40000 - 0x00007ffc1ae64000 	C:\WINDOWS\SYSTEM32\profapi.dll
0x00007ffb69090000 - 0x00007ffb69167000 	C:\Program Files\Java\jdk-21\bin\jsvml.dll
0x00007ffbd4a60000 - 0x00007ffbd4a70000 	C:\Program Files\Java\jdk-21\bin\net.dll
0x00007ffc13ee0000 - 0x00007ffc13fed000 	C:\WINDOWS\SYSTEM32\WINHTTP.dll
0x00007ffc1a6a0000 - 0x00007ffc1a70a000 	C:\WINDOWS\system32\mswsock.dll
0x00007ffbbde40000 - 0x00007ffbbde56000 	C:\Program Files\Java\jdk-21\bin\nio.dll
0x00007ffb6f410000 - 0x00007ffb6f428000 	C:\Program Files\Java\jdk-21\bin\zip.dll
0x00007ffbc9420000 - 0x00007ffbc95af000 	C:\Program Files\Java\jdk-21\bin\awt.dll
0x00007ffc17400000 - 0x00007ffc17494000 	C:\WINDOWS\SYSTEM32\apphelp.dll
0x00007ffc18ab0000 - 0x00007ffc18adf000 	C:\WINDOWS\system32\DWMAPI.DLL
0x00007ffc18820000 - 0x00007ffc188be000 	C:\WINDOWS\system32\uxtheme.dll
0x00007ffbafff0000 - 0x00007ffbb0118000 	C:\WINDOWS\system32\opengl32.dll
0x00007ffbaffc0000 - 0x00007ffbaffec000 	C:\WINDOWS\SYSTEM32\GLU32.dll
0x00007ffc1cce0000 - 0x00007ffc1cdf5000 	C:\WINDOWS\System32\MSCTF.dll
0x00007ffc1d040000 - 0x00007ffc1d16b000 	C:\WINDOWS\System32\ole32.dll
0x00007ffc02580000 - 0x00007ffc025cd000 	C:\Program Files\Java\jdk-21\bin\javaaccessbridge.dll
0x00007ffc17140000 - 0x00007ffc17147000 	C:\Program Files\Java\jdk-21\bin\jawt.dll
0x00007ffc04070000 - 0x00007ffc040f7000 	C:\Program Files\Java\jdk-21\bin\freetype.dll
0x00007ffbccb70000 - 0x00007ffbccc51000 	C:\Program Files\Java\jdk-21\bin\fontmanager.dll
0x00007ffc0aba0000 - 0x00007ffc0ac99000 	C:\WINDOWS\SYSTEM32\textinputframework.dll
0x00007ffc16ba0000 - 0x00007ffc16efb000 	C:\WINDOWS\System32\CoreUIComponents.dll
0x00007ffc17180000 - 0x00007ffc17272000 	C:\WINDOWS\System32\CoreMessaging.dll
0x00007ffc1a1a0000 - 0x00007ffc1a1d3000 	C:\WINDOWS\SYSTEM32\ntmarta.dll
0x00007ffc17f30000 - 0x00007ffc18087000 	C:\WINDOWS\SYSTEM32\wintypes.dll
0x00007ffc0a4c0000 - 0x00007ffc0a526000 	C:\WINDOWS\system32\Oleacc.dll
0x00007ffc1bcd0000 - 0x00007ffc1bd79000 	C:\WINDOWS\System32\clbcatq.dll
0x00007ffc0af20000 - 0x00007ffc0af4a000 	C:\Windows\System32\Speech\SpeechUX\SpTip.dll
0x00007ffc185d0000 - 0x00007ffc18784000 	C:\WINDOWS\SYSTEM32\WindowsCodecs.dll
0x00007ffbe6b20000 - 0x00007ffbe6b5e000 	C:\WINDOWS\system32\dataexchange.dll
0x00007ffc16520000 - 0x00007ffc16704000 	C:\WINDOWS\system32\dcomp.dll
0x00007ffc15fd0000 - 0x00007ffc16233000 	C:\WINDOWS\system32\d3d11.dll
0x00007ffc197a0000 - 0x00007ffc19896000 	C:\WINDOWS\system32\dxgi.dll
0x00007ffc14110000 - 0x00007ffc14313000 	C:\WINDOWS\system32\twinapi.appcore.dll
0x00007ffc14a50000 - 0x00007ffc14a5e000 	C:\Program Files\Java\jdk-21\bin\sunmscapi.dll
0x00007ffc1b700000 - 0x00007ffc1b85c000 	C:\WINDOWS\System32\CRYPT32.dll
0x00007ffc1a9b0000 - 0x00007ffc1a9d7000 	C:\WINDOWS\SYSTEM32\ncrypt.dll
0x00007ffc1a970000 - 0x00007ffc1a9ab000 	C:\WINDOWS\SYSTEM32\NTASN1.dll
0x00007ffc1a8a0000 - 0x00007ffc1a8b8000 	C:\WINDOWS\SYSTEM32\CRYPTSP.dll
0x00007ffc19f50000 - 0x00007ffc19f84000 	C:\WINDOWS\system32\rsaenh.dll
0x00007ffc1ae00000 - 0x00007ffc1ae2e000 	C:\WINDOWS\SYSTEM32\USERENV.dll
0x00007ffc1a890000 - 0x00007ffc1a89c000 	C:\WINDOWS\SYSTEM32\CRYPTBASE.dll
0x00007ffc1a330000 - 0x00007ffc1a36b000 	C:\WINDOWS\SYSTEM32\IPHLPAPI.DLL
0x00007ffc1c2a0000 - 0x00007ffc1c2a8000 	C:\WINDOWS\System32\NSI.dll
0x00007ffbf9ec0000 - 0x00007ffbf9ec7000 	C:\WINDOWS\system32\wshunix.dll
0x00007ffbcdb50000 - 0x00007ffbcdb59000 	C:\Program Files\Java\jdk-21\bin\extnet.dll
0x00007ffc1a370000 - 0x00007ffc1a43a000 	C:\WINDOWS\SYSTEM32\DNSAPI.dll
0x00007ffc12f20000 - 0x00007ffc12f2a000 	C:\Windows\System32\rasadhlp.dll
0x00007ffc12910000 - 0x00007ffc12990000 	C:\WINDOWS\System32\fwpuclnt.dll
0x00007ffbc1e20000 - 0x00007ffbc301f000 	C:\Users\david\AppData\Local\Temp\webrtc-java12205885222544086663.dll
0x00007ffc17550000 - 0x00007ffc1770c000 	C:\WINDOWS\SYSTEM32\MFPlat.DLL
0x00007ffb875d0000 - 0x00007ffb875db000 	C:\WINDOWS\SYSTEM32\msdmo.dll
0x00007ffc0a270000 - 0x00007ffc0a27c000 	C:\WINDOWS\SYSTEM32\Secur32.dll
0x00007ffc1af10000 - 0x00007ffc1af5e000 	C:\WINDOWS\System32\cfgmgr32.dll
0x00007ffc1adc0000 - 0x00007ffc1adf2000 	C:\WINDOWS\SYSTEM32\SSPICLI.DLL
0x00007ffc174b0000 - 0x00007ffc174e4000 	C:\WINDOWS\SYSTEM32\RTWorkQ.DLL
0x00007ffc148e0000 - 0x00007ffc14965000 	C:\WINDOWS\System32\MMDevApi.dll
0x00007ffc1aca0000 - 0x00007ffc1acd3000 	C:\WINDOWS\System32\DEVOBJ.dll
0x00007ffb83690000 - 0x00007ffb83707000 	C:\Windows\System32\mfwmaaec.dll
0x00007ffc151a0000 - 0x00007ffc15321000 	C:\WINDOWS\SYSTEM32\AUDIOSES.DLL
0x00007ffc173f0000 - 0x00007ffc173fa000 	C:\WINDOWS\SYSTEM32\Avrt.dll
0x00007ffc0ace0000 - 0x00007ffc0ae1f000 	C:\Windows\System32\Windows.UI.dll
0x00007ffc12db0000 - 0x00007ffc12e51000 	C:\Windows\System32\WindowManagementAPI.dll
0x00007ffc0aa40000 - 0x00007ffc0ab92000 	C:\Windows\System32\InputHost.dll
0x00007ffc17da0000 - 0x00007ffc17e96000 	C:\Windows\System32\PROPSYS.dll
0x00007ffb98120000 - 0x00007ffb9813d000 	C:\Windows\System32\devenum.dll
0x00007ffc1d3c0000 - 0x00007ffc1d82e000 	C:\WINDOWS\System32\setupapi.dll
0x00007ffc1b690000 - 0x00007ffc1b6f9000 	C:\WINDOWS\System32\WINTRUST.dll
0x00007ffc1aad0000 - 0x00007ffc1aae2000 	C:\WINDOWS\SYSTEM32\MSASN1.dll
0x00007ffb83000000 - 0x00007ffb8304d000 	C:\Windows\System32\mfksproxy.dll
0x00007ffbf8a40000 - 0x00007ffbf8a5d000 	C:\Windows\System32\ATL.DLL
0x00007ffb99010000 - 0x00007ffb99077000 	C:\Windows\System32\MFSENSORGROUP.dll
0x00007ffb82190000 - 0x00007ffb821e0000 	C:\Windows\System32\ksproxy.ax
0x00007ffbe8d80000 - 0x00007ffbe8f51000 	C:\Windows\System32\d3d9.dll
0x00007ffb9e0f0000 - 0x00007ffb9e0f9000 	C:\Windows\System32\ksuser.dll
0x00007ffc15420000 - 0x00007ffc154c1000 	C:\WINDOWS\SYSTEM32\policymanager.dll
0x00007ffc19fe0000 - 0x00007ffc1a06a000 	C:\Windows\System32\msvcp110_win.dll
0x00007ffb82940000 - 0x00007ffb8294d000 	C:\Windows\System32\vidcap.ax
0x00007ffb82910000 - 0x00007ffb82937000 	C:\Windows\System32\kswdmcap.ax
0x00007ffb827a0000 - 0x00007ffb8290c000 	C:\Windows\System32\MFC42.dll
0x00007ffc023b0000 - 0x00007ffc02580000 	C:\Windows\System32\quartz.dll
0x00007ffc13c90000 - 0x00007ffc13cd2000 	C:\Windows\System32\CapabilityAccessManagerClient.dll

dbghelp: loaded successfully - version: 4.0.5 - missing functions: none
symbol engine: initialized successfully - sym options: 0x614 - pdb path: .;C:\Program Files\Java\jdk-21\bin;C:\WINDOWS\SYSTEM32;C:\WINDOWS\WinSxS\amd64_microsoft.windows.common-controls_6595b64144ccf1df_6.0.19041.4355_none_60b8b9eb71f62e16;C:\Program Files\Java\jdk-21\bin\server;C:\Windows\System32\Speech\SpeechUX;C:\Users\david\AppData\Local\Temp

VM Arguments:
jvm_args: -Xms512m -Xmx4g -XX:+UseG1GC 
java_command: target/wecamapp-1.0-SNAPSHOT.jar
java_class_path (initial): target/wecamapp-1.0-SNAPSHOT.jar
Launcher Type: SUN_STANDARD

[Global flags]
     intx CICompilerCount                          = 12                                        {product} {ergonomic}
     uint ConcGCThreads                            = 3                                         {product} {ergonomic}
     uint G1ConcRefinementThreads                  = 13                                        {product} {ergonomic}
   size_t G1HeapRegionSize                         = 2097152                                   {product} {ergonomic}
    uintx GCDrainStackTargetSize                   = 64                                        {product} {ergonomic}
   size_t InitialHeapSize                          = 536870912                                 {product} {command line}
   size_t MarkStackSize                            = 4194304                                   {product} {ergonomic}
   size_t MaxHeapSize                              = 4294967296                                {product} {command line}
   size_t MaxNewSize                               = 2575302656                                {product} {ergonomic}
   size_t MinHeapDeltaBytes                        = 2097152                                   {product} {ergonomic}
   size_t MinHeapSize                              = 536870912                                 {product} {command line}
    uintx NonNMethodCodeHeapSize                   = 7602480                                {pd product} {ergonomic}
    uintx NonProfiledCodeHeapSize                  = 122027880                              {pd product} {ergonomic}
    uintx ProfiledCodeHeapSize                     = 122027880                              {pd product} {ergonomic}
    uintx ReservedCodeCacheSize                    = 251658240                              {pd product} {ergonomic}
     bool SegmentedCodeCache                       = true                                      {product} {ergonomic}
   size_t SoftMaxHeapSize                          = 4294967296                             {manageable} {ergonomic}
     bool UseCompressedOops                        = true                           {product lp64_product} {ergonomic}
     bool UseG1GC                                  = true                                      {product} {command line}
     bool UseLargePagesIndividualAllocation        = false                                  {pd product} {ergonomic}

Logging:
Log output configuration:
 #0: stdout all=warning uptime,level,tags foldmultilines=false
 #1: stderr all=off uptime,level,tags foldmultilines=false

Environment Variables:
PATH=C:\Program Files\Common Files\Oracle\Java\javapath;C:\Program Files (x86)\Razer Chroma SDK\bin;C:\Program Files\Razer Chroma SDK\bin;C:\Program Files (x86)\Razer\ChromaBroadcast\bin;C:\Program Files\Razer\ChromaBroadcast\bin;C:\Program Files\Java\jdk-23\bin;C:\Program Files\MAVEN\apache-maven-3.9.9\bin;C:\Program Files\nodejs\;C:\WINDOWS\system32\config\systemprofile\AppData\Local\Microsoft\WindowsApps;C:\Program Files\NVIDIA Corporation\NVIDIA app\NvDLISR;C:\Program Files\Curl\curl-8.11.0_2-win64-mingw\bin;C:\Windows\System32;C:\Users\david\AppData\Roaming\npm;C:\Users\david\.deno\bin
USERNAME=david
LANG=es_ES.UTF-8
OS=Windows_NT
PROCESSOR_IDENTIFIER=Intel64 Family 6 Model 158 Stepping 13, GenuineIntel
TMP=C:\Users\david\AppData\Local\Temp
TEMP=C:\Users\david\AppData\Local\Temp




Periodic native trim disabled

---------------  S Y S T E M  ---------------

OS:
 Windows 10 , 64 bit Build 19041 (10.0.19041.5198)
OS uptime: 0 days 0:27 hours

CPU: total 16 (initial active 16) (8 cores per cpu, 2 threads per core) family 6 model 158 stepping 13 microcode 0xde, cx8, cmov, fxsr, ht, mmx, 3dnowpref, sse, sse2, sse3, ssse3, sse4.1, sse4.2, popcnt, lzcnt, tsc, tscinvbit, avx, avx2, aes, erms, clmul, bmi1, bmi2, adx, fma, vzeroupper, clflush, clflushopt, rdtscp, f16c
Processor Information for all 16 processors :
  Max Mhz: 3600, Current Mhz: 3600, Mhz Limit: 3600

Memory: 4k page, system-wide physical 32709M (17082M free)
TotalPageFile size 37573M (AvailPageFile size 18040M)
current process WorkingSet (physical memory assigned to process): 407M, peak: 407M
current process commit charge ("private bytes"): 742M, peak: 742M

vm_info: Java HotSpot(TM) 64-Bit Server VM (21.0.5+9-LTS-239) for windows-amd64 JRE (21.0.5+9-LTS-239), built on 2024-09-30T05:17:38Z by "mach5one" with MS VC++ 17.6 (VS2022)

END.
