#
# A fatal error has been detected by the Java Runtime Environment:
#
#  EXCEPTION_ACCESS_VIOLATION (0xc0000005) at pc=0x00007ffb48193ac9, pid=13336, tid=13284
#
# JRE version: Java(TM) SE Runtime Environment (21.0.5+9) (build 21.0.5+9-LTS-239)
# Java VM: Java HotSpot(TM) 64-Bit Server VM (21.0.5+9-LTS-239, mixed mode, sharing, tiered, compressed oops, compressed class ptrs, g1 gc, windows-amd64)
# Problematic frame:
# V  [jvm.dll+0x363ac9]
#
# No core dump will be written. Minidumps are not enabled by default on client versions of Windows
#
# If you would like to submit a bug report, please visit:
#   https://bugreport.java.com/bugreport/crash.jsp
#

---------------  S U M M A R Y ------------

Command Line: -XX:+UseG1GC target/wecamapp-1.0-SNAPSHOT.jar

Host: Intel(R) Core(TM) i9-9900KF CPU @ 3.60GHz, 16 cores, 31G,  Windows 10 , 64 bit Build 19041 (10.0.19041.5198)
Time: Wed Jan  1 23:49:44 2025 Hora estándar romance elapsed time: 4.783093 seconds (0d 0h 0m 4s)

---------------  T H R E A D  ---------------

Current thread (0x0000024c2ca10800):  WorkerThread "GC Thread#4"    [id=13284, stack(0x000000f702200000,0x000000f702300000) (1024K)]

Stack: [0x000000f702200000,0x000000f702300000],  sp=0x000000f7022ff800,  free space=1022k
Native frames: (J=compiled Java code, j=interpreted, Vv=VM code, C=native code)
V  [jvm.dll+0x363ac9]
V  [jvm.dll+0x3644b5]
V  [jvm.dll+0x36418b]
V  [jvm.dll+0x36c704]
V  [jvm.dll+0x36c87b]
V  [jvm.dll+0x8827e7]
V  [jvm.dll+0x7fee9b]
V  [jvm.dll+0x6c896d]
C  [ucrtbase.dll+0x21bb2]
C  [KERNEL32.DLL+0x17374]
C  [ntdll.dll+0x4cc91]


siginfo: EXCEPTION_ACCESS_VIOLATION (0xc0000005), reading address 0x000000000000f878


Registers:
RAX=0x0000000000000000, RBX=0x0000024c29b16368, RCX=0x0000000000000016, RDX=0x0000000000000000
RSP=0x000000f7022ff800, RBP=0x0000000000000003, RSI=0x0000024c29a25f28, RDI=0x000000000000f878
R8 =0x0000000000000000, R9 =0x0000024bbc1ced30, R10=0x00007ffbc77c0000, R11=0x00007ffbc77c15d5
R12=0x0000024c29b16360, R13=0x000000f7004fe928, R14=0x0000024c29a25e40, R15=0x0000000000000030
RIP=0x00007ffb48193ac9, EFLAGS=0x0000000000010246


Register to memory mapping:

RAX=0x0 is null
RBX=0x0000024c29b16368 points into unknown readable memory: 0x00007ffb488092e8 | e8 92 80 48 fb 7f 00 00
RCX=0x0000000000000016 is an unknown value
RDX=0x0 is null
RSP=0x000000f7022ff800 points into unknown readable memory: 0x0000000002d70000 | 00 00 d7 02 00 00 00 00
RBP=0x0000000000000003 is an unknown value
RSI=0x0000024c29a25f28 points into unknown readable memory: 0x000000000000f878 | 78 f8 00 00 00 00 00 00
RDI=0x000000000000f878 is an unknown value
R8 =0x0 is null
R9 =0x0000024bbc1ced30 points into unknown readable memory: 0x00007ffb488001b0 | b0 01 80 48 fb 7f 00 00
R10=0x00007ffbc77c0000 VCRUNTIME140.dll
R11=0x00007ffbc77c15d5 VCRUNTIME140.dll
R12=0x0000024c29b16360 points into unknown readable memory: 0x00007ffb48809330 | 30 93 80 48 fb 7f 00 00
R13=0x000000f7004fe928 points into unknown readable memory: 0x0000024bbe5b5320 | 20 53 5b be 4b 02 00 00
R14=0x0000024c29a25e40 points into unknown readable memory: 0x000000062003ff50 | 50 ff 03 20 06 00 00 00
R15=0x0000000000000030 is an unknown value

Top of Stack: (sp=0x000000f7022ff800)
0x000000f7022ff800:   0000000002d70000 00000003febb0001
0x000000f7022ff810:   0000000000000000 0000000000000070
0x000000f7022ff820:   0000000000000004 00007ffb481944b5
0x000000f7022ff830:   0000024c29b16368 000003ffc0000000
0x000000f7022ff840:   0000024bbc1a0000 00007ffb48804950
0x000000f7022ff850:   0000000000000000 000000f7022ff8d0
0x000000f7022ff860:   0000000000000006 0000024c2ca182d0
0x000000f7022ff870:   000000f7004fe820 00000003febb427e
0x000000f7022ff880:   00007ffb48804860 0000000002d7e8fe
0x000000f7022ff890:   00000003febb4c44 00007ffb0000000b
0x000000f7022ff8a0:   0000024c2ca182d0 0000000000000006
0x000000f7022ff8b0:   0000000000000000 0000000000000000
0x000000f7022ff8c0:   0000000000000000 0000000000000000
0x000000f7022ff8d0:   00007ffb48804860 0000000002d7e800
0x000000f7022ff8e0:   0000000000000003 0000000000000004
0x000000f7022ff8f0:   0000000000000000 0000fdfb4c373c13
0x000000f7022ff900:   0000000000000000 0000024be347fd50
0x000000f7022ff910:   0000024c2ca182d0 00000000000003d8
0x000000f7022ff920:   0000024be3480138 0000024c29b16360
0x000000f7022ff930:   000000f7004fe820 0000000000000006
0x000000f7022ff940:   0000024c29bc0170 00007ffb4819418b
0x000000f7022ff950:   0000024c29bc0170 0000000000000006
0x000000f7022ff960:   000000f7004fe820 0000000000000006
0x000000f7022ff970:   0000000000000006 0000000000000008
0x000000f7022ff980:   0000000000000005 00007ffb47ee0000
0x000000f7022ff990:   0000000000000000 00007ffb484ec561
0x000000f7022ff9a0:   0000000000000008 00000000000001e8
0x000000f7022ff9b0:   0000000000000001 00007ffb47eecb4e
0x000000f7022ff9c0:   0000000000000005 00007ffb47eef796
0x000000f7022ff9d0:   0000000000000000 0000000000000008
0x000000f7022ff9e0:   00007ffb48804870 0000000002d7e8ee
0x000000f7022ff9f0:   00000003febb363e 000000f700000003 

Instructions: (pc=0x00007ffb48193ac9)
0x00007ffb481939c9:   e2 4c 03 15 8f 75 85 00 4d 8b c2 49 8b 81 a0 05
0x00007ffb481939d9:   00 00 41 8b 89 b0 05 00 00 49 d3 e8 42 0f b7 14
0x00007ffb481939e9:   40 0f b7 c2 66 c1 e8 08 84 c0 78 3a 4d 8b 02 41
0x00007ffb481939f9:   0f b6 c0 24 03 3c 03 75 06 49 83 e0 fc eb 12 48
0x00007ffb48193a09:   8b 4b 10 4d 8b c8 4d 8b c2 e8 c9 1b ff ff 4c 8b
0x00007ffb48193a19:   c0 4c 2b 05 3f 75 85 00 8b 0d 41 75 85 00 49 d3
0x00007ffb48193a29:   e8 44 89 07 eb 37 3c fd 75 33 41 8b 89 18 02 00
0x00007ffb48193a39:   00 49 8b 81 10 02 00 00 48 d3 e0 8b 0d f6 04 8c
0x00007ffb48193a49:   00 4c 2b d0 49 8b 81 90 05 00 00 49 d3 ea 41 8b
0x00007ffb48193a59:   ca 80 7c 48 01 fd 75 05 c6 44 48 01 ff 48 8b 4b
0x00007ffb48193a69:   10 e8 e1 f4 fe ff 48 8b 5c 24 30 48 83 c4 20 5f
0x00007ffb48193a79:   c3 cc cc cc cc cc cc 48 89 5c 24 08 48 89 74 24
0x00007ffb48193a89:   10 57 48 83 ec 20 48 8b 3a 48 8b f2 48 8b d9 48
0x00007ffb48193a99:   85 ff 0f 84 b7 00 00 00 4c 8b 49 08 4c 8b c7 49
0x00007ffb48193aa9:   8b 81 a0 05 00 00 41 8b 89 b0 05 00 00 49 d3 e8
0x00007ffb48193ab9:   42 0f b7 14 40 0f b7 c2 66 c1 e8 08 84 c0 78 2c
0x00007ffb48193ac9:   48 8b 0f 0f b6 c1 24 03 3c 03 75 09 48 83 e1 fc
0x00007ffb48193ad9:   48 89 0e eb 71 4c 8b c9 4c 8b c7 48 8b 4b 10 e8
0x00007ffb48193ae9:   f3 1a ff ff 48 8b c8 48 89 06 eb 5a 3c fd 75 37
0x00007ffb48193af9:   41 8b 89 18 02 00 00 48 8b d7 49 8b 81 10 02 00
0x00007ffb48193b09:   00 48 d3 e0 8b 0d 2d 04 8c 00 48 2b d0 49 8b 81
0x00007ffb48193b19:   90 05 00 00 48 d3 ea 8b ca 80 7c 48 01 fd 75 17
0x00007ffb48193b29:   c6 44 48 01 ff eb 10 3c fc 75 0c 48 8b 4b 10 48
0x00007ffb48193b39:   8b d6 e8 90 f3 ff ff 8b 53 18 4c 8b c7 48 8b 4b
0x00007ffb48193b49:   28 e8 b1 3e fb ff 48 8b 4b 10 e8 f8 f3 fe ff 48
0x00007ffb48193b59:   8b 5c 24 30 48 8b 74 24 38 48 83 c4 20 5f c3 cc
0x00007ffb48193b69:   cc cc cc cc cc cc cc 48 89 5c 24 10 56 48 83 ec
0x00007ffb48193b79:   20 8b 02 48 8b f2 48 8b d9 85 c0 0f 84 e0 00 00
0x00007ffb48193b89:   00 8b 0d d8 73 85 00 4c 8b 43 08 48 89 7c 24 30
0x00007ffb48193b99:   8b f8 48 d3 e7 48 03 3d bb 73 85 00 49 8b 80 a0
0x00007ffb48193ba9:   05 00 00 48 8b d7 41 8b 88 b0 05 00 00 48 d3 ea
0x00007ffb48193bb9:   0f b7 14 50 0f b7 c2 66 c1 e8 08 84 c0 78 3a 4c 


Stack slot to memory mapping:

stack at sp + 0 slots: 0x0000000002d70000 is an unknown value
stack at sp + 1 slots: 0x00000003febb0001 is an unknown value
stack at sp + 2 slots: 0x0 is null
stack at sp + 3 slots: 0x0000000000000070 is an unknown value
stack at sp + 4 slots: 0x0000000000000004 is an unknown value
stack at sp + 5 slots: 0x00007ffb481944b5 jvm.dll
stack at sp + 6 slots: 0x0000024c29b16368 points into unknown readable memory: 0x00007ffb488092e8 | e8 92 80 48 fb 7f 00 00
stack at sp + 7 slots: 0x000003ffc0000000 is an unknown value


---------------  P R O C E S S  ---------------

Threads class SMR info:
_java_thread_list=0x0000024c29b0d430, length=24, elements={
0x0000024be32f50f0, 0x0000024be32f6000, 0x0000024be32f7270, 0x0000024be32fbcf0,
0x0000024be32fcd50, 0x0000024be33006d0, 0x0000024be32fe990, 0x0000024be32ffb90,
0x0000024be34463f0, 0x0000024be3471450, 0x0000024be3474090, 0x0000024be3660030,
0x0000024be3664260, 0x0000024be3668590, 0x0000024be369e360, 0x0000024be36b7c40,
0x0000024be36e7fe0, 0x0000024bbc1cbe30, 0x0000024c2c8eac20, 0x0000024c2ca31840,
0x0000024c2c9ff1e0, 0x0000024c2c9ff870, 0x0000024c2c9feb50, 0x0000024c2c9fff00
}

Java Threads: ( => current thread )
  0x0000024be32f50f0 JavaThread "Reference Handler"          daemon [_thread_blocked, id=14216, stack(0x000000f700500000,0x000000f700600000) (1024K)]
  0x0000024be32f6000 JavaThread "Finalizer"                  daemon [_thread_blocked, id=11412, stack(0x000000f700600000,0x000000f700700000) (1024K)]
  0x0000024be32f7270 JavaThread "Signal Dispatcher"          daemon [_thread_blocked, id=29640, stack(0x000000f700700000,0x000000f700800000) (1024K)]
  0x0000024be32fbcf0 JavaThread "Attach Listener"            daemon [_thread_blocked, id=14972, stack(0x000000f700800000,0x000000f700900000) (1024K)]
  0x0000024be32fcd50 JavaThread "Service Thread"             daemon [_thread_blocked, id=13256, stack(0x000000f700900000,0x000000f700a00000) (1024K)]
  0x0000024be33006d0 JavaThread "Monitor Deflation Thread"   daemon [_thread_blocked, id=3744, stack(0x000000f700a00000,0x000000f700b00000) (1024K)]
  0x0000024be32fe990 JavaThread "C2 CompilerThread0"         daemon [_thread_blocked, id=4120, stack(0x000000f700b00000,0x000000f700c00000) (1024K)]
  0x0000024be32ffb90 JavaThread "C1 CompilerThread0"         daemon [_thread_blocked, id=28940, stack(0x000000f700c00000,0x000000f700d00000) (1024K)]
  0x0000024be34463f0 JavaThread "C1 CompilerThread1"         daemon [_thread_blocked, id=26280, stack(0x000000f700d00000,0x000000f700e00000) (1024K)]
  0x0000024be3471450 JavaThread "Notification Thread"        daemon [_thread_blocked, id=6236, stack(0x000000f700e00000,0x000000f700f00000) (1024K)]
  0x0000024be3474090 JavaThread "Common-Cleaner"             daemon [_thread_blocked, id=19880, stack(0x000000f700f00000,0x000000f701000000) (1024K)]
  0x0000024be3660030 JavaThread "Java2D Disposer"            daemon [_thread_blocked, id=4896, stack(0x000000f701000000,0x000000f701100000) (1024K)]
  0x0000024be3664260 JavaThread "AWT-Shutdown"                      [_thread_blocked, id=2496, stack(0x000000f701100000,0x000000f701200000) (1024K)]
  0x0000024be3668590 JavaThread "AWT-Windows"                daemon [_thread_in_native, id=12136, stack(0x000000f701200000,0x000000f701300000) (1024K)]
  0x0000024be369e360 JavaThread "EventQueueMonitor-ComponentEvtDispatch" daemon [_thread_blocked, id=29224, stack(0x000000f701300000,0x000000f701400000) (1024K)]
  0x0000024be36b7c40 JavaThread "Thread-1"                   daemon [_thread_in_native, id=19700, stack(0x000000f701400000,0x000000f701500000) (1024K)]
  0x0000024be36e7fe0 JavaThread "AWT-EventQueue-0"                  [_thread_blocked, id=15132, stack(0x000000f701500000,0x000000f701600000) (1024K)]
  0x0000024bbc1cbe30 JavaThread "DestroyJavaVM"                     [_thread_blocked, id=28980, stack(0x000000f77fd00000,0x000000f77fe00000) (1024K)]
  0x0000024c2c8eac20 JavaThread "HttpClient-1-SelectorManager" daemon [_thread_in_native, id=11592, stack(0x000000f701a00000,0x000000f701b00000) (1024K)]
  0x0000024c2ca31840 JavaThread "HttpClient-1-Worker-0"      daemon [_thread_blocked, id=9676, stack(0x000000f701c00000,0x000000f701d00000) (1024K)]
  0x0000024c2c9ff1e0 JavaThread "HttpClient-1-Worker-1"      daemon [_thread_blocked, id=28620, stack(0x000000f701d00000,0x000000f701e00000) (1024K)]
  0x0000024c2c9ff870 JavaThread "HttpClient-1-Worker-2"      daemon [_thread_blocked, id=12396, stack(0x000000f701e00000,0x000000f701f00000) (1024K)]
  0x0000024c2c9feb50 JavaThread "TimerQueue"                 daemon [_thread_blocked, id=14604, stack(0x000000f701900000,0x000000f701a00000) (1024K)]
  0x0000024c2c9fff00 JavaThread "Thread-3"                          [_thread_blocked, id=12628, stack(0x000000f703700000,0x000000f703800000) (1024K)]
Total: 24

Other Threads:
  0x0000024be2a46680 VMThread "VM Thread"                           [id=27900, stack(0x000000f700400000,0x000000f700500000) (1024K)]
  0x0000024be2a33f00 WatcherThread "VM Periodic Task Thread"        [id=6596, stack(0x000000f700300000,0x000000f700400000) (1024K)]
  0x0000024bbe5a16e0 WorkerThread "GC Thread#0"                     [id=23744, stack(0x000000f77fe00000,0x000000f77ff00000) (1024K)]
  0x0000024c2ca0f910 WorkerThread "GC Thread#1"                     [id=27304, stack(0x000000f701f00000,0x000000f702000000) (1024K)]
  0x0000024c2ca100c0 WorkerThread "GC Thread#2"                     [id=6248, stack(0x000000f702000000,0x000000f702100000) (1024K)]
  0x0000024c2ca10460 WorkerThread "GC Thread#3"                     [id=25488, stack(0x000000f702100000,0x000000f702200000) (1024K)]
=>0x0000024c2ca10800 WorkerThread "GC Thread#4"                     [id=13284, stack(0x000000f702200000,0x000000f702300000) (1024K)]
  0x0000024c2ca10ba0 WorkerThread "GC Thread#5"                     [id=24360, stack(0x000000f702300000,0x000000f702400000) (1024K)]
  0x0000024c2ca11b60 WorkerThread "GC Thread#6"                     [id=29564, stack(0x000000f702400000,0x000000f702500000) (1024K)]
  0x0000024c2c915570 WorkerThread "GC Thread#7"                     [id=20028, stack(0x000000f702500000,0x000000f702600000) (1024K)]
  0x0000024c2c914a90 WorkerThread "GC Thread#8"                     [id=4504, stack(0x000000f702600000,0x000000f702700000) (1024K)]
  0x0000024c2c9151d0 WorkerThread "GC Thread#9"                     [id=2804, stack(0x000000f702700000,0x000000f702800000) (1024K)]
  0x0000024c2c915910 WorkerThread "GC Thread#10"                    [id=25756, stack(0x000000f702800000,0x000000f702900000) (1024K)]
  0x0000024c2c914e30 WorkerThread "GC Thread#11"                    [id=17592, stack(0x000000f702900000,0x000000f702a00000) (1024K)]
  0x0000024c2c913fb0 WorkerThread "GC Thread#12"                    [id=9224, stack(0x000000f702a00000,0x000000f702b00000) (1024K)]
  0x0000024bbe5b2560 ConcurrentGCThread "G1 Main Marker"            [id=18116, stack(0x000000f77ff00000,0x000000f780000000) (1024K)]
  0x0000024bbe5b3780 WorkerThread "G1 Conc#0"                       [id=13928, stack(0x000000f700000000,0x000000f700100000) (1024K)]
  0x0000024be28f7130 ConcurrentGCThread "G1 Refine#0"               [id=1712, stack(0x000000f700100000,0x000000f700200000) (1024K)]
  0x0000024be28f7bb0 ConcurrentGCThread "G1 Service"                [id=8920, stack(0x000000f700200000,0x000000f700300000) (1024K)]
Total: 19

Threads with active compile tasks:
Total: 0

VM state: at safepoint (normal execution)

VM Mutex/Monitor currently owned by a thread:  ([mutex/lock_event])
[0x00007ffb48a6be98] Threads_lock - owner thread: 0x0000024be2a46680
[0x00007ffb48a6bf98] Heap_lock - owner thread: 0x0000024c2c9fff00

Heap address: 0x0000000600c00000, size: 8180 MB, Compressed Oops mode: Zero based, Oop shift amount: 3

CDS archive(s) mapped at: [0x0000024be4000000-0x0000024be4c90000-0x0000024be4c90000), size 13172736, SharedBaseAddress: 0x0000024be4000000, ArchiveRelocationMode: 1.
Compressed class space mapped at: 0x0000024be5000000-0x0000024c25000000, reserved size: 1073741824
Narrow klass base: 0x0000024be4000000, Narrow klass shift: 0, Narrow klass range: 0x100000000

GC Precious Log:
 CardTable entry size: 512
 Card Set container configuration: InlinePtr #cards 4 size 8 Array Of Cards #cards 32 size 80 Howl #buckets 8 coarsen threshold 7372 Howl Bitmap #cards 1024 size 144 coarsen threshold 921 Card regions per heap region 1 cards per card region 8192
 CPUs: 16 total, 16 available
 Memory: 32709M
 Large Page Support: Disabled
 NUMA Support: Disabled
 Compressed Oops: Enabled (Zero based)
 Heap Region Size: 4M
 Heap Min Capacity: 8M
 Heap Initial Capacity: 512M
 Heap Max Capacity: 8180M
 Pre-touch: Disabled
 Parallel Workers: 13
 Concurrent Workers: 3
 Concurrent Refinement Workers: 13
 Periodic GC: Disabled

Heap:
 garbage-first heap   total 524288K, used 240844K [0x0000000600c00000, 0x0000000800000000)
  region size 4096K, 3 young (12288K), 1 survivors (4096K)
 Metaspace       used 16217K, committed 16576K, reserved 1114112K
  class space    used 1807K, committed 1984K, reserved 1048576K

Heap Regions: E=young(eden), S=young(survivor), O=old, HS=humongous(starts), HC=humongous(continues), CS=collection set, F=free, TAMS=top-at-mark-start, PB=parsable bottom
|   0|0x0000000600c00000, 0x0000000601000000, 0x0000000601000000|100%| O|  |TAMS 0x0000000601000000| PB 0x0000000600c00000| Untracked 
|   1|0x0000000601000000, 0x0000000601400000, 0x0000000601400000|100%| O|  |TAMS 0x00000006012e5518| PB 0x0000000601000000| Untracked 
|   2|0x0000000601400000, 0x0000000601800000, 0x0000000601800000|100%|HS|  |TAMS 0x0000000601800000| PB 0x0000000601400000| Complete 
|   3|0x0000000601800000, 0x0000000601c00000, 0x0000000601c00000|100%|HS|  |TAMS 0x0000000601c00000| PB 0x0000000601800000| Complete 
|   4|0x0000000601c00000, 0x0000000602000000, 0x0000000602000000|100%|HS|  |TAMS 0x0000000602000000| PB 0x0000000601c00000| Complete 
|   5|0x0000000602000000, 0x0000000602400000, 0x0000000602400000|100%|HS|  |TAMS 0x0000000602400000| PB 0x0000000602000000| Complete 
|   6|0x0000000602400000, 0x0000000602800000, 0x0000000602800000|100%|HS|  |TAMS 0x0000000602800000| PB 0x0000000602400000| Complete 
|   7|0x0000000602800000, 0x0000000602c00000, 0x0000000602c00000|100%|HS|  |TAMS 0x0000000602c00000| PB 0x0000000602800000| Complete 
|   8|0x0000000602c00000, 0x0000000603000000, 0x0000000603000000|100%|HS|  |TAMS 0x0000000603000000| PB 0x0000000602c00000| Complete 
|   9|0x0000000603000000, 0x0000000603400000, 0x0000000603400000|100%|HS|  |TAMS 0x0000000603400000| PB 0x0000000603000000| Complete 
|  10|0x0000000603400000, 0x0000000603800000, 0x0000000603800000|100%|HS|  |TAMS 0x0000000603800000| PB 0x0000000603400000| Complete 
|  11|0x0000000603800000, 0x0000000603c00000, 0x0000000603c00000|100%|HS|  |TAMS 0x0000000603c00000| PB 0x0000000603800000| Complete 
|  12|0x0000000603c00000, 0x0000000604000000, 0x0000000604000000|100%|HS|  |TAMS 0x0000000604000000| PB 0x0000000603c00000| Complete 
|  13|0x0000000604000000, 0x0000000604400000, 0x0000000604400000|100%|HS|  |TAMS 0x0000000604400000| PB 0x0000000604000000| Complete 
|  14|0x0000000604400000, 0x0000000604800000, 0x0000000604800000|100%|HS|  |TAMS 0x0000000604800000| PB 0x0000000604400000| Complete 
|  15|0x0000000604800000, 0x0000000604c00000, 0x0000000604c00000|100%|HS|  |TAMS 0x0000000604c00000| PB 0x0000000604800000| Complete 
|  16|0x0000000604c00000, 0x0000000605000000, 0x0000000605000000|100%|HS|  |TAMS 0x0000000605000000| PB 0x0000000604c00000| Complete 
|  17|0x0000000605000000, 0x0000000605400000, 0x0000000605400000|100%|HS|  |TAMS 0x0000000605400000| PB 0x0000000605000000| Complete 
|  18|0x0000000605400000, 0x0000000605800000, 0x0000000605800000|100%|HS|  |TAMS 0x0000000605800000| PB 0x0000000605400000| Complete 
|  19|0x0000000605800000, 0x0000000605c00000, 0x0000000605c00000|100%|HS|  |TAMS 0x0000000605c00000| PB 0x0000000605800000| Complete 
|  20|0x0000000605c00000, 0x0000000606000000, 0x0000000606000000|100%|HS|  |TAMS 0x0000000606000000| PB 0x0000000605c00000| Complete 
|  21|0x0000000606000000, 0x0000000606400000, 0x0000000606400000|100%|HS|  |TAMS 0x0000000606400000| PB 0x0000000606000000| Complete 
|  22|0x0000000606400000, 0x0000000606800000, 0x0000000606800000|100%|HS|  |TAMS 0x0000000606800000| PB 0x0000000606400000| Complete 
|  23|0x0000000606800000, 0x0000000606c00000, 0x0000000606c00000|100%|HS|  |TAMS 0x0000000606c00000| PB 0x0000000606800000| Complete 
|  24|0x0000000606c00000, 0x0000000607000000, 0x0000000607000000|100%|HS|  |TAMS 0x0000000607000000| PB 0x0000000606c00000| Complete 
|  25|0x0000000607000000, 0x0000000607400000, 0x0000000607400000|100%|HS|  |TAMS 0x0000000607400000| PB 0x0000000607000000| Complete 
|  26|0x0000000607400000, 0x0000000607800000, 0x0000000607800000|100%|HS|  |TAMS 0x0000000607800000| PB 0x0000000607400000| Complete 
|  27|0x0000000607800000, 0x0000000607c00000, 0x0000000607c00000|100%|HS|  |TAMS 0x0000000607c00000| PB 0x0000000607800000| Complete 
|  28|0x0000000607c00000, 0x0000000608000000, 0x0000000608000000|100%|HS|  |TAMS 0x0000000608000000| PB 0x0000000607c00000| Complete 
|  29|0x0000000608000000, 0x0000000608400000, 0x0000000608400000|100%|HS|  |TAMS 0x0000000608400000| PB 0x0000000608000000| Complete 
|  30|0x0000000608400000, 0x0000000608800000, 0x0000000608800000|100%|HS|  |TAMS 0x0000000608800000| PB 0x0000000608400000| Complete 
|  31|0x0000000608800000, 0x0000000608c00000, 0x0000000608c00000|100%|HS|  |TAMS 0x0000000608c00000| PB 0x0000000608800000| Complete 
|  32|0x0000000608c00000, 0x0000000609000000, 0x0000000609000000|100%|HS|  |TAMS 0x0000000609000000| PB 0x0000000608c00000| Complete 
|  33|0x0000000609000000, 0x0000000609400000, 0x0000000609400000|100%|HS|  |TAMS 0x0000000609400000| PB 0x0000000609000000| Complete 
|  34|0x0000000609400000, 0x0000000609800000, 0x0000000609800000|100%|HS|  |TAMS 0x0000000609800000| PB 0x0000000609400000| Complete 
|  35|0x0000000609800000, 0x0000000609c00000, 0x0000000609c00000|100%|HS|  |TAMS 0x0000000609c00000| PB 0x0000000609800000| Complete 
|  36|0x0000000609c00000, 0x000000060a000000, 0x000000060a000000|100%|HS|  |TAMS 0x000000060a000000| PB 0x0000000609c00000| Complete 
|  37|0x000000060a000000, 0x000000060a400000, 0x000000060a400000|100%|HS|  |TAMS 0x000000060a400000| PB 0x000000060a000000| Complete 
|  38|0x000000060a400000, 0x000000060a800000, 0x000000060a800000|100%|HS|  |TAMS 0x000000060a800000| PB 0x000000060a400000| Complete 
|  39|0x000000060a800000, 0x000000060ac00000, 0x000000060ac00000|100%|HS|  |TAMS 0x000000060ac00000| PB 0x000000060a800000| Complete 
|  40|0x000000060ac00000, 0x000000060b000000, 0x000000060b000000|100%|HS|  |TAMS 0x000000060b000000| PB 0x000000060ac00000| Complete 
|  41|0x000000060b000000, 0x000000060b400000, 0x000000060b400000|100%|HS|  |TAMS 0x000000060b400000| PB 0x000000060b000000| Complete 
|  42|0x000000060b400000, 0x000000060b800000, 0x000000060b800000|100%|HS|  |TAMS 0x000000060b800000| PB 0x000000060b400000| Complete 
|  43|0x000000060b800000, 0x000000060bc00000, 0x000000060bc00000|100%|HS|  |TAMS 0x000000060bc00000| PB 0x000000060b800000| Complete 
|  44|0x000000060bc00000, 0x000000060c000000, 0x000000060c000000|100%|HS|  |TAMS 0x000000060c000000| PB 0x000000060bc00000| Complete 
|  45|0x000000060c000000, 0x000000060c400000, 0x000000060c400000|100%|HS|  |TAMS 0x000000060c400000| PB 0x000000060c000000| Complete 
|  46|0x000000060c400000, 0x000000060c800000, 0x000000060c800000|100%|HS|  |TAMS 0x000000060c800000| PB 0x000000060c400000| Complete 
|  47|0x000000060c800000, 0x000000060cc00000, 0x000000060cc00000|100%|HS|  |TAMS 0x000000060cc00000| PB 0x000000060c800000| Complete 
|  48|0x000000060cc00000, 0x000000060d000000, 0x000000060d000000|100%|HS|  |TAMS 0x000000060d000000| PB 0x000000060cc00000| Complete 
|  49|0x000000060d000000, 0x000000060d400000, 0x000000060d400000|100%|HS|  |TAMS 0x000000060d400000| PB 0x000000060d000000| Complete 
|  50|0x000000060d400000, 0x000000060d800000, 0x000000060d800000|100%|HS|  |TAMS 0x000000060d800000| PB 0x000000060d400000| Complete 
|  51|0x000000060d800000, 0x000000060dc00000, 0x000000060dc00000|100%|HS|  |TAMS 0x000000060dc00000| PB 0x000000060d800000| Complete 
|  52|0x000000060dc00000, 0x000000060e000000, 0x000000060e000000|100%|HS|  |TAMS 0x000000060e000000| PB 0x000000060dc00000| Complete 
|  53|0x000000060e000000, 0x000000060e400000, 0x000000060e400000|100%|HS|  |TAMS 0x000000060e400000| PB 0x000000060e000000| Complete 
|  54|0x000000060e400000, 0x000000060e800000, 0x000000060e800000|100%|HS|  |TAMS 0x000000060e800000| PB 0x000000060e400000| Complete 
|  55|0x000000060e800000, 0x000000060ec00000, 0x000000060ec00000|100%|HS|  |TAMS 0x000000060ec00000| PB 0x000000060e800000| Complete 
|  56|0x000000060ec00000, 0x000000060f000000, 0x000000060f000000|100%|HS|  |TAMS 0x000000060f000000| PB 0x000000060ec00000| Complete 
|  57|0x000000060f000000, 0x000000060f400000, 0x000000060f400000|100%| O|  |TAMS 0x000000060f000000| PB 0x000000060f000000| Untracked 
|  58|0x000000060f400000, 0x000000060f65c4b0, 0x000000060f800000| 59%| O|  |TAMS 0x000000060f400000| PB 0x000000060f400000| Untracked 
|  59|0x000000060f800000, 0x000000060f800000, 0x000000060fc00000|  0%| F|  |TAMS 0x000000060f800000| PB 0x000000060f800000| Untracked 
|  60|0x000000060fc00000, 0x000000060fc00000, 0x0000000610000000|  0%| F|  |TAMS 0x000000060fc00000| PB 0x000000060fc00000| Untracked 
|  61|0x0000000610000000, 0x0000000610000000, 0x0000000610400000|  0%| F|  |TAMS 0x0000000610000000| PB 0x0000000610000000| Untracked 
|  62|0x0000000610400000, 0x0000000610400000, 0x0000000610800000|  0%| F|  |TAMS 0x0000000610400000| PB 0x0000000610400000| Untracked 
|  63|0x0000000610800000, 0x0000000610800000, 0x0000000610c00000|  0%| F|  |TAMS 0x0000000610800000| PB 0x0000000610800000| Untracked 
|  64|0x0000000610c00000, 0x0000000610c00000, 0x0000000611000000|  0%| F|  |TAMS 0x0000000610c00000| PB 0x0000000610c00000| Untracked 
|  65|0x0000000611000000, 0x0000000611000000, 0x0000000611400000|  0%| F|  |TAMS 0x0000000611000000| PB 0x0000000611000000| Untracked 
|  66|0x0000000611400000, 0x0000000611400000, 0x0000000611800000|  0%| F|  |TAMS 0x0000000611400000| PB 0x0000000611400000| Untracked 
|  67|0x0000000611800000, 0x0000000611800000, 0x0000000611c00000|  0%| F|  |TAMS 0x0000000611800000| PB 0x0000000611800000| Untracked 
|  68|0x0000000611c00000, 0x0000000611c00000, 0x0000000612000000|  0%| F|  |TAMS 0x0000000611c00000| PB 0x0000000611c00000| Untracked 
|  69|0x0000000612000000, 0x0000000612000000, 0x0000000612400000|  0%| F|  |TAMS 0x0000000612000000| PB 0x0000000612000000| Untracked 
|  70|0x0000000612400000, 0x0000000612400000, 0x0000000612800000|  0%| F|  |TAMS 0x0000000612400000| PB 0x0000000612400000| Untracked 
|  71|0x0000000612800000, 0x0000000612800000, 0x0000000612c00000|  0%| F|  |TAMS 0x0000000612800000| PB 0x0000000612800000| Untracked 
|  72|0x0000000612c00000, 0x0000000612c00000, 0x0000000613000000|  0%| F|  |TAMS 0x0000000612c00000| PB 0x0000000612c00000| Untracked 
|  73|0x0000000613000000, 0x0000000613000000, 0x0000000613400000|  0%| F|  |TAMS 0x0000000613000000| PB 0x0000000613000000| Untracked 
|  74|0x0000000613400000, 0x0000000613400000, 0x0000000613800000|  0%| F|  |TAMS 0x0000000613400000| PB 0x0000000613400000| Untracked 
|  75|0x0000000613800000, 0x0000000613800000, 0x0000000613c00000|  0%| F|  |TAMS 0x0000000613800000| PB 0x0000000613800000| Untracked 
|  76|0x0000000613c00000, 0x0000000613c00000, 0x0000000614000000|  0%| F|  |TAMS 0x0000000613c00000| PB 0x0000000613c00000| Untracked 
|  77|0x0000000614000000, 0x0000000614000000, 0x0000000614400000|  0%| F|  |TAMS 0x0000000614000000| PB 0x0000000614000000| Untracked 
|  78|0x0000000614400000, 0x0000000614400000, 0x0000000614800000|  0%| F|  |TAMS 0x0000000614400000| PB 0x0000000614400000| Untracked 
|  79|0x0000000614800000, 0x0000000614800000, 0x0000000614c00000|  0%| F|  |TAMS 0x0000000614800000| PB 0x0000000614800000| Untracked 
|  80|0x0000000614c00000, 0x0000000614c00000, 0x0000000615000000|  0%| F|  |TAMS 0x0000000614c00000| PB 0x0000000614c00000| Untracked 
|  81|0x0000000615000000, 0x0000000615000000, 0x0000000615400000|  0%| F|  |TAMS 0x0000000615000000| PB 0x0000000615000000| Untracked 
|  82|0x0000000615400000, 0x0000000615400000, 0x0000000615800000|  0%| F|  |TAMS 0x0000000615400000| PB 0x0000000615400000| Untracked 
|  83|0x0000000615800000, 0x0000000615800000, 0x0000000615c00000|  0%| F|  |TAMS 0x0000000615800000| PB 0x0000000615800000| Untracked 
|  84|0x0000000615c00000, 0x0000000615c00000, 0x0000000616000000|  0%| F|  |TAMS 0x0000000615c00000| PB 0x0000000615c00000| Untracked 
|  85|0x0000000616000000, 0x0000000616000000, 0x0000000616400000|  0%| F|  |TAMS 0x0000000616000000| PB 0x0000000616000000| Untracked 
|  86|0x0000000616400000, 0x0000000616400000, 0x0000000616800000|  0%| F|  |TAMS 0x0000000616400000| PB 0x0000000616400000| Untracked 
|  87|0x0000000616800000, 0x0000000616800000, 0x0000000616c00000|  0%| F|  |TAMS 0x0000000616800000| PB 0x0000000616800000| Untracked 
|  88|0x0000000616c00000, 0x0000000616c00000, 0x0000000617000000|  0%| F|  |TAMS 0x0000000616c00000| PB 0x0000000616c00000| Untracked 
|  89|0x0000000617000000, 0x0000000617000000, 0x0000000617400000|  0%| F|  |TAMS 0x0000000617000000| PB 0x0000000617000000| Untracked 
|  90|0x0000000617400000, 0x0000000617400000, 0x0000000617800000|  0%| F|  |TAMS 0x0000000617400000| PB 0x0000000617400000| Untracked 
|  91|0x0000000617800000, 0x0000000617800000, 0x0000000617c00000|  0%| F|  |TAMS 0x0000000617800000| PB 0x0000000617800000| Untracked 
|  92|0x0000000617c00000, 0x0000000617c00000, 0x0000000618000000|  0%| F|  |TAMS 0x0000000617c00000| PB 0x0000000617c00000| Untracked 
|  93|0x0000000618000000, 0x0000000618000000, 0x0000000618400000|  0%| F|  |TAMS 0x0000000618000000| PB 0x0000000618000000| Untracked 
|  94|0x0000000618400000, 0x0000000618400000, 0x0000000618800000|  0%| F|  |TAMS 0x0000000618400000| PB 0x0000000618400000| Untracked 
|  95|0x0000000618800000, 0x0000000618800000, 0x0000000618c00000|  0%| F|  |TAMS 0x0000000618800000| PB 0x0000000618800000| Untracked 
|  96|0x0000000618c00000, 0x0000000618c00000, 0x0000000619000000|  0%| F|  |TAMS 0x0000000618c00000| PB 0x0000000618c00000| Untracked 
|  97|0x0000000619000000, 0x0000000619000000, 0x0000000619400000|  0%| F|  |TAMS 0x0000000619000000| PB 0x0000000619000000| Untracked 
|  98|0x0000000619400000, 0x0000000619400000, 0x0000000619800000|  0%| F|  |TAMS 0x0000000619400000| PB 0x0000000619400000| Untracked 
|  99|0x0000000619800000, 0x0000000619800000, 0x0000000619c00000|  0%| F|  |TAMS 0x0000000619800000| PB 0x0000000619800000| Untracked 
| 100|0x0000000619c00000, 0x0000000619c00000, 0x000000061a000000|  0%| F|  |TAMS 0x0000000619c00000| PB 0x0000000619c00000| Untracked 
| 101|0x000000061a000000, 0x000000061a000000, 0x000000061a400000|  0%| F|  |TAMS 0x000000061a000000| PB 0x000000061a000000| Untracked 
| 102|0x000000061a400000, 0x000000061a400000, 0x000000061a800000|  0%| F|  |TAMS 0x000000061a400000| PB 0x000000061a400000| Untracked 
| 103|0x000000061a800000, 0x000000061a800000, 0x000000061ac00000|  0%| F|  |TAMS 0x000000061a800000| PB 0x000000061a800000| Untracked 
| 104|0x000000061ac00000, 0x000000061ac00000, 0x000000061b000000|  0%| F|  |TAMS 0x000000061ac00000| PB 0x000000061ac00000| Untracked 
| 105|0x000000061b000000, 0x000000061b000000, 0x000000061b400000|  0%| F|  |TAMS 0x000000061b000000| PB 0x000000061b000000| Untracked 
| 106|0x000000061b400000, 0x000000061b400000, 0x000000061b800000|  0%| F|  |TAMS 0x000000061b400000| PB 0x000000061b400000| Untracked 
| 107|0x000000061b800000, 0x000000061b800000, 0x000000061bc00000|  0%| F|  |TAMS 0x000000061b800000| PB 0x000000061b800000| Untracked 
| 108|0x000000061bc00000, 0x000000061bc00000, 0x000000061c000000|  0%| F|  |TAMS 0x000000061bc00000| PB 0x000000061bc00000| Untracked 
| 109|0x000000061c000000, 0x000000061c000000, 0x000000061c400000|  0%| F|  |TAMS 0x000000061c000000| PB 0x000000061c000000| Untracked 
| 110|0x000000061c400000, 0x000000061c400000, 0x000000061c800000|  0%| F|  |TAMS 0x000000061c400000| PB 0x000000061c400000| Untracked 
| 111|0x000000061c800000, 0x000000061c800000, 0x000000061cc00000|  0%| F|  |TAMS 0x000000061c800000| PB 0x000000061c800000| Untracked 
| 112|0x000000061cc00000, 0x000000061cc00000, 0x000000061d000000|  0%| F|  |TAMS 0x000000061cc00000| PB 0x000000061cc00000| Untracked 
| 113|0x000000061d000000, 0x000000061d000000, 0x000000061d400000|  0%| F|  |TAMS 0x000000061d000000| PB 0x000000061d000000| Untracked 
| 114|0x000000061d400000, 0x000000061d400000, 0x000000061d800000|  0%| F|  |TAMS 0x000000061d400000| PB 0x000000061d400000| Untracked 
| 115|0x000000061d800000, 0x000000061d800000, 0x000000061dc00000|  0%| F|  |TAMS 0x000000061d800000| PB 0x000000061d800000| Untracked 
| 116|0x000000061dc00000, 0x000000061dc00000, 0x000000061e000000|  0%| F|  |TAMS 0x000000061dc00000| PB 0x000000061dc00000| Untracked 
| 117|0x000000061e000000, 0x000000061e000000, 0x000000061e400000|  0%| F|  |TAMS 0x000000061e000000| PB 0x000000061e000000| Untracked 
| 118|0x000000061e400000, 0x000000061e400000, 0x000000061e800000|  0%| F|  |TAMS 0x000000061e400000| PB 0x000000061e400000| Untracked 
| 119|0x000000061e800000, 0x000000061e800000, 0x000000061ec00000|  0%| F|  |TAMS 0x000000061e800000| PB 0x000000061e800000| Untracked 
| 120|0x000000061ec00000, 0x000000061ec00000, 0x000000061f000000|  0%| F|  |TAMS 0x000000061ec00000| PB 0x000000061ec00000| Untracked 
| 121|0x000000061f000000, 0x000000061f400000, 0x000000061f400000|100%| E|CS|TAMS 0x000000061f000000| PB 0x000000061f000000| Complete 
| 122|0x000000061f400000, 0x000000061f400000, 0x000000061f800000|  0%| F|  |TAMS 0x000000061f400000| PB 0x000000061f400000| Untracked 
| 123|0x000000061f800000, 0x000000061f800000, 0x000000061fc00000|  0%| F|  |TAMS 0x000000061f800000| PB 0x000000061f800000| Untracked 
| 124|0x000000061fc00000, 0x000000061fc00000, 0x0000000620000000|  0%| F|  |TAMS 0x000000061fc00000| PB 0x000000061fc00000| Untracked 
| 125|0x0000000620000000, 0x0000000620076c70, 0x0000000620400000| 11%| S|  |TAMS 0x0000000620000000| PB 0x0000000620000000| Complete 
| 126|0x0000000620400000, 0x000000062044dcb8, 0x0000000620800000|  7%| E|CS|TAMS 0x0000000620400000| PB 0x0000000620400000| Complete 
| 127|0x0000000620800000, 0x0000000620c00000, 0x0000000620c00000|100%| E|CS|TAMS 0x0000000620800000| PB 0x0000000620800000| Complete 

Card table byte_map: [0x0000024bd7230000,0x0000024bd8230000] _byte_map_base: 0x0000024bd422a000

Marking Bits: (CMBitMap*) 0x0000024bbe5a1cf0
 Bits: [0x0000024bd8230000, 0x0000024be0200000)

Polling page: 0x0000024bbc470000

Metaspace:

Usage:
  Non-class:     14.07 MB used.
      Class:      1.76 MB used.
       Both:     15.84 MB used.

Virtual space:
  Non-class space:       64.00 MB reserved,      14.25 MB ( 22%) committed,  1 nodes.
      Class space:        1.00 GB reserved,       1.94 MB ( <1%) committed,  1 nodes.
             Both:        1.06 GB reserved,      16.19 MB (  1%) committed. 

Chunk freelists:
   Non-Class:  1.64 MB
       Class:  13.98 MB
        Both:  15.62 MB

MaxMetaspaceSize: unlimited
CompressedClassSpaceSize: 1.00 GB
Initial GC threshold: 21.00 MB
Current GC threshold: 21.00 MB
CDS: on
 - commit_granule_bytes: 65536.
 - commit_granule_words: 8192.
 - virtual_space_node_default_size: 8388608.
 - enlarge_chunks_in_place: 1.
 - use_allocation_guard: 0.


Internal statistics:

num_allocs_failed_limit: 0.
num_arena_births: 344.
num_arena_deaths: 0.
num_vsnodes_births: 2.
num_vsnodes_deaths: 0.
num_space_committed: 259.
num_space_uncommitted: 0.
num_chunks_returned_to_freelist: 0.
num_chunks_taken_from_freelist: 593.
num_chunk_merges: 0.
num_chunk_splits: 337.
num_chunks_enlarged: 148.
num_inconsistent_stats: 0.

CodeHeap 'non-profiled nmethods': size=119168Kb used=517Kb max_used=517Kb free=118650Kb
 bounds [0x0000024bce530000, 0x0000024bce7a0000, 0x0000024bd5990000]
CodeHeap 'profiled nmethods': size=119104Kb used=3375Kb max_used=3375Kb free=115728Kb
 bounds [0x0000024bc6990000, 0x0000024bc6ce0000, 0x0000024bcdde0000]
CodeHeap 'non-nmethods': size=7488Kb used=2205Kb max_used=2218Kb free=5283Kb
 bounds [0x0000024bcdde0000, 0x0000024bce050000, 0x0000024bce530000]
 total_blobs=2584 nmethods=1894 adapters=593
 compilation: enabled
              stopped_count=0, restarted_count=0
 full_count=0

Compilation events (20 events):
Event: 2.277 Thread 0x0000024be34463f0 nmethod 1884 0x0000024bc6cd5910 code [0x0000024bc6cd5c20, 0x0000024bc6cd6a10]
Event: 2.277 Thread 0x0000024be34463f0 1886   !   3       java.lang.ClassLoader::addClass (27 bytes)
Event: 2.277 Thread 0x0000024be32ffb90 nmethod 1885 0x0000024bc6cd6f90 code [0x0000024bc6cd7160, 0x0000024bc6cd74e8]
Event: 2.277 Thread 0x0000024be32ffb90 1887       3       java.lang.ClassLoader::postDefineClass (39 bytes)
Event: 2.277 Thread 0x0000024be34463f0 nmethod 1886 0x0000024bc6cd7690 code [0x0000024bc6cd7880, 0x0000024bc6cd7e58]
Event: 2.277 Thread 0x0000024be34463f0 1888       3       java.lang.ClassLoader::getNamedPackage (73 bytes)
Event: 2.277 Thread 0x0000024be32ffb90 nmethod 1887 0x0000024bc6cd8190 code [0x0000024bc6cd8380, 0x0000024bc6cd86c0]
Event: 2.277 Thread 0x0000024be34463f0 nmethod 1888 0x0000024bc6cd8890 code [0x0000024bc6cd8a80, 0x0000024bc6cd8ff0]
Event: 2.280 Thread 0x0000024be34463f0 1889       3       java.util.jar.JarFile::maybeInstantiateVerifier (42 bytes)
Event: 2.281 Thread 0x0000024be34463f0 nmethod 1889 0x0000024bc6cd9210 code [0x0000024bc6cd93e0, 0x0000024bc6cd9760]
Event: 2.281 Thread 0x0000024be32ffb90 1890       3       java.util.ArrayDeque::elementAt (4 bytes)
Event: 2.281 Thread 0x0000024be32ffb90 nmethod 1890 0x0000024bc6cd9890 code [0x0000024bc6cd9a20, 0x0000024bc6cd9b38]
Event: 2.281 Thread 0x0000024be34463f0 1891       3       java.util.zip.ZipFile$Source::getEntryHash (7 bytes)
Event: 2.281 Thread 0x0000024be34463f0 nmethod 1891 0x0000024bc6cd9c10 code [0x0000024bc6cd9da0, 0x0000024bc6cd9ee0]
Event: 2.685 Thread 0x0000024be34463f0 1892       3       java.lang.StringCoding::hasNegatives (16 bytes)
Event: 2.685 Thread 0x0000024be32fe990 1893       4       java.lang.String::isEmpty (14 bytes)
Event: 2.685 Thread 0x0000024be34463f0 nmethod 1892 0x0000024bc6cd9f90 code [0x0000024bc6cda140, 0x0000024bc6cda2b8]
Event: 2.685 Thread 0x0000024be34463f0 1894   !   3       java.util.jar.JarFile::checkForSpecialAttributes (163 bytes)
Event: 2.685 Thread 0x0000024be32fe990 nmethod 1893 0x0000024bce5b1210 code [0x0000024bce5b1380, 0x0000024bce5b1430]
Event: 2.685 Thread 0x0000024be34463f0 nmethod 1894 0x0000024bc6cda390 code [0x0000024bc6cda680, 0x0000024bc6cdb7f0]

GC Heap History (3 events):
Event: 2.137 GC heap before
{Heap before GC invocations=0 (full 0):
 garbage-first heap   total 524288K, used 24576K [0x0000000600c00000, 0x0000000800000000)
  region size 4096K, 6 young (24576K), 0 survivors (0K)
 Metaspace       used 14892K, committed 15232K, reserved 1114112K
  class space    used 1632K, committed 1792K, reserved 1048576K
}
Event: 2.141 GC heap after
{Heap after GC invocations=1 (full 0):
 garbage-first heap   total 524288K, used 11157K [0x0000000600c00000, 0x0000000800000000)
  region size 4096K, 1 young (4096K), 1 survivors (4096K)
 Metaspace       used 14892K, committed 15232K, reserved 1114112K
  class space    used 1632K, committed 1792K, reserved 1048576K
}
Event: 4.770 GC heap before
{Heap before GC invocations=1 (full 0):
 garbage-first heap   total 524288K, used 240533K [0x0000000600c00000, 0x0000000800000000)
  region size 4096K, 3 young (12288K), 1 survivors (4096K)
 Metaspace       used 16217K, committed 16576K, reserved 1114112K
  class space    used 1807K, committed 1984K, reserved 1048576K
}

Dll operation events (13 events):
Event: 0.003 Loaded shared library C:\Program Files\Java\jdk-21\bin\java.dll
Event: 0.022 Loaded shared library C:\Program Files\Java\jdk-21\bin\jsvml.dll
Event: 0.032 Loaded shared library C:\Program Files\Java\jdk-21\bin\net.dll
Event: 0.033 Loaded shared library C:\Program Files\Java\jdk-21\bin\nio.dll
Event: 0.036 Loaded shared library C:\Program Files\Java\jdk-21\bin\zip.dll
Event: 0.050 Loaded shared library C:\Program Files\Java\jdk-21\bin\jimage.dll
Event: 0.059 Loaded shared library C:\Program Files\Java\jdk-21\bin\awt.dll
Event: 0.104 Loaded shared library C:\Program Files\Java\jdk-21\bin\javaaccessbridge.dll
Event: 0.164 Loaded shared library C:\Program Files\Java\jdk-21\bin\freetype.dll
Event: 0.165 Loaded shared library C:\Program Files\Java\jdk-21\bin\fontmanager.dll
Event: 1.979 Loaded shared library C:\Program Files\Java\jdk-21\bin\sunmscapi.dll
Event: 1.999 Loaded shared library C:\Program Files\Java\jdk-21\bin\extnet.dll
Event: 2.276 Loaded shared library C:\Users\david\AppData\Local\Temp\webrtc-java13634423208850292146.dll

Deoptimization events (20 events):
Event: 1.945 Thread 0x0000024be36e7fe0 DEOPT PACKING pc=0x0000024bce582474 sp=0x000000f7015fc070
Event: 1.945 Thread 0x0000024be36e7fe0 DEOPT UNPACKING pc=0x0000024bcde346a2 sp=0x000000f7015fbfd0 mode 2
Event: 1.983 Thread 0x0000024be36e7fe0 Uncommon trap: trap_request=0xffffff45 fr.pc=0x0000024bce58a204 relative=0x0000000000000324
Event: 1.983 Thread 0x0000024be36e7fe0 Uncommon trap: reason=unstable_if action=reinterpret pc=0x0000024bce58a204 method=java.util.HashMap.putVal(ILjava/lang/Object;Ljava/lang/Object;ZZ)Ljava/lang/Object; @ 162 c2
Event: 1.983 Thread 0x0000024be36e7fe0 DEOPT PACKING pc=0x0000024bce58a204 sp=0x000000f7015fbc40
Event: 1.983 Thread 0x0000024be36e7fe0 DEOPT UNPACKING pc=0x0000024bcde346a2 sp=0x000000f7015fbb78 mode 2
Event: 2.013 Thread 0x0000024be36e7fe0 Uncommon trap: trap_request=0xffffff45 fr.pc=0x0000024bce59ea78 relative=0x0000000000000f98
Event: 2.013 Thread 0x0000024be36e7fe0 Uncommon trap: reason=unstable_if action=reinterpret pc=0x0000024bce59ea78 method=java.util.concurrent.ConcurrentHashMap.putVal(Ljava/lang/Object;Ljava/lang/Object;Z)Ljava/lang/Object; @ 148 c2
Event: 2.013 Thread 0x0000024be36e7fe0 DEOPT PACKING pc=0x0000024bce59ea78 sp=0x000000f7015fd850
Event: 2.013 Thread 0x0000024be36e7fe0 DEOPT UNPACKING pc=0x0000024bcde346a2 sp=0x000000f7015fd7d0 mode 2
Event: 2.141 Thread 0x0000024c2ca31840 Uncommon trap: trap_request=0xffffff45 fr.pc=0x0000024bce5a5fec relative=0x000000000000006c
Event: 2.141 Thread 0x0000024c2ca31840 Uncommon trap: reason=unstable_if action=reinterpret pc=0x0000024bce5a5fec method=java.lang.ref.ReferenceQueue.headIsNull()Z @ 4 c2
Event: 2.141 Thread 0x0000024c2ca31840 DEOPT PACKING pc=0x0000024bce5a5fec sp=0x000000f701cfd760
Event: 2.141 Thread 0x0000024c2ca31840 DEOPT UNPACKING pc=0x0000024bcde346a2 sp=0x000000f701cfd688 mode 2
Event: 2.180 Thread 0x0000024be36e7fe0 Uncommon trap: trap_request=0xffffff45 fr.pc=0x0000024bce56cd04 relative=0x00000000000000e4
Event: 2.180 Thread 0x0000024be36e7fe0 Uncommon trap: reason=unstable_if action=reinterpret pc=0x0000024bce56cd04 method=java.awt.Component.inside(II)Z @ 9 c2
Event: 2.180 Thread 0x0000024be36e7fe0 DEOPT PACKING pc=0x0000024bce56cd04 sp=0x000000f7015fe190
Event: 2.180 Thread 0x0000024be36e7fe0 DEOPT UNPACKING pc=0x0000024bcde346a2 sp=0x000000f7015fe028 mode 2
Event: 2.685 Thread 0x0000024c2c9fff00 DEOPT PACKING pc=0x0000024bc6bf947c sp=0x000000f702bfad90
Event: 2.685 Thread 0x0000024c2c9fff00 DEOPT UNPACKING pc=0x0000024bcde34e42 sp=0x000000f702bfa1c8 mode 0

Classes loaded (20 events):
Event: 2.183 Loading class sun/net/www/protocol/file/FileURLConnection
Event: 2.183 Loading class sun/net/www/URLConnection
Event: 2.183 Loading class sun/net/www/URLConnection done
Event: 2.183 Loading class sun/net/www/protocol/file/FileURLConnection done
Event: 2.183 Loading class sun/net/www/MessageHeader
Event: 2.183 Loading class sun/net/www/MessageHeader done
Event: 2.183 Loading class sun/net/www/protocol/jar/URLJarFile
Event: 2.184 Loading class sun/net/www/protocol/jar/URLJarFile done
Event: 2.184 Loading class sun/net/www/protocol/jar/URLJarFile$URLJarFileEntry
Event: 2.184 Loading class sun/net/www/protocol/jar/URLJarFile$URLJarFileEntry done
Event: 2.184 Loading class sun/net/www/protocol/jar/JarURLConnection$JarURLInputStream
Event: 2.184 Loading class sun/net/www/protocol/jar/JarURLConnection$JarURLInputStream done
Event: 2.184 Loading class java/nio/file/StandardCopyOption
Event: 2.184 Loading class java/nio/file/StandardCopyOption done
Event: 2.185 Loading class sun/nio/ch/ChannelOutputStream
Event: 2.185 Loading class sun/nio/ch/ChannelOutputStream done
Event: 2.281 Loading class java/io/DeleteOnExitHook
Event: 2.281 Loading class java/io/DeleteOnExitHook done
Event: 2.281 Loading class java/io/DeleteOnExitHook$1
Event: 2.281 Loading class java/io/DeleteOnExitHook$1 done

Classes unloaded (0 events):
No events

Classes redefined (0 events):
No events

Internal exceptions (20 events):
Event: 1.848 Thread 0x0000024be36e7fe0 Exception <a 'java/lang/NoSuchMethodError'{0x000000061fc12208}: 'int java.lang.invoke.DirectMethodHandle$Holder.invokeStatic(java.lang.Object, long)'> (0x000000061fc12208) 
thrown [s\open\src\hotspot\share\interpreter\linkResolver.cpp, line 773]
Event: 1.850 Thread 0x0000024be36e7fe0 Exception <a 'java/lang/NoSuchMethodError'{0x000000061fc3a0b0}: 'java.lang.Object java.lang.invoke.DirectMethodHandle$Holder.invokeSpecial(java.lang.Object, java.lang.Object, int, java.lang.Object, java.lang.Object)'> (0x000000061fc3a0b0) 
thrown [s\open\src\hotspot\share\interpreter\linkResolver.cpp, line 773]
Event: 1.850 Thread 0x0000024be36e7fe0 Exception <a 'java/lang/NoSuchMethodError'{0x000000061fc3dce0}: 'java.lang.Object java.lang.invoke.DelegatingMethodHandle$Holder.delegate(java.lang.Object, int, java.lang.Object, java.lang.Object)'> (0x000000061fc3dce0) 
thrown [s\open\src\hotspot\share\interpreter\linkResolver.cpp, line 773]
Event: 1.852 Thread 0x0000024be36e7fe0 Exception <a 'java/lang/NoSuchMethodError'{0x000000061fc4d328}: 'int java.lang.invoke.Invokers$Holder.linkToTargetMethod(java.lang.Object, java.lang.Object, java.lang.Object)'> (0x000000061fc4d328) 
thrown [s\open\src\hotspot\share\interpreter\linkResolver.cpp, line 773]
Event: 1.854 Thread 0x0000024be36e7fe0 Exception <a 'java/lang/NoSuchMethodError'{0x000000061fc5c220}: 'long java.lang.invoke.DirectMethodHandle$Holder.invokeSpecial(java.lang.Object, java.lang.Object)'> (0x000000061fc5c220) 
thrown [s\open\src\hotspot\share\interpreter\linkResolver.cpp, line 773]
Event: 1.855 Thread 0x0000024be36e7fe0 Exception <a 'java/lang/NoSuchMethodError'{0x000000061fc65768}: 'int java.lang.invoke.DirectMethodHandle$Holder.invokeStatic(java.lang.Object, java.lang.Object, java.lang.Object, java.lang.Object)'> (0x000000061fc65768) 
thrown [s\open\src\hotspot\share\interpreter\linkResolver.cpp, line 773]
Event: 1.855 Thread 0x0000024be36e7fe0 Exception <a 'java/lang/NoSuchMethodError'{0x000000061fc68df8}: 'java.lang.Object java.lang.invoke.Invokers$Holder.invokeExact_MT(java.lang.Object, java.lang.Object, java.lang.Object, java.lang.Object, java.lang.Object, java.lang.Object)'> (0x000000061fc68df8) 
thrown [s\open\src\hotspot\share\interpreter\linkResolver.cpp, line 773]
Event: 1.896 Thread 0x0000024be36e7fe0 Exception <a 'sun/nio/fs/WindowsException'{0x000000061fda1a80}> (0x000000061fda1a80) 
thrown [s\open\src\hotspot\share\prims\jni.cpp, line 520]
Event: 1.953 Thread 0x0000024be36e7fe0 Exception <a 'java/lang/NoSuchMethodError'{0x000000061fbed450}: 'java.lang.Object java.lang.invoke.DirectMethodHandle$Holder.invokeStaticInit(java.lang.Object, int, int, int, int)'> (0x000000061fbed450) 
thrown [s\open\src\hotspot\share\interpreter\linkResolver.cpp, line 773]
Event: 1.964 Thread 0x0000024be36e7fe0 Exception <a 'java/lang/NoSuchMethodError'{0x000000061f4a8f60}: 'java.lang.Object java.lang.invoke.DirectMethodHandle$Holder.invokeStaticInit(java.lang.Object, java.lang.Object, int, int, int, int)'> (0x000000061f4a8f60) 
thrown [s\open\src\hotspot\share\interpreter\linkResolver.cpp, line 773]
Event: 2.018 Thread 0x0000024be36e7fe0 Exception <a 'java/lang/NoSuchMethodError'{0x000000061f6410e8}: 'java.lang.Object java.lang.invoke.DirectMethodHandle$Holder.invokeSpecial(java.lang.Object, java.lang.Object, java.lang.Object, java.lang.Object, int)'> (0x000000061f6410e8) 
thrown [s\open\src\hotspot\share\interpreter\linkResolver.cpp, line 773]
Event: 2.018 Thread 0x0000024be36e7fe0 Exception <a 'java/lang/NoSuchMethodError'{0x000000061f644cf0}: 'java.lang.Object java.lang.invoke.Invokers$Holder.linkToTargetMethod(java.lang.Object, java.lang.Object, int, java.lang.Object)'> (0x000000061f644cf0) 
thrown [s\open\src\hotspot\share\interpreter\linkResolver.cpp, line 773]
Event: 2.027 Thread 0x0000024be36e7fe0 Exception <a 'java/lang/NoSuchMethodError'{0x000000061f685b08}: 'void java.lang.invoke.DirectMethodHandle$Holder.invokeSpecial(java.lang.Object, java.lang.Object, java.lang.Object, java.lang.Object, java.lang.Object)'> (0x000000061f685b08) 
thrown [s\open\src\hotspot\share\interpreter\linkResolver.cpp, line 773]
Event: 2.033 Thread 0x0000024c2c8eac20 Exception <a 'java/lang/NoSuchMethodError'{0x000000061f57df50}: 'void java.lang.invoke.DirectMethodHandle$Holder.invokeStatic(java.lang.Object, java.lang.Object, int)'> (0x000000061f57df50) 
thrown [s\open\src\hotspot\share\interpreter\linkResolver.cpp, line 773]
Event: 2.134 Thread 0x0000024c2ca31840 Exception <a 'java/lang/NoSuchMethodError'{0x000000061f72ce48}: 'java.lang.Object java.lang.invoke.DirectMethodHandle$Holder.newInvokeSpecial(java.lang.Object, java.lang.Object, long, java.lang.Object, java.lang.Object, java.lang.Object)'> (0x000000061f72ce48) 
thrown [s\open\src\hotspot\share\interpreter\linkResolver.cpp, line 773]
Event: 2.136 Thread 0x0000024c2ca31840 Exception <a 'java/lang/NoSuchMethodError'{0x000000061f743108}: 'void java.lang.invoke.DirectMethodHandle$Holder.invokeSpecial(java.lang.Object, java.lang.Object, java.lang.Object, java.lang.Object, java.lang.Object, java.lang.Object, java.lang.Object)'> (0x000000061f743108) 
thrown [s\open\src\hotspot\share\interpreter\linkResolver.cpp, line 773]
Event: 2.136 Thread 0x0000024c2ca31840 Exception <a 'java/lang/NoSuchMethodError'{0x000000061f751760}: 'void java.lang.invoke.DirectMethodHandle$Holder.invokeStatic(java.lang.Object, java.lang.Object, java.lang.Object, java.lang.Object)'> (0x000000061f751760) 
thrown [s\open\src\hotspot\share\interpreter\linkResolver.cpp, line 773]
Event: 2.169 Thread 0x0000024be36e7fe0 Exception <a 'java/lang/NoSuchMethodError'{0x0000000620afce28}: 'void java.lang.invoke.DelegatingMethodHandle$Holder.reinvoke_L(java.lang.Object, java.lang.Object, int)'> (0x0000000620afce28) 
thrown [s\open\src\hotspot\share\interpreter\linkResolver.cpp, line 773]
Event: 2.170 Thread 0x0000024be36e7fe0 Exception <a 'java/lang/NoSuchMethodError'{0x0000000620b038d0}: 'void java.lang.invoke.Invokers$Holder.invokeExact_MT(java.lang.Object, java.lang.Object, int, java.lang.Object)'> (0x0000000620b038d0) 
thrown [s\open\src\hotspot\share\interpreter\linkResolver.cpp, line 773]
Event: 2.171 Thread 0x0000024be36e7fe0 Exception <a 'java/lang/NoSuchMethodError'{0x0000000620b15480}: 'void java.lang.invoke.Invokers$Holder.invokeExact_MT(java.lang.Object, java.lang.Object, java.lang.Object, java.lang.Object)'> (0x0000000620b15480) 
thrown [s\open\src\hotspot\share\interpreter\linkResolver.cpp, line 773]

ZGC Phase Switch (0 events):
No events

VM Operations (20 events):
Event: 0.156 Executing VM operation: HandshakeAllThreads (Deoptimize) done
Event: 1.156 Executing VM operation: Cleanup
Event: 1.156 Executing VM operation: Cleanup done
Event: 1.995 Executing VM operation: HandshakeAllThreads (Deoptimize)
Event: 1.995 Executing VM operation: HandshakeAllThreads (Deoptimize) done
Event: 2.002 Executing VM operation: HandshakeAllThreads (Deoptimize)
Event: 2.002 Executing VM operation: HandshakeAllThreads (Deoptimize) done
Event: 2.131 Executing VM operation: HandshakeAllThreads (Deoptimize)
Event: 2.131 Executing VM operation: HandshakeAllThreads (Deoptimize) done
Event: 2.137 Executing VM operation: G1CollectForAllocation (G1 Evacuation Pause)
Event: 2.141 Executing VM operation: G1CollectForAllocation (G1 Evacuation Pause) done
Event: 2.162 Executing VM operation: HandshakeAllThreads (Deoptimize)
Event: 2.162 Executing VM operation: HandshakeAllThreads (Deoptimize) done
Event: 2.177 Executing VM operation: HandshakeAllThreads (Deoptimize)
Event: 2.177 Executing VM operation: HandshakeAllThreads (Deoptimize) done
Event: 2.184 Executing VM operation: HandshakeAllThreads (Deoptimize)
Event: 2.184 Executing VM operation: HandshakeAllThreads (Deoptimize) done
Event: 3.185 Executing VM operation: Cleanup
Event: 3.185 Executing VM operation: Cleanup done
Event: 4.770 Executing VM operation: G1TryInitiateConcMark (G1 Humongous Allocation)

Events (20 events):
Event: 0.029 Thread 0x0000024be3471450 Thread added: 0x0000024be3471450
Event: 0.030 Thread 0x0000024be3474090 Thread added: 0x0000024be3474090
Event: 0.092 Thread 0x0000024be3660030 Thread added: 0x0000024be3660030
Event: 0.093 Thread 0x0000024be3664260 Thread added: 0x0000024be3664260
Event: 0.094 Thread 0x0000024be3668590 Thread added: 0x0000024be3668590
Event: 0.109 Thread 0x0000024be369e360 Thread added: 0x0000024be369e360
Event: 0.115 Thread 0x0000024be36b7c40 Thread added: 0x0000024be36b7c40
Event: 0.155 Thread 0x0000024be36e7fe0 Thread added: 0x0000024be36e7fe0
Event: 0.233 Thread 0x0000024bbc1cbe30 Thread exited: 0x0000024bbc1cbe30
Event: 0.233 Thread 0x0000024bbc1cbe30 Thread added: 0x0000024bbc1cbe30
Event: 1.855 Thread 0x0000024c2c5e6a80 Thread added: 0x0000024c2c5e6a80
Event: 2.001 Thread 0x0000024c2c8eac20 Thread added: 0x0000024c2c8eac20
Event: 2.034 Thread 0x0000024c2ca31840 Thread added: 0x0000024c2ca31840
Event: 2.034 Thread 0x0000024c2c9ff1e0 Thread added: 0x0000024c2c9ff1e0
Event: 2.035 Thread 0x0000024c2c9ff870 Thread added: 0x0000024c2c9ff870
Event: 2.141 Thread 0x0000024c2c5e6a80 Thread exited: 0x0000024c2c5e6a80
Event: 2.179 Thread 0x0000024c2c9feb50 Thread added: 0x0000024c2c9feb50
Event: 2.181 Thread 0x0000024c2c9fff00 Thread added: 0x0000024c2c9fff00
Event: 2.685 Thread 0x0000024c2c9fff00 Thread exited: 0x0000024c2c9fff00
Event: 2.978 Thread 0x0000024c2c9fff00 Thread added: 0x0000024c2c9fff00


Dynamic libraries:
0x00007ff6bf9c0000 - 0x00007ff6bf9d0000 	C:\Program Files\Java\jdk-21\bin\java.exe
0x00007ffc1d870000 - 0x00007ffc1da68000 	C:\WINDOWS\SYSTEM32\ntdll.dll
0x00007ffc1d210000 - 0x00007ffc1d2d2000 	C:\WINDOWS\System32\KERNEL32.DLL
0x00007ffc1b230000 - 0x00007ffc1b52e000 	C:\WINDOWS\System32\KERNELBASE.dll
0x00007ffc1af60000 - 0x00007ffc1b060000 	C:\WINDOWS\System32\ucrtbase.dll
0x00007ffbc77c0000 - 0x00007ffbc77db000 	C:\Program Files\Java\jdk-21\bin\VCRUNTIME140.dll
0x00007ffc17160000 - 0x00007ffc17179000 	C:\Program Files\Java\jdk-21\bin\jli.dll
0x00007ffc1c2b0000 - 0x00007ffc1c361000 	C:\WINDOWS\System32\ADVAPI32.dll
0x00007ffc1ce00000 - 0x00007ffc1ce9e000 	C:\WINDOWS\System32\msvcrt.dll
0x00007ffc1d170000 - 0x00007ffc1d20f000 	C:\WINDOWS\System32\sechost.dll
0x00007ffc1c370000 - 0x00007ffc1c493000 	C:\WINDOWS\System32\RPCRT4.dll
0x00007ffc1b660000 - 0x00007ffc1b687000 	C:\WINDOWS\System32\bcrypt.dll
0x00007ffc1bd80000 - 0x00007ffc1bf1d000 	C:\WINDOWS\System32\USER32.dll
0x00007ffc1b860000 - 0x00007ffc1b882000 	C:\WINDOWS\System32\win32u.dll
0x00007ffc1d000000 - 0x00007ffc1d02b000 	C:\WINDOWS\System32\GDI32.dll
0x00007ffc0a5e0000 - 0x00007ffc0a87a000 	C:\WINDOWS\WinSxS\amd64_microsoft.windows.common-controls_6595b64144ccf1df_6.0.19041.4355_none_60b8b9eb71f62e16\COMCTL32.dll
0x00007ffc1b110000 - 0x00007ffc1b227000 	C:\WINDOWS\System32\gdi32full.dll
0x00007ffc1b530000 - 0x00007ffc1b5cd000 	C:\WINDOWS\System32\msvcp_win.dll
0x00007ffc115e0000 - 0x00007ffc115ea000 	C:\WINDOWS\SYSTEM32\VERSION.dll
0x00007ffc1c270000 - 0x00007ffc1c29f000 	C:\WINDOWS\System32\IMM32.DLL
0x00007ffbf7620000 - 0x00007ffbf762c000 	C:\Program Files\Java\jdk-21\bin\vcruntime140_1.dll
0x00007ffbc9920000 - 0x00007ffbc99ae000 	C:\Program Files\Java\jdk-21\bin\msvcp140.dll
0x00007ffb47e30000 - 0x00007ffb48b48000 	C:\Program Files\Java\jdk-21\bin\server\jvm.dll
0x00007ffc1c4a0000 - 0x00007ffc1c50b000 	C:\WINDOWS\System32\WS2_32.dll
0x00007ffc1a4a0000 - 0x00007ffc1a4eb000 	C:\WINDOWS\SYSTEM32\POWRPROF.dll
0x00007ffc10990000 - 0x00007ffc109b7000 	C:\WINDOWS\SYSTEM32\WINMM.dll
0x00007ffc1a310000 - 0x00007ffc1a322000 	C:\WINDOWS\SYSTEM32\UMPDC.dll
0x00007ffc18db0000 - 0x00007ffc18dc2000 	C:\WINDOWS\SYSTEM32\kernel.appcore.dll
0x00007ffbeecb0000 - 0x00007ffbeecba000 	C:\Program Files\Java\jdk-21\bin\jimage.dll
0x00007ffc10050000 - 0x00007ffc10234000 	C:\WINDOWS\SYSTEM32\DBGHELP.DLL
0x00007ffbf8a00000 - 0x00007ffbf8a34000 	C:\WINDOWS\SYSTEM32\dbgcore.DLL
0x00007ffc1b5d0000 - 0x00007ffc1b652000 	C:\WINDOWS\System32\bcryptPrimitives.dll
0x00007ffbc77a0000 - 0x00007ffbc77bf000 	C:\Program Files\Java\jdk-21\bin\java.dll
0x00007ffc1c570000 - 0x00007ffc1ccdd000 	C:\WINDOWS\System32\SHELL32.dll
0x00007ffc18fb0000 - 0x00007ffc19754000 	C:\WINDOWS\SYSTEM32\windows.storage.dll
0x00007ffc1b970000 - 0x00007ffc1bcc3000 	C:\WINDOWS\System32\combase.dll
0x00007ffc1a940000 - 0x00007ffc1a96e000 	C:\WINDOWS\SYSTEM32\Wldp.dll
0x00007ffc1d2f0000 - 0x00007ffc1d3bd000 	C:\WINDOWS\System32\OLEAUT32.dll
0x00007ffc1bf20000 - 0x00007ffc1bfcd000 	C:\WINDOWS\System32\SHCORE.dll
0x00007ffc1b890000 - 0x00007ffc1b8e5000 	C:\WINDOWS\System32\shlwapi.dll
0x00007ffc1ae40000 - 0x00007ffc1ae64000 	C:\WINDOWS\SYSTEM32\profapi.dll
0x00007ffb69090000 - 0x00007ffb69167000 	C:\Program Files\Java\jdk-21\bin\jsvml.dll
0x00007ffbd4a60000 - 0x00007ffbd4a70000 	C:\Program Files\Java\jdk-21\bin\net.dll
0x00007ffc13ee0000 - 0x00007ffc13fed000 	C:\WINDOWS\SYSTEM32\WINHTTP.dll
0x00007ffc1a6a0000 - 0x00007ffc1a70a000 	C:\WINDOWS\system32\mswsock.dll
0x00007ffbbde40000 - 0x00007ffbbde56000 	C:\Program Files\Java\jdk-21\bin\nio.dll
0x00007ffb6f410000 - 0x00007ffb6f428000 	C:\Program Files\Java\jdk-21\bin\zip.dll
0x00007ffbc9420000 - 0x00007ffbc95af000 	C:\Program Files\Java\jdk-21\bin\awt.dll
0x00007ffc17400000 - 0x00007ffc17494000 	C:\WINDOWS\SYSTEM32\apphelp.dll
0x00007ffc18ab0000 - 0x00007ffc18adf000 	C:\WINDOWS\system32\DWMAPI.DLL
0x00007ffc18820000 - 0x00007ffc188be000 	C:\WINDOWS\system32\uxtheme.dll
0x00007ffbafff0000 - 0x00007ffbb0118000 	C:\WINDOWS\system32\opengl32.dll
0x00007ffbaffc0000 - 0x00007ffbaffec000 	C:\WINDOWS\SYSTEM32\GLU32.dll
0x00007ffc1cce0000 - 0x00007ffc1cdf5000 	C:\WINDOWS\System32\MSCTF.dll
0x00007ffc1d040000 - 0x00007ffc1d16b000 	C:\WINDOWS\System32\ole32.dll
0x00007ffc00cf0000 - 0x00007ffc00d3d000 	C:\Program Files\Java\jdk-21\bin\javaaccessbridge.dll
0x00007ffc17150000 - 0x00007ffc17157000 	C:\Program Files\Java\jdk-21\bin\jawt.dll
0x00007ffc04070000 - 0x00007ffc040f7000 	C:\Program Files\Java\jdk-21\bin\freetype.dll
0x00007ffbccb70000 - 0x00007ffbccc51000 	C:\Program Files\Java\jdk-21\bin\fontmanager.dll
0x00007ffc0aba0000 - 0x00007ffc0ac99000 	C:\WINDOWS\SYSTEM32\textinputframework.dll
0x00007ffc16ba0000 - 0x00007ffc16efb000 	C:\WINDOWS\System32\CoreUIComponents.dll
0x00007ffc17180000 - 0x00007ffc17272000 	C:\WINDOWS\System32\CoreMessaging.dll
0x00007ffc1a1a0000 - 0x00007ffc1a1d3000 	C:\WINDOWS\SYSTEM32\ntmarta.dll
0x00007ffc17f30000 - 0x00007ffc18087000 	C:\WINDOWS\SYSTEM32\wintypes.dll
0x00007ffc0a4c0000 - 0x00007ffc0a526000 	C:\WINDOWS\system32\Oleacc.dll
0x00007ffc1bcd0000 - 0x00007ffc1bd79000 	C:\WINDOWS\System32\clbcatq.dll
0x00007ffc0af20000 - 0x00007ffc0af4a000 	C:\Windows\System32\Speech\SpeechUX\SpTip.dll
0x00007ffc185d0000 - 0x00007ffc18784000 	C:\WINDOWS\SYSTEM32\WindowsCodecs.dll
0x00007ffbe6b20000 - 0x00007ffbe6b5e000 	C:\WINDOWS\system32\dataexchange.dll
0x00007ffc16520000 - 0x00007ffc16704000 	C:\WINDOWS\system32\dcomp.dll
0x00007ffc15fd0000 - 0x00007ffc16233000 	C:\WINDOWS\system32\d3d11.dll
0x00007ffc197a0000 - 0x00007ffc19896000 	C:\WINDOWS\system32\dxgi.dll
0x00007ffc14110000 - 0x00007ffc14313000 	C:\WINDOWS\system32\twinapi.appcore.dll
0x00007ffc1a8a0000 - 0x00007ffc1a8b8000 	C:\WINDOWS\SYSTEM32\CRYPTSP.dll
0x00007ffc19f50000 - 0x00007ffc19f84000 	C:\WINDOWS\system32\rsaenh.dll
0x00007ffc1ae00000 - 0x00007ffc1ae2e000 	C:\WINDOWS\SYSTEM32\USERENV.dll
0x00007ffc1a890000 - 0x00007ffc1a89c000 	C:\WINDOWS\SYSTEM32\CRYPTBASE.dll
0x00007ffc1a330000 - 0x00007ffc1a36b000 	C:\WINDOWS\SYSTEM32\IPHLPAPI.DLL
0x00007ffc1c2a0000 - 0x00007ffc1c2a8000 	C:\WINDOWS\System32\NSI.dll
0x00007ffc14a50000 - 0x00007ffc14a5e000 	C:\Program Files\Java\jdk-21\bin\sunmscapi.dll
0x00007ffc1b700000 - 0x00007ffc1b85c000 	C:\WINDOWS\System32\CRYPT32.dll
0x00007ffc1a9b0000 - 0x00007ffc1a9d7000 	C:\WINDOWS\SYSTEM32\ncrypt.dll
0x00007ffc1a970000 - 0x00007ffc1a9ab000 	C:\WINDOWS\SYSTEM32\NTASN1.dll
0x00007ffbf9ec0000 - 0x00007ffbf9ec7000 	C:\WINDOWS\system32\wshunix.dll
0x00007ffbcdb50000 - 0x00007ffbcdb59000 	C:\Program Files\Java\jdk-21\bin\extnet.dll
0x00007ffc1a370000 - 0x00007ffc1a43a000 	C:\WINDOWS\SYSTEM32\DNSAPI.dll
0x00007ffc12f20000 - 0x00007ffc12f2a000 	C:\Windows\System32\rasadhlp.dll
0x00007ffc12910000 - 0x00007ffc12990000 	C:\WINDOWS\System32\fwpuclnt.dll
0x00007ffbc1e20000 - 0x00007ffbc301f000 	C:\Users\david\AppData\Local\Temp\webrtc-java13634423208850292146.dll
0x00007ffc17550000 - 0x00007ffc1770c000 	C:\WINDOWS\SYSTEM32\MFPlat.DLL
0x00007ffb875d0000 - 0x00007ffb875db000 	C:\WINDOWS\SYSTEM32\msdmo.dll
0x00007ffc0a270000 - 0x00007ffc0a27c000 	C:\WINDOWS\SYSTEM32\Secur32.dll
0x00007ffc1af10000 - 0x00007ffc1af5e000 	C:\WINDOWS\System32\cfgmgr32.dll
0x00007ffc1adc0000 - 0x00007ffc1adf2000 	C:\WINDOWS\SYSTEM32\SSPICLI.DLL
0x00007ffc174b0000 - 0x00007ffc174e4000 	C:\WINDOWS\SYSTEM32\RTWorkQ.DLL
0x00007ffc148e0000 - 0x00007ffc14965000 	C:\WINDOWS\System32\MMDevApi.dll
0x00007ffc1aca0000 - 0x00007ffc1acd3000 	C:\WINDOWS\System32\DEVOBJ.dll
0x00007ffb83690000 - 0x00007ffb83707000 	C:\Windows\System32\mfwmaaec.dll
0x00007ffc151a0000 - 0x00007ffc15321000 	C:\WINDOWS\SYSTEM32\AUDIOSES.DLL
0x00007ffc173f0000 - 0x00007ffc173fa000 	C:\WINDOWS\SYSTEM32\Avrt.dll
0x00007ffc0ace0000 - 0x00007ffc0ae1f000 	C:\Windows\System32\Windows.UI.dll
0x00007ffc0aa40000 - 0x00007ffc0ab92000 	C:\Windows\System32\InputHost.dll
0x00007ffc12db0000 - 0x00007ffc12e51000 	C:\Windows\System32\WindowManagementAPI.dll
0x00007ffc17da0000 - 0x00007ffc17e96000 	C:\Windows\System32\PROPSYS.dll
0x00007ffb98120000 - 0x00007ffb9813d000 	C:\Windows\System32\devenum.dll
0x00007ffc1d3c0000 - 0x00007ffc1d82e000 	C:\WINDOWS\System32\setupapi.dll
0x00007ffc1b690000 - 0x00007ffc1b6f9000 	C:\WINDOWS\System32\WINTRUST.dll
0x00007ffc1aad0000 - 0x00007ffc1aae2000 	C:\WINDOWS\SYSTEM32\MSASN1.dll
0x00007ffb83000000 - 0x00007ffb8304d000 	C:\Windows\System32\mfksproxy.dll
0x00007ffbf8a40000 - 0x00007ffbf8a5d000 	C:\Windows\System32\ATL.DLL
0x00007ffb99010000 - 0x00007ffb99077000 	C:\Windows\System32\MFSENSORGROUP.dll
0x00007ffb82190000 - 0x00007ffb821e0000 	C:\Windows\System32\ksproxy.ax
0x00007ffb9e0f0000 - 0x00007ffb9e0f9000 	C:\Windows\System32\ksuser.dll
0x00007ffbe8d80000 - 0x00007ffbe8f51000 	C:\Windows\System32\d3d9.dll
0x00007ffc15420000 - 0x00007ffc154c1000 	C:\WINDOWS\SYSTEM32\policymanager.dll
0x00007ffc19fe0000 - 0x00007ffc1a06a000 	C:\Windows\System32\msvcp110_win.dll
0x00007ffb82940000 - 0x00007ffb8294d000 	C:\Windows\System32\vidcap.ax
0x00007ffb82910000 - 0x00007ffb82937000 	C:\Windows\System32\kswdmcap.ax
0x00007ffb827a0000 - 0x00007ffb8290c000 	C:\Windows\System32\MFC42.dll
0x00007ffbf8780000 - 0x00007ffbf8950000 	C:\Windows\System32\quartz.dll
0x00007ffc13c90000 - 0x00007ffc13cd2000 	C:\Windows\System32\CapabilityAccessManagerClient.dll

dbghelp: loaded successfully - version: 4.0.5 - missing functions: none
symbol engine: initialized successfully - sym options: 0x614 - pdb path: .;C:\Program Files\Java\jdk-21\bin;C:\WINDOWS\SYSTEM32;C:\WINDOWS\WinSxS\amd64_microsoft.windows.common-controls_6595b64144ccf1df_6.0.19041.4355_none_60b8b9eb71f62e16;C:\Program Files\Java\jdk-21\bin\server;C:\Windows\System32\Speech\SpeechUX;C:\Users\david\AppData\Local\Temp

VM Arguments:
jvm_args: -XX:+UseG1GC 
java_command: target/wecamapp-1.0-SNAPSHOT.jar
java_class_path (initial): target/wecamapp-1.0-SNAPSHOT.jar
Launcher Type: SUN_STANDARD

[Global flags]
     intx CICompilerCount                          = 12                                        {product} {ergonomic}
     uint ConcGCThreads                            = 3                                         {product} {ergonomic}
     uint G1ConcRefinementThreads                  = 13                                        {product} {ergonomic}
   size_t G1HeapRegionSize                         = 4194304                                   {product} {ergonomic}
    uintx GCDrainStackTargetSize                   = 64                                        {product} {ergonomic}
   size_t InitialHeapSize                          = 536870912                                 {product} {ergonomic}
   size_t MarkStackSize                            = 4194304                                   {product} {ergonomic}
   size_t MaxHeapSize                              = 8577351680                                {product} {ergonomic}
   size_t MaxNewSize                               = 5146411008                                {product} {ergonomic}
   size_t MinHeapDeltaBytes                        = 4194304                                   {product} {ergonomic}
   size_t MinHeapSize                              = 8388608                                   {product} {ergonomic}
    uintx NonNMethodCodeHeapSize                   = 7602480                                {pd product} {ergonomic}
    uintx NonProfiledCodeHeapSize                  = 122027880                              {pd product} {ergonomic}
    uintx ProfiledCodeHeapSize                     = 122027880                              {pd product} {ergonomic}
    uintx ReservedCodeCacheSize                    = 251658240                              {pd product} {ergonomic}
     bool SegmentedCodeCache                       = true                                      {product} {ergonomic}
   size_t SoftMaxHeapSize                          = 8577351680                             {manageable} {ergonomic}
     bool UseCompressedOops                        = true                           {product lp64_product} {ergonomic}
     bool UseG1GC                                  = true                                      {product} {command line}
     bool UseLargePagesIndividualAllocation        = false                                  {pd product} {ergonomic}

Logging:
Log output configuration:
 #0: stdout all=warning uptime,level,tags foldmultilines=false
 #1: stderr all=off uptime,level,tags foldmultilines=false

Environment Variables:
PATH=C:\Program Files\Common Files\Oracle\Java\javapath;C:\Program Files (x86)\Razer Chroma SDK\bin;C:\Program Files\Razer Chroma SDK\bin;C:\Program Files (x86)\Razer\ChromaBroadcast\bin;C:\Program Files\Razer\ChromaBroadcast\bin;C:\Program Files\Java\jdk-23\bin;C:\Program Files\MAVEN\apache-maven-3.9.9\bin;C:\Program Files\nodejs\;C:\WINDOWS\system32\config\systemprofile\AppData\Local\Microsoft\WindowsApps;C:\Program Files\NVIDIA Corporation\NVIDIA app\NvDLISR;C:\Program Files\Curl\curl-8.11.0_2-win64-mingw\bin;C:\Windows\System32;C:\Users\david\AppData\Roaming\npm;C:\Users\david\.deno\bin
USERNAME=david
LANG=es_ES.UTF-8
OS=Windows_NT
PROCESSOR_IDENTIFIER=Intel64 Family 6 Model 158 Stepping 13, GenuineIntel
TMP=C:\Users\david\AppData\Local\Temp
TEMP=C:\Users\david\AppData\Local\Temp




Periodic native trim disabled

---------------  S Y S T E M  ---------------

OS:
 Windows 10 , 64 bit Build 19041 (10.0.19041.5198)
OS uptime: 0 days 0:25 hours

CPU: total 16 (initial active 16) (8 cores per cpu, 2 threads per core) family 6 model 158 stepping 13 microcode 0xde, cx8, cmov, fxsr, ht, mmx, 3dnowpref, sse, sse2, sse3, ssse3, sse4.1, sse4.2, popcnt, lzcnt, tsc, tscinvbit, avx, avx2, aes, erms, clmul, bmi1, bmi2, adx, fma, vzeroupper, clflush, clflushopt, rdtscp, f16c
Processor Information for all 16 processors :
  Max Mhz: 3600, Current Mhz: 3600, Mhz Limit: 3600

Memory: 4k page, system-wide physical 32709M (17148M free)
TotalPageFile size 37573M (AvailPageFile size 18148M)
current process WorkingSet (physical memory assigned to process): 409M, peak: 409M
current process commit charge ("private bytes"): 738M, peak: 738M

vm_info: Java HotSpot(TM) 64-Bit Server VM (21.0.5+9-LTS-239) for windows-amd64 JRE (21.0.5+9-LTS-239), built on 2024-09-30T05:17:38Z by "mach5one" with MS VC++ 17.6 (VS2022)

END.
