#
# A fatal error has been detected by the Java Runtime Environment:
#
#  EXCEPTION_ACCESS_VIOLATION (0xc0000005) at pc=0x00007ff9f4d56374, pid=23908, tid=48996
#
# JRE version: Java(TM) SE Runtime Environment (21.0.1+12) (build 21.0.1+12-LTS-29)
# Java VM: Java HotSpot(TM) 64-Bit Server VM (21.0.1+12-LTS-29, mixed mode, sharing, tiered, compressed oops, compressed class ptrs, g1 gc, windows-amd64)
# Problematic frame:
# V  [jvm.dll+0x366374]
#
# No core dump will be written. Minidumps are not enabled by default on client versions of Windows
#
# If you would like to submit a bug report, please visit:
#   https://bugreport.java.com/bugreport/crash.jsp
#

---------------  S U M M A R Y ------------

Command Line: -XX:+ShowCodeDetailsInExceptionMessages com.davidgonzase.App

Host: 13th Gen Intel(R) Core(TM) i5-1340P, 16 cores, 15G,  Windows 10 , 64 bit Build 19041 (10.0.19041.5198)
Time: Thu Dec 26 11:31:43 2024 Hora estándar romance elapsed time: 0.641935 seconds (0d 0h 0m 0s)

---------------  T H R E A D  ---------------

Current thread (0x000002888b7eb780):  WorkerThread "GC Thread#4"    [id=48996, stack(0x000000bdb6800000,0x000000bdb6900000) (1024K)]

Stack: [0x000000bdb6800000,0x000000bdb6900000],  sp=0x000000bdb68ff360,  free space=1020k
Native frames: (J=compiled Java code, j=interpreted, Vv=VM code, C=native code)
V  [jvm.dll+0x366374]
V  [jvm.dll+0x366b55]
V  [jvm.dll+0x366835]
V  [jvm.dll+0x36dff4]
V  [jvm.dll+0x36e16b]
V  [jvm.dll+0x881f77]
V  [jvm.dll+0x7fd728]
V  [jvm.dll+0x6c777d]
C  [ucrtbase.dll+0x21bb2]
C  [KERNEL32.DLL+0x17374]
C  [ntdll.dll+0x4cc91]


siginfo: EXCEPTION_ACCESS_VIOLATION (0xc0000005), reading address 0x0000000000004a50


Registers:
RAX=0x0000000000000000, RBX=0x000002888b39b9d8, RCX=0x0000000000000015, RDX=0x0000000000000000
RSP=0x000000bdb68ff360, RBP=0x0000000000000002, RSI=0xfff0000000000000, RDI=0x000002888b77fdc8
R8 =0x0000000000000000, R9 =0x00000288253eb440, R10=0x0000000000004a50, R11=0x00007ffa86b715b5
R12=0x000002888b77fdc0, R13=0x000000bdb4afee78, R14=0x000002888b39b840, R15=0x0000000000000028
RIP=0x00007ff9f4d56374, EFLAGS=0x0000000000010246


Register to memory mapping:

RAX=0x0 is null
RBX=0x000002888b39b9d8 points into unknown readable memory: 0x0000000000004a50 | 50 4a 00 00 00 00 00 00
RCX=0x0000000000000015 is an unknown value
RDX=0x0 is null
RSP=0x000000bdb68ff360 points into unknown readable memory: 0x0000000000600000 | 00 00 60 00 00 00 00 00
RBP=0x0000000000000002 is an unknown value
RSI=0xfff0000000000000 is an unknown value
RDI=0x000002888b77fdc8 points into unknown readable memory: 0x00007ff9f53c80e0 | e0 80 3c f5 f9 7f 00 00
R8 =0x0 is null
R9 =0x00000288253eb440 points into unknown readable memory: 0x00007ff9f53bf0b0 | b0 f0 3b f5 f9 7f 00 00
R10=0x0000000000004a50 is an unknown value
R11=0x00007ffa86b715b5 VCRUNTIME140.dll
R12=0x000002888b77fdc0 points into unknown readable memory: 0x00007ff9f53c8128 | 28 81 3c f5 f9 7f 00 00
R13=0x000000bdb4afee78 points into unknown readable memory: 0x00000288231eae70 | 70 ae 1e 23 88 02 00 00
R14=0x000002888b39b840 points into unknown readable memory: 0x0000000712c345c0 | c0 45 c3 12 07 00 00 00
R15=0x0000000000000028 is an unknown value

Top of Stack: (sp=0x000000bdb68ff360)
0x000000bdb68ff360:   0000000000600000 0000000000000001
0x000000bdb68ff370:   0000000000000000 0000000000000070
0x000000bdb68ff380:   0000000000000004 00007ff9f4d56b55
0x000000bdb68ff390:   000002888b77fdc8 0000000000000005
0x000000bdb68ff3a0:   000002888b8185a0 00007ff9f53c37d0
0x000000bdb68ff3b0:   0000000000000000 000000bdb68ff430
0x000000bdb68ff3c0:   0000000000000005 0000028844fa3150
0x000000bdb68ff3d0:   000000bdb4afed70 0000000000000000
0x000000bdb68ff3e0:   00007ff9f53c36e0 000000000060a22f
0x000000bdb68ff3f0:   0000000000000000 00007ff90000000b
0x000000bdb68ff400:   0000028844fa3150 0000000000000005
0x000000bdb68ff410:   0000000000000000 0000000000000000
0x000000bdb68ff420:   0000028823000000 0000000000000000
0x000000bdb68ff430:   00007ff9f53c36e0 0000000000609b00
0x000000bdb68ff440:   0000000000000002 0000000000000003
0x000000bdb68ff450:   0000000000000000 0000da0ee527711c
0x000000bdb68ff460:   0000000000000000 0000028845299620
0x000000bdb68ff470:   0000028845299630 00000000000003d8
0x000000bdb68ff480:   0000028845299a08 000000bdb4afed70
0x000000bdb68ff490:   0000000000000005 0000028844fa3150
0x000000bdb68ff4a0:   000002888b77fdc0 00007ff9f4d56835
0x000000bdb68ff4b0:   000002888b77fdc0 0000028844fa3150
0x000000bdb68ff4c0:   0000000000000005 000000bdb4afed70
0x000000bdb68ff4d0:   0000000000000005 0000000000000008
0x000000bdb68ff4e0:   0000000000000005 00007ff9f4aa0000
0x000000bdb68ff4f0:   0000000000000000 00007ff9f50ab0c1
0x000000bdb68ff500:   0000000000000008 00000000000000f8
0x000000bdb68ff510:   0000000000000001 00007ff9f4aac07e
0x000000bdb68ff520:   0000000000000005 00007ff9f4aaea46
0x000000bdb68ff530:   0000000000000000 0000000000000008
0x000000bdb68ff540:   00007ff9f53c36f0 0000000000609b50
0x000000bdb68ff550:   0000000000000000 0000000000000003 

Instructions: (pc=0x00007ff9f4d56374)
0x00007ff9f4d56274:   84 c0 78 3a 4c 8b 07 41 0f b6 c0 24 03 3c 03 75
0x00007ff9f4d56284:   06 49 83 e0 fc eb 12 48 8b 4b 10 4d 8b c8 4c 8b
0x00007ff9f4d56294:   c7 e8 96 15 ff ff 4c 8b c0 4c 2b 05 bc 3c 85 00
0x00007ff9f4d562a4:   8b 0d be 3c 85 00 49 d3 e8 44 89 06 eb 5a 3c fd
0x00007ff9f4d562b4:   75 37 41 8b 88 18 02 00 00 48 8b d7 49 8b 80 10
0x00007ff9f4d562c4:   02 00 00 48 d3 e0 8b 0d 10 cb 8b 00 48 2b d0 49
0x00007ff9f4d562d4:   8b 80 90 05 00 00 48 d3 ea 8b ca 80 7c 48 01 fd
0x00007ff9f4d562e4:   75 17 c6 44 48 01 ff eb 10 3c fc 75 0c 48 8b 4b
0x00007ff9f4d562f4:   10 48 8b d6 e8 e3 f2 ff ff 8b 53 18 4c 8b c7 48
0x00007ff9f4d56304:   8b 4b 28 e8 d4 4b fb ff 48 8b 4b 10 e8 8b ee fe
0x00007ff9f4d56314:   ff 48 8b 7c 24 30 48 8b 5c 24 38 48 83 c4 20 5e
0x00007ff9f4d56324:   c3 cc cc cc cc cc cc cc cc cc cc cc 48 89 5c 24
0x00007ff9f4d56334:   08 57 48 83 ec 20 4c 8b 12 48 8b da 48 8b f9 4d
0x00007ff9f4d56344:   85 d2 0f 84 a6 00 00 00 4c 8b 49 08 4d 8b c2 49
0x00007ff9f4d56354:   8b 81 a0 05 00 00 41 8b 89 b0 05 00 00 49 d3 e8
0x00007ff9f4d56364:   42 0f b7 14 40 0f b7 c2 66 c1 e8 08 84 c0 78 2c
0x00007ff9f4d56374:   49 8b 0a 0f b6 c1 24 03 3c 03 75 09 48 83 e1 fc
0x00007ff9f4d56384:   48 89 0b eb 60 4c 8b c9 4d 8b c2 48 8b 4f 10 e8
0x00007ff9f4d56394:   98 14 ff ff 48 8b c8 48 89 03 eb 49 3c fd 75 35
0x00007ff9f4d563a4:   41 8b 89 18 02 00 00 49 8b 81 10 02 00 00 48 d3
0x00007ff9f4d563b4:   e0 8b 0d 25 ca 8b 00 4c 2b d0 49 8b 81 90 05 00
0x00007ff9f4d563c4:   00 49 d3 ea 41 8b ca 80 7c 48 01 fd 75 17 c6 44
0x00007ff9f4d563d4:   48 01 ff eb 10 3c fc 75 0c 48 8b 4f 10 48 8b d3
0x00007ff9f4d563e4:   e8 97 f1 ff ff 48 8b 4f 10 e8 ae ed fe ff 48 8b
0x00007ff9f4d563f4:   5c 24 30 48 83 c4 20 5f c3 cc cc cc 48 89 5c 24
0x00007ff9f4d56404:   08 57 48 83 ec 20 8b 02 48 8b fa 48 8b d9 85 c0
0x00007ff9f4d56414:   0f 84 c7 00 00 00 8b 0d 48 3b 85 00 44 8b d0 4c
0x00007ff9f4d56424:   8b 4b 08 49 d3 e2 4c 03 15 2f 3b 85 00 4d 8b c2
0x00007ff9f4d56434:   49 8b 81 a0 05 00 00 41 8b 89 b0 05 00 00 49 d3
0x00007ff9f4d56444:   e8 42 0f b7 14 40 0f b7 c2 66 c1 e8 08 84 c0 78
0x00007ff9f4d56454:   3a 4d 8b 02 41 0f b6 c0 24 03 3c 03 75 06 49 83
0x00007ff9f4d56464:   e0 fc eb 12 48 8b 4b 10 4d 8b c8 4d 8b c2 e8 b9 


Stack slot to memory mapping:

stack at sp + 0 slots: 0x0000000000600000 is an unknown value
stack at sp + 1 slots: 0x0000000000000001 is an unknown value
stack at sp + 2 slots: 0x0 is null
stack at sp + 3 slots: 0x0000000000000070 is an unknown value
stack at sp + 4 slots: 0x0000000000000004 is an unknown value
stack at sp + 5 slots: 0x00007ff9f4d56b55 jvm.dll
stack at sp + 6 slots: 0x000002888b77fdc8 points into unknown readable memory: 0x00007ff9f53c80e0 | e0 80 3c f5 f9 7f 00 00
stack at sp + 7 slots: 0x0000000000000005 is an unknown value


---------------  P R O C E S S  ---------------

Threads class SMR info:
_java_thread_list=0x000002888b7b9220, length=19, elements={
0x0000028844fd6b50, 0x0000028844fd7a70, 0x0000028844fdc170, 0x0000028844fdcbd0,
0x0000028844fdda40, 0x0000028844fde4a0, 0x0000028844fe2860, 0x0000028844fe6800,
0x0000028845247720, 0x0000028845249de0, 0x000002884527e940, 0x0000028845282ea0,
0x00000288453dd440, 0x0000028845354a60, 0x000002882312fa00, 0x000002884531cec0,
0x00000288453d38a0, 0x000002888b776770, 0x000002888b7cbe50
}

Java Threads: ( => current thread )
  0x0000028844fd6b50 JavaThread "Reference Handler"          daemon [_thread_blocked, id=42656, stack(0x000000bdb4b00000,0x000000bdb4c00000) (1024K)]
  0x0000028844fd7a70 JavaThread "Finalizer"                  daemon [_thread_blocked, id=48332, stack(0x000000bdb4c00000,0x000000bdb4d00000) (1024K)]
  0x0000028844fdc170 JavaThread "Signal Dispatcher"          daemon [_thread_blocked, id=11116, stack(0x000000bdb4d00000,0x000000bdb4e00000) (1024K)]
  0x0000028844fdcbd0 JavaThread "Attach Listener"            daemon [_thread_blocked, id=14980, stack(0x000000bdb4e00000,0x000000bdb4f00000) (1024K)]
  0x0000028844fdda40 JavaThread "Service Thread"             daemon [_thread_blocked, id=44368, stack(0x000000bdb4f00000,0x000000bdb5000000) (1024K)]
  0x0000028844fde4a0 JavaThread "Monitor Deflation Thread"   daemon [_thread_blocked, id=7404, stack(0x000000bdb5000000,0x000000bdb5100000) (1024K)]
  0x0000028844fe2860 JavaThread "C2 CompilerThread0"         daemon [_thread_blocked, id=22024, stack(0x000000bdb5100000,0x000000bdb5200000) (1024K)]
  0x0000028844fe6800 JavaThread "C1 CompilerThread0"         daemon [_thread_blocked, id=22740, stack(0x000000bdb5200000,0x000000bdb5300000) (1024K)]
  0x0000028845247720 JavaThread "C1 CompilerThread1"         daemon [_thread_blocked, id=51120, stack(0x000000bdb5300000,0x000000bdb5400000) (1024K)]
  0x0000028845249de0 JavaThread "C1 CompilerThread2"         daemon [_thread_blocked, id=1472, stack(0x000000bdb5400000,0x000000bdb5500000) (1024K)]
  0x000002884527e940 JavaThread "Notification Thread"        daemon [_thread_blocked, id=3796, stack(0x000000bdb5500000,0x000000bdb5600000) (1024K)]
  0x0000028845282ea0 JavaThread "Common-Cleaner"             daemon [_thread_blocked, id=47252, stack(0x000000bdb5600000,0x000000bdb5700000) (1024K)]
  0x00000288453dd440 JavaThread "atomic-processor-1"         daemon [_thread_blocked, id=48876, stack(0x000000bdb5800000,0x000000bdb5900000) (1024K)]
  0x0000028845354a60 JavaThread "webcam-discovery-service"   daemon [_thread_blocked, id=25968, stack(0x000000bdb5700000,0x000000bdb5800000) (1024K)]
  0x000002882312fa00 JavaThread "DestroyJavaVM"                     [_thread_blocked, id=50708, stack(0x000000bdb4300000,0x000000bdb4400000) (1024K)]
  0x000002884531cec0 JavaThread "C1 CompilerThread3"         daemon [_thread_blocked, id=43036, stack(0x000000bdb5b00000,0x000000bdb5c00000) (1024K)]
  0x00000288453d38a0 JavaThread "Thread-2"                          [_thread_blocked, id=36196, stack(0x000000bdb5d00000,0x000000bdb5e00000) (1024K)]
  0x000002888b776770 JavaThread "C2 CompilerThread1"         daemon [_thread_blocked, id=50240, stack(0x000000bdb5900000,0x000000bdb5a00000) (1024K)]
  0x000002888b7cbe50 JavaThread "HttpClient-1-SelectorManager" daemon [_thread_in_native, id=28620, stack(0x000000bdb5a00000,0x000000bdb5b00000) (1024K)]
Total: 19

Other Threads:
  0x0000028844fb8030 VMThread "VM Thread"                           [id=22788, stack(0x000000bdb4a00000,0x000000bdb4b00000) (1024K)]
  0x0000028844f9c340 WatcherThread "VM Periodic Task Thread"        [id=41656, stack(0x000000bdb4900000,0x000000bdb4a00000) (1024K)]
  0x00000288254417a0 WorkerThread "GC Thread#0"                     [id=3800, stack(0x000000bdb4400000,0x000000bdb4500000) (1024K)]
  0x000002888b81bd70 WorkerThread "GC Thread#1"                     [id=18012, stack(0x000000bdb6500000,0x000000bdb6600000) (1024K)]
  0x000002888b81c110 WorkerThread "GC Thread#2"                     [id=19012, stack(0x000000bdb6600000,0x000000bdb6700000) (1024K)]
  0x000002888b7eb3e0 WorkerThread "GC Thread#3"                     [id=37248, stack(0x000000bdb6700000,0x000000bdb6800000) (1024K)]
=>0x000002888b7eb780 WorkerThread "GC Thread#4"                     [id=48996, stack(0x000000bdb6800000,0x000000bdb6900000) (1024K)]
  0x000002888b853ca0 WorkerThread "GC Thread#5"                     [id=50728, stack(0x000000bdb6900000,0x000000bdb6a00000) (1024K)]
  0x00000288254524b0 ConcurrentGCThread "G1 Main Marker"            [id=48912, stack(0x000000bdb4500000,0x000000bdb4600000) (1024K)]
  0x0000028825452fb0 WorkerThread "G1 Conc#0"                       [id=25724, stack(0x000000bdb4600000,0x000000bdb4700000) (1024K)]
  0x0000028844e70570 ConcurrentGCThread "G1 Refine#0"               [id=28512, stack(0x000000bdb4700000,0x000000bdb4800000) (1024K)]
  0x00000288254ae1b0 ConcurrentGCThread "G1 Service"                [id=52432, stack(0x000000bdb4800000,0x000000bdb4900000) (1024K)]
Total: 12

Threads with active compile tasks:
C2 CompilerThread0      672 1522       4       java.lang.String::<init> (99 bytes)
C1 CompilerThread1      672 1523   !   3       java.util.zip.ZipFile$CleanableResource::getInflater (47 bytes)
Total: 2

VM state: at safepoint (normal execution)

VM Mutex/Monitor currently owned by a thread:  ([mutex/lock_event])
[0x00007ff9f562a5f8] Threads_lock - owner thread: 0x0000028844fb8030
[0x00007ff9f562a6f8] Heap_lock - owner thread: 0x00000288453d38a0

Heap address: 0x0000000704800000, size: 4024 MB, Compressed Oops mode: Zero based, Oop shift amount: 3

CDS archive(s) mapped at: [0x0000028846000000-0x0000028846c90000-0x0000028846c90000), size 13172736, SharedBaseAddress: 0x0000028846000000, ArchiveRelocationMode: 1.
Compressed class space mapped at: 0x0000028847000000-0x0000028887000000, reserved size: 1073741824
Narrow klass base: 0x0000028846000000, Narrow klass shift: 0, Narrow klass range: 0x100000000

GC Precious Log:
 CardTable entry size: 512
 Card Set container configuration: InlinePtr #cards 4 size 8 Array Of Cards #cards 16 size 48 Howl #buckets 8 coarsen threshold 3686 Howl Bitmap #cards 512 size 80 coarsen threshold 460 Card regions per heap region 1 cards per card region 4096
 CPUs: 16 total, 16 available
 Memory: 16091M
 Large Page Support: Disabled
 NUMA Support: Disabled
 Compressed Oops: Enabled (Zero based)
 Heap Region Size: 2M
 Heap Min Capacity: 8M
 Heap Initial Capacity: 252M
 Heap Max Capacity: 4024M
 Pre-touch: Disabled
 Parallel Workers: 13
 Concurrent Workers: 3
 Concurrent Refinement Workers: 13
 Periodic GC: Disabled

Heap:
 garbage-first heap   total 258048K, used 22528K [0x0000000704800000, 0x0000000800000000)
  region size 2048K, 13 young (26624K), 2 survivors (4096K)
 Metaspace       used 9740K, committed 10048K, reserved 1114112K
  class space    used 1041K, committed 1216K, reserved 1048576K

Heap Regions: E=young(eden), S=young(survivor), O=old, HS=humongous(starts), HC=humongous(continues), CS=collection set, F=free, TAMS=top-at-mark-start, PB=parsable bottom
|   0|0x0000000704800000, 0x0000000704800000, 0x0000000704a00000|  0%| F|  |TAMS 0x0000000704800000| PB 0x0000000704800000| Untracked 
|   1|0x0000000704a00000, 0x0000000704a00000, 0x0000000704c00000|  0%| F|  |TAMS 0x0000000704a00000| PB 0x0000000704a00000| Untracked 
|   2|0x0000000704c00000, 0x0000000704c00000, 0x0000000704e00000|  0%| F|  |TAMS 0x0000000704c00000| PB 0x0000000704c00000| Untracked 
|   3|0x0000000704e00000, 0x0000000704e00000, 0x0000000705000000|  0%| F|  |TAMS 0x0000000704e00000| PB 0x0000000704e00000| Untracked 
|   4|0x0000000705000000, 0x0000000705000000, 0x0000000705200000|  0%| F|  |TAMS 0x0000000705000000| PB 0x0000000705000000| Untracked 
|   5|0x0000000705200000, 0x0000000705200000, 0x0000000705400000|  0%| F|  |TAMS 0x0000000705200000| PB 0x0000000705200000| Untracked 
|   6|0x0000000705400000, 0x0000000705400000, 0x0000000705600000|  0%| F|  |TAMS 0x0000000705400000| PB 0x0000000705400000| Untracked 
|   7|0x0000000705600000, 0x0000000705600000, 0x0000000705800000|  0%| F|  |TAMS 0x0000000705600000| PB 0x0000000705600000| Untracked 
|   8|0x0000000705800000, 0x0000000705800000, 0x0000000705a00000|  0%| F|  |TAMS 0x0000000705800000| PB 0x0000000705800000| Untracked 
|   9|0x0000000705a00000, 0x0000000705a00000, 0x0000000705c00000|  0%| F|  |TAMS 0x0000000705a00000| PB 0x0000000705a00000| Untracked 
|  10|0x0000000705c00000, 0x0000000705c00000, 0x0000000705e00000|  0%| F|  |TAMS 0x0000000705c00000| PB 0x0000000705c00000| Untracked 
|  11|0x0000000705e00000, 0x0000000705e00000, 0x0000000706000000|  0%| F|  |TAMS 0x0000000705e00000| PB 0x0000000705e00000| Untracked 
|  12|0x0000000706000000, 0x0000000706000000, 0x0000000706200000|  0%| F|  |TAMS 0x0000000706000000| PB 0x0000000706000000| Untracked 
|  13|0x0000000706200000, 0x0000000706200000, 0x0000000706400000|  0%| F|  |TAMS 0x0000000706200000| PB 0x0000000706200000| Untracked 
|  14|0x0000000706400000, 0x0000000706400000, 0x0000000706600000|  0%| F|  |TAMS 0x0000000706400000| PB 0x0000000706400000| Untracked 
|  15|0x0000000706600000, 0x0000000706600000, 0x0000000706800000|  0%| F|  |TAMS 0x0000000706600000| PB 0x0000000706600000| Untracked 
|  16|0x0000000706800000, 0x0000000706800000, 0x0000000706a00000|  0%| F|  |TAMS 0x0000000706800000| PB 0x0000000706800000| Untracked 
|  17|0x0000000706a00000, 0x0000000706a00000, 0x0000000706c00000|  0%| F|  |TAMS 0x0000000706a00000| PB 0x0000000706a00000| Untracked 
|  18|0x0000000706c00000, 0x0000000706c00000, 0x0000000706e00000|  0%| F|  |TAMS 0x0000000706c00000| PB 0x0000000706c00000| Untracked 
|  19|0x0000000706e00000, 0x0000000706e00000, 0x0000000707000000|  0%| F|  |TAMS 0x0000000706e00000| PB 0x0000000706e00000| Untracked 
|  20|0x0000000707000000, 0x0000000707000000, 0x0000000707200000|  0%| F|  |TAMS 0x0000000707000000| PB 0x0000000707000000| Untracked 
|  21|0x0000000707200000, 0x0000000707200000, 0x0000000707400000|  0%| F|  |TAMS 0x0000000707200000| PB 0x0000000707200000| Untracked 
|  22|0x0000000707400000, 0x0000000707400000, 0x0000000707600000|  0%| F|  |TAMS 0x0000000707400000| PB 0x0000000707400000| Untracked 
|  23|0x0000000707600000, 0x0000000707600000, 0x0000000707800000|  0%| F|  |TAMS 0x0000000707600000| PB 0x0000000707600000| Untracked 
|  24|0x0000000707800000, 0x0000000707800000, 0x0000000707a00000|  0%| F|  |TAMS 0x0000000707800000| PB 0x0000000707800000| Untracked 
|  25|0x0000000707a00000, 0x0000000707a00000, 0x0000000707c00000|  0%| F|  |TAMS 0x0000000707a00000| PB 0x0000000707a00000| Untracked 
|  26|0x0000000707c00000, 0x0000000707c00000, 0x0000000707e00000|  0%| F|  |TAMS 0x0000000707c00000| PB 0x0000000707c00000| Untracked 
|  27|0x0000000707e00000, 0x0000000707e00000, 0x0000000708000000|  0%| F|  |TAMS 0x0000000707e00000| PB 0x0000000707e00000| Untracked 
|  28|0x0000000708000000, 0x0000000708000000, 0x0000000708200000|  0%| F|  |TAMS 0x0000000708000000| PB 0x0000000708000000| Untracked 
|  29|0x0000000708200000, 0x0000000708200000, 0x0000000708400000|  0%| F|  |TAMS 0x0000000708200000| PB 0x0000000708200000| Untracked 
|  30|0x0000000708400000, 0x0000000708400000, 0x0000000708600000|  0%| F|  |TAMS 0x0000000708400000| PB 0x0000000708400000| Untracked 
|  31|0x0000000708600000, 0x0000000708600000, 0x0000000708800000|  0%| F|  |TAMS 0x0000000708600000| PB 0x0000000708600000| Untracked 
|  32|0x0000000708800000, 0x0000000708800000, 0x0000000708a00000|  0%| F|  |TAMS 0x0000000708800000| PB 0x0000000708800000| Untracked 
|  33|0x0000000708a00000, 0x0000000708a00000, 0x0000000708c00000|  0%| F|  |TAMS 0x0000000708a00000| PB 0x0000000708a00000| Untracked 
|  34|0x0000000708c00000, 0x0000000708c00000, 0x0000000708e00000|  0%| F|  |TAMS 0x0000000708c00000| PB 0x0000000708c00000| Untracked 
|  35|0x0000000708e00000, 0x0000000708e00000, 0x0000000709000000|  0%| F|  |TAMS 0x0000000708e00000| PB 0x0000000708e00000| Untracked 
|  36|0x0000000709000000, 0x0000000709000000, 0x0000000709200000|  0%| F|  |TAMS 0x0000000709000000| PB 0x0000000709000000| Untracked 
|  37|0x0000000709200000, 0x0000000709200000, 0x0000000709400000|  0%| F|  |TAMS 0x0000000709200000| PB 0x0000000709200000| Untracked 
|  38|0x0000000709400000, 0x0000000709400000, 0x0000000709600000|  0%| F|  |TAMS 0x0000000709400000| PB 0x0000000709400000| Untracked 
|  39|0x0000000709600000, 0x0000000709600000, 0x0000000709800000|  0%| F|  |TAMS 0x0000000709600000| PB 0x0000000709600000| Untracked 
|  40|0x0000000709800000, 0x0000000709800000, 0x0000000709a00000|  0%| F|  |TAMS 0x0000000709800000| PB 0x0000000709800000| Untracked 
|  41|0x0000000709a00000, 0x0000000709a00000, 0x0000000709c00000|  0%| F|  |TAMS 0x0000000709a00000| PB 0x0000000709a00000| Untracked 
|  42|0x0000000709c00000, 0x0000000709c00000, 0x0000000709e00000|  0%| F|  |TAMS 0x0000000709c00000| PB 0x0000000709c00000| Untracked 
|  43|0x0000000709e00000, 0x0000000709e00000, 0x000000070a000000|  0%| F|  |TAMS 0x0000000709e00000| PB 0x0000000709e00000| Untracked 
|  44|0x000000070a000000, 0x000000070a000000, 0x000000070a200000|  0%| F|  |TAMS 0x000000070a000000| PB 0x000000070a000000| Untracked 
|  45|0x000000070a200000, 0x000000070a200000, 0x000000070a400000|  0%| F|  |TAMS 0x000000070a200000| PB 0x000000070a200000| Untracked 
|  46|0x000000070a400000, 0x000000070a400000, 0x000000070a600000|  0%| F|  |TAMS 0x000000070a400000| PB 0x000000070a400000| Untracked 
|  47|0x000000070a600000, 0x000000070a600000, 0x000000070a800000|  0%| F|  |TAMS 0x000000070a600000| PB 0x000000070a600000| Untracked 
|  48|0x000000070a800000, 0x000000070a800000, 0x000000070aa00000|  0%| F|  |TAMS 0x000000070a800000| PB 0x000000070a800000| Untracked 
|  49|0x000000070aa00000, 0x000000070aa00000, 0x000000070ac00000|  0%| F|  |TAMS 0x000000070aa00000| PB 0x000000070aa00000| Untracked 
|  50|0x000000070ac00000, 0x000000070ac00000, 0x000000070ae00000|  0%| F|  |TAMS 0x000000070ac00000| PB 0x000000070ac00000| Untracked 
|  51|0x000000070ae00000, 0x000000070ae00000, 0x000000070b000000|  0%| F|  |TAMS 0x000000070ae00000| PB 0x000000070ae00000| Untracked 
|  52|0x000000070b000000, 0x000000070b000000, 0x000000070b200000|  0%| F|  |TAMS 0x000000070b000000| PB 0x000000070b000000| Untracked 
|  53|0x000000070b200000, 0x000000070b200000, 0x000000070b400000|  0%| F|  |TAMS 0x000000070b200000| PB 0x000000070b200000| Untracked 
|  54|0x000000070b400000, 0x000000070b400000, 0x000000070b600000|  0%| F|  |TAMS 0x000000070b400000| PB 0x000000070b400000| Untracked 
|  55|0x000000070b600000, 0x000000070b600000, 0x000000070b800000|  0%| F|  |TAMS 0x000000070b600000| PB 0x000000070b600000| Untracked 
|  56|0x000000070b800000, 0x000000070b800000, 0x000000070ba00000|  0%| F|  |TAMS 0x000000070b800000| PB 0x000000070b800000| Untracked 
|  57|0x000000070ba00000, 0x000000070ba00000, 0x000000070bc00000|  0%| F|  |TAMS 0x000000070ba00000| PB 0x000000070ba00000| Untracked 
|  58|0x000000070bc00000, 0x000000070bc00000, 0x000000070be00000|  0%| F|  |TAMS 0x000000070bc00000| PB 0x000000070bc00000| Untracked 
|  59|0x000000070be00000, 0x000000070be00000, 0x000000070c000000|  0%| F|  |TAMS 0x000000070be00000| PB 0x000000070be00000| Untracked 
|  60|0x000000070c000000, 0x000000070c000000, 0x000000070c200000|  0%| F|  |TAMS 0x000000070c000000| PB 0x000000070c000000| Untracked 
|  61|0x000000070c200000, 0x000000070c200000, 0x000000070c400000|  0%| F|  |TAMS 0x000000070c200000| PB 0x000000070c200000| Untracked 
|  62|0x000000070c400000, 0x000000070c400000, 0x000000070c600000|  0%| F|  |TAMS 0x000000070c400000| PB 0x000000070c400000| Untracked 
|  63|0x000000070c600000, 0x000000070c600000, 0x000000070c800000|  0%| F|  |TAMS 0x000000070c600000| PB 0x000000070c600000| Untracked 
|  64|0x000000070c800000, 0x000000070c800000, 0x000000070ca00000|  0%| F|  |TAMS 0x000000070c800000| PB 0x000000070c800000| Untracked 
|  65|0x000000070ca00000, 0x000000070ca00000, 0x000000070cc00000|  0%| F|  |TAMS 0x000000070ca00000| PB 0x000000070ca00000| Untracked 
|  66|0x000000070cc00000, 0x000000070cc00000, 0x000000070ce00000|  0%| F|  |TAMS 0x000000070cc00000| PB 0x000000070cc00000| Untracked 
|  67|0x000000070ce00000, 0x000000070ce00000, 0x000000070d000000|  0%| F|  |TAMS 0x000000070ce00000| PB 0x000000070ce00000| Untracked 
|  68|0x000000070d000000, 0x000000070d000000, 0x000000070d200000|  0%| F|  |TAMS 0x000000070d000000| PB 0x000000070d000000| Untracked 
|  69|0x000000070d200000, 0x000000070d200000, 0x000000070d400000|  0%| F|  |TAMS 0x000000070d200000| PB 0x000000070d200000| Untracked 
|  70|0x000000070d400000, 0x000000070d400000, 0x000000070d600000|  0%| F|  |TAMS 0x000000070d400000| PB 0x000000070d400000| Untracked 
|  71|0x000000070d600000, 0x000000070d600000, 0x000000070d800000|  0%| F|  |TAMS 0x000000070d600000| PB 0x000000070d600000| Untracked 
|  72|0x000000070d800000, 0x000000070d800000, 0x000000070da00000|  0%| F|  |TAMS 0x000000070d800000| PB 0x000000070d800000| Untracked 
|  73|0x000000070da00000, 0x000000070da00000, 0x000000070dc00000|  0%| F|  |TAMS 0x000000070da00000| PB 0x000000070da00000| Untracked 
|  74|0x000000070dc00000, 0x000000070dc00000, 0x000000070de00000|  0%| F|  |TAMS 0x000000070dc00000| PB 0x000000070dc00000| Untracked 
|  75|0x000000070de00000, 0x000000070de00000, 0x000000070e000000|  0%| F|  |TAMS 0x000000070de00000| PB 0x000000070de00000| Untracked 
|  76|0x000000070e000000, 0x000000070e000000, 0x000000070e200000|  0%| F|  |TAMS 0x000000070e000000| PB 0x000000070e000000| Untracked 
|  77|0x000000070e200000, 0x000000070e200000, 0x000000070e400000|  0%| F|  |TAMS 0x000000070e200000| PB 0x000000070e200000| Untracked 
|  78|0x000000070e400000, 0x000000070e400000, 0x000000070e600000|  0%| F|  |TAMS 0x000000070e400000| PB 0x000000070e400000| Untracked 
|  79|0x000000070e600000, 0x000000070e600000, 0x000000070e800000|  0%| F|  |TAMS 0x000000070e600000| PB 0x000000070e600000| Untracked 
|  80|0x000000070e800000, 0x000000070e800000, 0x000000070ea00000|  0%| F|  |TAMS 0x000000070e800000| PB 0x000000070e800000| Untracked 
|  81|0x000000070ea00000, 0x000000070ea00000, 0x000000070ec00000|  0%| F|  |TAMS 0x000000070ea00000| PB 0x000000070ea00000| Untracked 
|  82|0x000000070ec00000, 0x000000070ec00000, 0x000000070ee00000|  0%| F|  |TAMS 0x000000070ec00000| PB 0x000000070ec00000| Untracked 
|  83|0x000000070ee00000, 0x000000070ee00000, 0x000000070f000000|  0%| F|  |TAMS 0x000000070ee00000| PB 0x000000070ee00000| Untracked 
|  84|0x000000070f000000, 0x000000070f000000, 0x000000070f200000|  0%| F|  |TAMS 0x000000070f000000| PB 0x000000070f000000| Untracked 
|  85|0x000000070f200000, 0x000000070f200000, 0x000000070f400000|  0%| F|  |TAMS 0x000000070f200000| PB 0x000000070f200000| Untracked 
|  86|0x000000070f400000, 0x000000070f400000, 0x000000070f600000|  0%| F|  |TAMS 0x000000070f400000| PB 0x000000070f400000| Untracked 
|  87|0x000000070f600000, 0x000000070f600000, 0x000000070f800000|  0%| F|  |TAMS 0x000000070f600000| PB 0x000000070f600000| Untracked 
|  88|0x000000070f800000, 0x000000070f800000, 0x000000070fa00000|  0%| F|  |TAMS 0x000000070f800000| PB 0x000000070f800000| Untracked 
|  89|0x000000070fa00000, 0x000000070fa00000, 0x000000070fc00000|  0%| F|  |TAMS 0x000000070fa00000| PB 0x000000070fa00000| Untracked 
|  90|0x000000070fc00000, 0x000000070fc00000, 0x000000070fe00000|  0%| F|  |TAMS 0x000000070fc00000| PB 0x000000070fc00000| Untracked 
|  91|0x000000070fe00000, 0x000000070fe00000, 0x0000000710000000|  0%| F|  |TAMS 0x000000070fe00000| PB 0x000000070fe00000| Untracked 
|  92|0x0000000710000000, 0x0000000710000000, 0x0000000710200000|  0%| F|  |TAMS 0x0000000710000000| PB 0x0000000710000000| Untracked 
|  93|0x0000000710200000, 0x0000000710200000, 0x0000000710400000|  0%| F|  |TAMS 0x0000000710200000| PB 0x0000000710200000| Untracked 
|  94|0x0000000710400000, 0x0000000710400000, 0x0000000710600000|  0%| F|  |TAMS 0x0000000710400000| PB 0x0000000710400000| Untracked 
|  95|0x0000000710600000, 0x0000000710600000, 0x0000000710800000|  0%| F|  |TAMS 0x0000000710600000| PB 0x0000000710600000| Untracked 
|  96|0x0000000710800000, 0x0000000710800000, 0x0000000710a00000|  0%| F|  |TAMS 0x0000000710800000| PB 0x0000000710800000| Untracked 
|  97|0x0000000710a00000, 0x0000000710a00000, 0x0000000710c00000|  0%| F|  |TAMS 0x0000000710a00000| PB 0x0000000710a00000| Untracked 
|  98|0x0000000710c00000, 0x0000000710c00000, 0x0000000710e00000|  0%| F|  |TAMS 0x0000000710c00000| PB 0x0000000710c00000| Untracked 
|  99|0x0000000710e00000, 0x0000000710e00000, 0x0000000711000000|  0%| F|  |TAMS 0x0000000710e00000| PB 0x0000000710e00000| Untracked 
| 100|0x0000000711000000, 0x0000000711000000, 0x0000000711200000|  0%| F|  |TAMS 0x0000000711000000| PB 0x0000000711000000| Untracked 
| 101|0x0000000711200000, 0x0000000711200000, 0x0000000711400000|  0%| F|  |TAMS 0x0000000711200000| PB 0x0000000711200000| Untracked 
| 102|0x0000000711400000, 0x0000000711400000, 0x0000000711600000|  0%| F|  |TAMS 0x0000000711400000| PB 0x0000000711400000| Untracked 
| 103|0x0000000711600000, 0x0000000711600000, 0x0000000711800000|  0%| F|  |TAMS 0x0000000711600000| PB 0x0000000711600000| Untracked 
| 104|0x0000000711800000, 0x0000000711800000, 0x0000000711a00000|  0%| F|  |TAMS 0x0000000711800000| PB 0x0000000711800000| Untracked 
| 105|0x0000000711a00000, 0x0000000711a00000, 0x0000000711c00000|  0%| F|  |TAMS 0x0000000711a00000| PB 0x0000000711a00000| Untracked 
| 106|0x0000000711c00000, 0x0000000711c00000, 0x0000000711e00000|  0%| F|  |TAMS 0x0000000711c00000| PB 0x0000000711c00000| Untracked 
| 107|0x0000000711e00000, 0x0000000711e00000, 0x0000000712000000|  0%| F|  |TAMS 0x0000000711e00000| PB 0x0000000711e00000| Untracked 
| 108|0x0000000712000000, 0x0000000712000000, 0x0000000712200000|  0%| F|  |TAMS 0x0000000712000000| PB 0x0000000712000000| Untracked 
| 109|0x0000000712200000, 0x0000000712200000, 0x0000000712400000|  0%| F|  |TAMS 0x0000000712200000| PB 0x0000000712200000| Untracked 
| 110|0x0000000712400000, 0x0000000712400000, 0x0000000712600000|  0%| F|  |TAMS 0x0000000712400000| PB 0x0000000712400000| Untracked 
| 111|0x0000000712600000, 0x0000000712600000, 0x0000000712800000|  0%| F|  |TAMS 0x0000000712600000| PB 0x0000000712600000| Untracked 
| 112|0x0000000712800000, 0x0000000712800000, 0x0000000712a00000|  0%| F|  |TAMS 0x0000000712800000| PB 0x0000000712800000| Untracked 
| 113|0x0000000712a00000, 0x0000000712c00000, 0x0000000712c00000|100%| S|  |TAMS 0x0000000712a00000| PB 0x0000000712a00000| Complete 
| 114|0x0000000712c00000, 0x0000000712e00000, 0x0000000712e00000|100%| S|  |TAMS 0x0000000712c00000| PB 0x0000000712c00000| Complete 
| 115|0x0000000712e00000, 0x0000000713000000, 0x0000000713000000|100%| E|CS|TAMS 0x0000000712e00000| PB 0x0000000712e00000| Complete 
| 116|0x0000000713000000, 0x0000000713200000, 0x0000000713200000|100%| E|CS|TAMS 0x0000000713000000| PB 0x0000000713000000| Complete 
| 117|0x0000000713200000, 0x0000000713400000, 0x0000000713400000|100%| E|CS|TAMS 0x0000000713200000| PB 0x0000000713200000| Complete 
| 118|0x0000000713400000, 0x0000000713600000, 0x0000000713600000|100%| E|CS|TAMS 0x0000000713400000| PB 0x0000000713400000| Complete 
| 119|0x0000000713600000, 0x0000000713800000, 0x0000000713800000|100%| E|CS|TAMS 0x0000000713600000| PB 0x0000000713600000| Complete 
| 120|0x0000000713800000, 0x0000000713a00000, 0x0000000713a00000|100%| E|CS|TAMS 0x0000000713800000| PB 0x0000000713800000| Complete 
| 121|0x0000000713a00000, 0x0000000713c00000, 0x0000000713c00000|100%| E|CS|TAMS 0x0000000713a00000| PB 0x0000000713a00000| Complete 
| 122|0x0000000713c00000, 0x0000000713e00000, 0x0000000713e00000|100%| E|CS|TAMS 0x0000000713c00000| PB 0x0000000713c00000| Complete 
| 123|0x0000000713e00000, 0x0000000714000000, 0x0000000714000000|100%| E|CS|TAMS 0x0000000713e00000| PB 0x0000000713e00000| Complete 
| 124|0x0000000714000000, 0x0000000714200000, 0x0000000714200000|100%| E|CS|TAMS 0x0000000714000000| PB 0x0000000714000000| Complete 
| 125|0x0000000714200000, 0x0000000714400000, 0x0000000714400000|100%| E|CS|TAMS 0x0000000714200000| PB 0x0000000714200000| Complete 

Card table byte_map: [0x000002883d8b0000,0x000002883e090000] _byte_map_base: 0x000002883a08c000

Marking Bits: (CMBitMap*) 0x0000028825441ea0
 Bits: [0x000002883e090000, 0x0000028841f70000)

Polling page: 0x00000288233e0000

Metaspace:

Usage:
  Non-class:      8.50 MB used.
      Class:      1.02 MB used.
       Both:      9.51 MB used.

Virtual space:
  Non-class space:       64.00 MB reserved,       8.62 MB ( 13%) committed,  1 nodes.
      Class space:        1.00 GB reserved,       1.19 MB ( <1%) committed,  1 nodes.
             Both:        1.06 GB reserved,       9.81 MB ( <1%) committed. 

Chunk freelists:
   Non-Class:  6.66 MB
       Class:  14.67 MB
        Both:  21.33 MB

MaxMetaspaceSize: unlimited
CompressedClassSpaceSize: 1.00 GB
Initial GC threshold: 21.00 MB
Current GC threshold: 21.00 MB
CDS: on
 - commit_granule_bytes: 65536.
 - commit_granule_words: 8192.
 - virtual_space_node_default_size: 8388608.
 - enlarge_chunks_in_place: 1.
 - use_allocation_guard: 0.


Internal statistics:

num_allocs_failed_limit: 0.
num_arena_births: 196.
num_arena_deaths: 0.
num_vsnodes_births: 2.
num_vsnodes_deaths: 0.
num_space_committed: 157.
num_space_uncommitted: 0.
num_chunks_returned_to_freelist: 0.
num_chunks_taken_from_freelist: 384.
num_chunk_merges: 0.
num_chunk_splits: 230.
num_chunks_enlarged: 131.
num_inconsistent_stats: 0.

CodeHeap 'non-profiled nmethods': size=119168Kb used=394Kb max_used=394Kb free=118773Kb
 bounds [0x00000288353e0000, 0x0000028835650000, 0x000002883c840000]
CodeHeap 'profiled nmethods': size=119104Kb used=2901Kb max_used=2901Kb free=116202Kb
 bounds [0x000002882d840000, 0x000002882db20000, 0x0000028834c90000]
CodeHeap 'non-nmethods': size=7488Kb used=3111Kb max_used=3125Kb free=4376Kb
 bounds [0x0000028834c90000, 0x0000028834fb0000, 0x00000288353e0000]
 total_blobs=2037 nmethods=1523 adapters=416
 compilation: enabled
              stopped_count=0, restarted_count=0
 full_count=0

Compilation events (20 events):
Event: 0.624 Thread 0x0000028845249de0 1514       3       java.util.WeakHashMap::remove (131 bytes)
Event: 0.624 Thread 0x0000028845249de0 nmethod 1514 0x000002882db0d090 code [0x000002882db0d2e0, 0x000002882db0de80]
Event: 0.624 Thread 0x0000028845249de0 1515       3       sun.net.util.URLUtil::urlNoFragString (143 bytes)
Event: 0.624 Thread 0x0000028844fe6800 1516       3       java.net.URL::getDefaultPort (8 bytes)
Event: 0.624 Thread 0x0000028844fe6800 nmethod 1516 0x000002882db0e290 code [0x000002882db0e440, 0x000002882db0e620]
Event: 0.624 Thread 0x0000028845249de0 nmethod 1515 0x000002882db0e710 code [0x000002882db0ea40, 0x000002882db0fa58]
Event: 0.624 Thread 0x0000028844fe2860 nmethod 1512 0x0000028835441d90 code [0x0000028835441f20, 0x00000288354420a0]
Event: 0.625 Thread 0x0000028845249de0 1517   !   3       jdk.internal.loader.URLClassPath$JarLoader::checkResource (73 bytes)
Event: 0.625 Thread 0x0000028845249de0 nmethod 1517 0x000002882db10010 code [0x000002882db10260, 0x000002882db10bb8]
Event: 0.628 Thread 0x0000028845249de0 1518   !   3       jdk.internal.loader.BuiltinClassLoader::findClassOnClassPathOrNull (64 bytes)
Event: 0.628 Thread 0x0000028845249de0 nmethod 1518 0x000002882db10f90 code [0x000002882db11320, 0x000002882db12730]
Event: 0.630 Thread 0x0000028844fe6800 1519       3       java.util.WeakHashMap::put (160 bytes)
Event: 0.630 Thread 0x000002888b776770 1520       4       sun.net.www.ParseUtil::firstEncodeIndex (86 bytes)
Event: 0.630 Thread 0x0000028844fe6800 nmethod 1519 0x000002882db12e90 code [0x000002882db13120, 0x000002882db141c0]
Event: 0.631 Thread 0x000002888b776770 nmethod 1520 0x0000028835442190 code [0x0000028835442340, 0x0000028835442590]
Event: 0.632 Thread 0x0000028844fe6800 1521       3       java.util.zip.ZipCoder$UTF8ZipCoder::hasTrailingSlash (20 bytes)
Event: 0.632 Thread 0x0000028844fe6800 nmethod 1521 0x000002882db14710 code [0x000002882db148c0, 0x000002882db14a90]
Event: 0.632 Thread 0x0000028844fe2860 1522       4       java.lang.String::<init> (99 bytes)
Event: 0.632 Thread 0x0000028845247720 1523   !   3       java.util.zip.ZipFile$CleanableResource::getInflater (47 bytes)
Event: 0.633 Thread 0x0000028845247720 nmethod 1523 0x000002882db14b90 code [0x000002882db14d80, 0x000002882db152a8]

GC Heap History (1 events):
Event: 0.633 GC heap before
{Heap before GC invocations=0 (full 0):
 garbage-first heap   total 258048K, used 20480K [0x0000000704800000, 0x0000000800000000)
  region size 2048K, 11 young (22528K), 0 survivors (0K)
 Metaspace       used 9740K, committed 10048K, reserved 1114112K
  class space    used 1041K, committed 1216K, reserved 1048576K
}

Dll operation events (12 events):
Event: 0.006 Loaded shared library C:\Program Files\Java\jdk-21\bin\java.dll
Event: 0.036 Loaded shared library C:\Program Files\Java\jdk-21\bin\jsvml.dll
Event: 0.053 Loaded shared library C:\Program Files\Java\jdk-21\bin\net.dll
Event: 0.054 Loaded shared library C:\Program Files\Java\jdk-21\bin\nio.dll
Event: 0.057 Loaded shared library C:\Program Files\Java\jdk-21\bin\zip.dll
Event: 0.087 Loaded shared library C:\Program Files\Java\jdk-21\bin\jimage.dll
Event: 0.118 Loaded shared library C:\Program Files\Java\jdk-21\bin\verify.dll
Event: 0.168 Loaded shared library C:\Users\David\AppData\Local\Temp\BridJExtractedLibraries6896246530521814002\bridj.dll
Event: 0.274 Loaded shared library C:\Program Files\Java\jdk-21\bin\awt.dll
Event: 0.392 Loaded shared library C:\Users\David\AppData\Local\Temp\webrtc-java16627100532133396559.dll
Event: 0.528 Loaded shared library C:\Program Files\Java\jdk-21\bin\sunmscapi.dll
Event: 0.613 Loaded shared library C:\Program Files\Java\jdk-21\bin\extnet.dll

Deoptimization events (20 events):
Event: 0.540 Thread 0x00000288453d38a0 Uncommon trap: trap_request=0xffffffde fr.pc=0x00000288353f66d8 relative=0x00000000000002f8
Event: 0.540 Thread 0x00000288453d38a0 Uncommon trap: reason=class_check action=maybe_recompile pc=0x00000288353f66d8 method=java.util.regex.Pattern$BmpCharPropertyGreedy.match(Ljava/util/regex/Matcher;ILjava/lang/CharSequence;)Z @ 26 c2
Event: 0.540 Thread 0x00000288453d38a0 DEOPT PACKING pc=0x00000288353f66d8 sp=0x000000bdb5dfc300
Event: 0.540 Thread 0x00000288453d38a0 DEOPT UNPACKING pc=0x0000028834ce46a2 sp=0x000000bdb5dfc2b8 mode 2
Event: 0.541 Thread 0x00000288453d38a0 Uncommon trap: trap_request=0xffffff45 fr.pc=0x00000288353f4f8c relative=0x000000000000074c
Event: 0.541 Thread 0x00000288453d38a0 Uncommon trap: reason=unstable_if action=reinterpret pc=0x00000288353f4f8c method=java.util.regex.Matcher.search(I)Z @ 30 c2
Event: 0.541 Thread 0x00000288453d38a0 DEOPT PACKING pc=0x00000288353f4f8c sp=0x000000bdb5dfcde0
Event: 0.541 Thread 0x00000288453d38a0 DEOPT UNPACKING pc=0x0000028834ce46a2 sp=0x000000bdb5dfcdc0 mode 2
Event: 0.572 Thread 0x00000288453d38a0 Uncommon trap: trap_request=0xffffff45 fr.pc=0x00000288353f8930 relative=0x0000000000000190
Event: 0.572 Thread 0x00000288453d38a0 Uncommon trap: reason=unstable_if action=reinterpret pc=0x00000288353f8930 method=jdk.internal.util.ArraysSupport.vectorizedHashCode(Ljava/lang/Object;IIII)I @ 2 c2
Event: 0.572 Thread 0x00000288453d38a0 DEOPT PACKING pc=0x00000288353f8930 sp=0x000000bdb5dfc700
Event: 0.572 Thread 0x00000288453d38a0 DEOPT UNPACKING pc=0x0000028834ce46a2 sp=0x000000bdb5dfc6b0 mode 2
Event: 0.582 Thread 0x00000288453d38a0 DEOPT PACKING pc=0x000002882daae696 sp=0x000000bdb5dfd560
Event: 0.582 Thread 0x00000288453d38a0 DEOPT UNPACKING pc=0x0000028834ce4e42 sp=0x000000bdb5dfc9d8 mode 0
Event: 0.584 Thread 0x00000288453d38a0 DEOPT PACKING pc=0x000002882daae696 sp=0x000000bdb5dfd560
Event: 0.584 Thread 0x00000288453d38a0 DEOPT UNPACKING pc=0x0000028834ce4e42 sp=0x000000bdb5dfc9d8 mode 0
Event: 0.584 Thread 0x00000288453d38a0 DEOPT PACKING pc=0x000002882daae696 sp=0x000000bdb5dfd560
Event: 0.584 Thread 0x00000288453d38a0 DEOPT UNPACKING pc=0x0000028834ce4e42 sp=0x000000bdb5dfc9d8 mode 0
Event: 0.623 Thread 0x00000288453d38a0 DEOPT PACKING pc=0x000002882d8d0b67 sp=0x000000bdb5dfa9b0
Event: 0.623 Thread 0x00000288453d38a0 DEOPT UNPACKING pc=0x0000028834ce4e42 sp=0x000000bdb5df9e20 mode 0

Classes loaded (20 events):
Event: 0.616 Loading class java/nio/channels/spi/AbstractSelector$1
Event: 0.616 Loading class java/nio/channels/spi/AbstractSelector$1 done
Event: 0.618 Loading class java/io/StringReader
Event: 0.618 Loading class java/io/StringReader done
Event: 0.625 Loading class java/math/BigDecimal
Event: 0.625 Loading class java/math/BigDecimal done
Event: 0.626 Loading class sun/misc/Unsafe
Event: 0.626 Loading class sun/misc/Unsafe done
Event: 0.626 Loading class java/lang/invoke/DirectMethodHandle$StaticAccessor
Event: 0.627 Loading class java/lang/invoke/DirectMethodHandle$StaticAccessor done
Event: 0.629 Loading class java/util/BitSet
Event: 0.629 Loading class java/util/BitSet done
Event: 0.630 Loading class java/util/concurrent/atomic/AtomicIntegerArray
Event: 0.630 Loading class java/util/concurrent/atomic/AtomicIntegerArray done
Event: 0.630 Loading class java/net/URISyntaxException
Event: 0.630 Loading class java/net/URISyntaxException done
Event: 0.630 Loading class java/util/UUID
Event: 0.630 Loading class java/util/UUID done
Event: 0.630 Loading class java/util/Currency
Event: 0.630 Loading class java/util/Currency done

Classes unloaded (0 events):
No events

Classes redefined (0 events):
No events

Internal exceptions (20 events):
Event: 0.498 Thread 0x00000288453d38a0 Exception <a 'java/lang/NoSuchMethodError'{0x00000007136381f8}: 'int java.lang.invoke.DirectMethodHandle$Holder.invokeStaticInit(java.lang.Object, java.lang.Object)'> (0x00000007136381f8) 
thrown [s\open\src\hotspot\share\interpreter\linkResolver.cpp, line 773]
Event: 0.498 Thread 0x00000288453d38a0 Exception <a 'java/lang/NoSuchMethodError'{0x000000071363d9c8}: 'int java.lang.invoke.DirectMethodHandle$Holder.invokeSpecialIFC(java.lang.Object, java.lang.Object, java.lang.Object)'> (0x000000071363d9c8) 
thrown [s\open\src\hotspot\share\interpreter\linkResolver.cpp, line 773]
Event: 0.508 Thread 0x00000288453d38a0 Exception <a 'java/lang/NoSuchMethodError'{0x00000007136602e8}: 'java.lang.Object java.lang.invoke.DirectMethodHandle$Holder.invokeStaticInit(java.lang.Object, java.lang.Object, java.lang.Object, java.lang.Object, java.lang.Object, java.lang.Object, java.lang.Object)'> (0x00000007136602e8) 
thrown [s\open\src\hotspot\share\interpreter\linkResolver.cpp, line 773]
Event: 0.508 Thread 0x00000288453d38a0 Exception <a 'java/lang/NoSuchMethodError'{0x00000007136691f8}: 'java.lang.Object java.lang.invoke.Invokers$Holder.invoke_MT(java.lang.Object, java.lang.Object, java.lang.Object, java.lang.Object, java.lang.Object, java.lang.Object, java.lang.Object, java.lang.Object, java.lang.Object, java.lang.Object)'> (0x00000007136691f8) 
thrown [s\open\src\hotspot\share\interpreter\linkResolver.cpp, line 773]
Event: 0.509 Thread 0x00000288453d38a0 Exception <a 'java/lang/NoSuchMethodError'{0x00000007136edbd8}: 'void java.lang.invoke.DelegatingMethodHandle$Holder.delegate(java.lang.Object, java.lang.Object, int, java.lang.Object)'> (0x00000007136edbd8) 
thrown [s\open\src\hotspot\share\interpreter\linkResolver.cpp, line 773]
Event: 0.512 Thread 0x00000288453d38a0 Exception <a 'java/lang/NoSuchMethodError'{0x000000071370bd60}: 'int java.lang.invoke.DirectMethodHandle$Holder.invokeVirtual(java.lang.Object, java.lang.Object, java.lang.Object)'> (0x000000071370bd60) 
thrown [s\open\src\hotspot\share\interpreter\linkResolver.cpp, line 773]
Event: 0.512 Thread 0x00000288453d38a0 Exception <a 'java/lang/NoSuchMethodError'{0x000000071370f3b0}: 'int java.lang.invoke.DirectMethodHandle$Holder.invokeVirtual(java.lang.Object, java.lang.Object)'> (0x000000071370f3b0) 
thrown [s\open\src\hotspot\share\interpreter\linkResolver.cpp, line 773]
Event: 0.512 Thread 0x00000288453d38a0 Exception <a 'java/lang/NoSuchMethodError'{0x00000007137135a8}: 'int java.lang.invoke.DirectMethodHandle$Holder.invokeStaticInit(java.lang.Object, int, int)'> (0x00000007137135a8) 
thrown [s\open\src\hotspot\share\interpreter\linkResolver.cpp, line 773]
Event: 0.512 Thread 0x00000288453d38a0 Exception <a 'java/lang/NoSuchMethodError'{0x000000071371a968}: 'int java.lang.invoke.DirectMethodHandle$Holder.invokeStaticInit(java.lang.Object, long, long)'> (0x000000071371a968) 
thrown [s\open\src\hotspot\share\interpreter\linkResolver.cpp, line 773]
Event: 0.512 Thread 0x00000288453d38a0 Exception <a 'java/lang/NoSuchMethodError'{0x0000000713721280}: 'int java.lang.invoke.DirectMethodHandle$Holder.invokeStaticInit(java.lang.Object, float, float)'> (0x0000000713721280) 
thrown [s\open\src\hotspot\share\interpreter\linkResolver.cpp, line 773]
Event: 0.512 Thread 0x00000288453d38a0 Exception <a 'java/lang/NoSuchMethodError'{0x0000000713727b90}: 'int java.lang.invoke.DirectMethodHandle$Holder.invokeStaticInit(java.lang.Object, double, double)'> (0x0000000713727b90) 
thrown [s\open\src\hotspot\share\interpreter\linkResolver.cpp, line 773]
Event: 0.513 Thread 0x00000288453d38a0 Exception <a 'java/lang/NoSuchMethodError'{0x000000071372bf30}: 'int java.lang.invoke.DirectMethodHandle$Holder.invokeStatic(java.lang.Object, long)'> (0x000000071372bf30) 
thrown [s\open\src\hotspot\share\interpreter\linkResolver.cpp, line 773]
Event: 0.515 Thread 0x00000288453d38a0 Exception <a 'java/lang/NoSuchMethodError'{0x0000000713754c38}: 'java.lang.Object java.lang.invoke.DirectMethodHandle$Holder.invokeSpecial(java.lang.Object, java.lang.Object, int, java.lang.Object, java.lang.Object)'> (0x0000000713754c38) 
thrown [s\open\src\hotspot\share\interpreter\linkResolver.cpp, line 773]
Event: 0.515 Thread 0x00000288453d38a0 Exception <a 'java/lang/NoSuchMethodError'{0x00000007137585a8}: 'java.lang.Object java.lang.invoke.DelegatingMethodHandle$Holder.delegate(java.lang.Object, int, java.lang.Object, java.lang.Object)'> (0x00000007137585a8) 
thrown [s\open\src\hotspot\share\interpreter\linkResolver.cpp, line 773]
Event: 0.517 Thread 0x00000288453d38a0 Exception <a 'java/lang/NoSuchMethodError'{0x00000007137675b8}: 'int java.lang.invoke.Invokers$Holder.linkToTargetMethod(java.lang.Object, java.lang.Object, java.lang.Object)'> (0x00000007137675b8) 
thrown [s\open\src\hotspot\share\interpreter\linkResolver.cpp, line 773]
Event: 0.519 Thread 0x00000288453d38a0 Exception <a 'java/lang/NoSuchMethodError'{0x0000000713776090}: 'long java.lang.invoke.DirectMethodHandle$Holder.invokeSpecial(java.lang.Object, java.lang.Object)'> (0x0000000713776090) 
thrown [s\open\src\hotspot\share\interpreter\linkResolver.cpp, line 773]
Event: 0.520 Thread 0x00000288453d38a0 Exception <a 'java/lang/NoSuchMethodError'{0x000000071377c068}: 'int java.lang.invoke.DirectMethodHandle$Holder.invokeStatic(java.lang.Object, java.lang.Object, java.lang.Object, java.lang.Object)'> (0x000000071377c068) 
thrown [s\open\src\hotspot\share\interpreter\linkResolver.cpp, line 773]
Event: 0.520 Thread 0x00000288453d38a0 Exception <a 'java/lang/NoSuchMethodError'{0x000000071377f438}: 'java.lang.Object java.lang.invoke.Invokers$Holder.invokeExact_MT(java.lang.Object, java.lang.Object, java.lang.Object, java.lang.Object, java.lang.Object, java.lang.Object)'> (0x000000071377f438) 
thrown [s\open\src\hotspot\share\interpreter\linkResolver.cpp, line 773]
Event: 0.546 Thread 0x00000288453d38a0 Exception <a 'sun/nio/fs/WindowsException'{0x00000007134996e0}> (0x00000007134996e0) 
thrown [s\open\src\hotspot\share\prims\jni.cpp, line 520]
Event: 0.571 Thread 0x00000288453d38a0 Exception <a 'java/lang/NoSuchMethodError'{0x00000007135fa5a8}: 'void java.lang.invoke.DirectMethodHandle$Holder.invokeVirtual(java.lang.Object, java.lang.Object)'> (0x00000007135fa5a8) 
thrown [s\open\src\hotspot\share\interpreter\linkResolver.cpp, line 773]

ZGC Phase Switch (0 events):
No events

VM Operations (17 events):
Event: 0.060 Executing VM operation: HandshakeAllThreads (Deoptimize)
Event: 0.060 Executing VM operation: HandshakeAllThreads (Deoptimize) done
Event: 0.117 Executing VM operation: HandshakeAllThreads (Deoptimize)
Event: 0.117 Executing VM operation: HandshakeAllThreads (Deoptimize) done
Event: 0.153 Executing VM operation: HandshakeAllThreads (Deoptimize)
Event: 0.153 Executing VM operation: HandshakeAllThreads (Deoptimize) done
Event: 0.508 Executing VM operation: HandshakeAllThreads (Deoptimize)
Event: 0.508 Executing VM operation: HandshakeAllThreads (Deoptimize) done
Event: 0.547 Executing VM operation: ICBufferFull
Event: 0.547 Executing VM operation: ICBufferFull done
Event: 0.550 Executing VM operation: HandshakeAllThreads (Deoptimize)
Event: 0.551 Executing VM operation: HandshakeAllThreads (Deoptimize) done
Event: 0.569 Executing VM operation: HandshakeAllThreads (Deoptimize)
Event: 0.569 Executing VM operation: HandshakeAllThreads (Deoptimize) done
Event: 0.597 Executing VM operation: HandshakeAllThreads (Deoptimize)
Event: 0.597 Executing VM operation: HandshakeAllThreads (Deoptimize) done
Event: 0.633 Executing VM operation: G1CollectForAllocation (G1 Evacuation Pause)

Events (20 events):
Event: 0.034 Thread 0x0000028844fe2860 Thread added: 0x0000028844fe2860
Event: 0.034 Thread 0x0000028844fe6800 Thread added: 0x0000028844fe6800
Event: 0.044 Thread 0x0000028845247720 Thread added: 0x0000028845247720
Event: 0.044 Thread 0x0000028845249de0 Thread added: 0x0000028845249de0
Event: 0.045 Thread 0x000002884527e940 Thread added: 0x000002884527e940
Event: 0.047 Thread 0x0000028845282ea0 Thread added: 0x0000028845282ea0
Event: 0.104 Thread 0x0000028845354a60 Thread added: 0x0000028845354a60
Event: 0.114 Thread 0x00000288453dd440 Thread added: 0x00000288453dd440
Event: 0.115 Thread 0x00000288453d38a0 Thread added: 0x00000288453d38a0
Event: 0.287 Thread 0x0000028845354a60 Thread exited: 0x0000028845354a60
Event: 0.288 Thread 0x0000028845354a60 Thread added: 0x0000028845354a60
Event: 0.290 Thread 0x000002888b14d420 Thread added: 0x000002888b14d420
Event: 0.290 Thread 0x000002882312fa00 Thread exited: 0x000002882312fa00
Event: 0.290 Thread 0x000002882312fa00 Thread added: 0x000002882312fa00
Event: 0.327 Thread 0x000002884531cec0 Thread added: 0x000002884531cec0
Event: 0.484 Thread 0x00000288453d38a0 Thread exited: 0x00000288453d38a0
Event: 0.485 Thread 0x00000288453d38a0 Thread added: 0x00000288453d38a0
Event: 0.485 Thread 0x000002888b14d420 Thread exited: 0x000002888b14d420
Event: 0.563 Thread 0x000002888b776770 Thread added: 0x000002888b776770
Event: 0.616 Thread 0x000002888b7cbe50 Thread added: 0x000002888b7cbe50


Dynamic libraries:
0x00007ff6ef0a0000 - 0x00007ff6ef0b0000 	C:\Program Files\Java\jdk-21\bin\java.exe
0x00007ffaa2130000 - 0x00007ffaa2328000 	C:\Windows\SYSTEM32\ntdll.dll
0x00007ffaa0340000 - 0x00007ffaa0402000 	C:\Windows\System32\KERNEL32.DLL
0x00007ffa9f820000 - 0x00007ffa9fb1e000 	C:\Windows\System32\KERNELBASE.dll
0x00007ffa9fb90000 - 0x00007ffa9fc90000 	C:\Windows\System32\ucrtbase.dll
0x00007ffa9c5d0000 - 0x00007ffa9c5e9000 	C:\Program Files\Java\jdk-21\bin\jli.dll
0x00007ffa86b70000 - 0x00007ffa86b8b000 	C:\Program Files\Java\jdk-21\bin\VCRUNTIME140.dll
0x00007ffaa0db0000 - 0x00007ffaa0e61000 	C:\Windows\System32\ADVAPI32.dll
0x00007ffaa04d0000 - 0x00007ffaa056e000 	C:\Windows\System32\msvcrt.dll
0x00007ffaa0e70000 - 0x00007ffaa0f0f000 	C:\Windows\System32\sechost.dll
0x00007ffaa1030000 - 0x00007ffaa1153000 	C:\Windows\System32\RPCRT4.dll
0x00007ffa9ffd0000 - 0x00007ffa9fff7000 	C:\Windows\System32\bcrypt.dll
0x00007ffaa0c10000 - 0x00007ffaa0dad000 	C:\Windows\System32\USER32.dll
0x00007ffa9ffa0000 - 0x00007ffa9ffc2000 	C:\Windows\System32\win32u.dll
0x00007ffa87e30000 - 0x00007ffa880ca000 	C:\Windows\WinSxS\amd64_microsoft.windows.common-controls_6595b64144ccf1df_6.0.19041.4355_none_60b8b9eb71f62e16\COMCTL32.dll
0x00007ffaa0300000 - 0x00007ffaa032b000 	C:\Windows\System32\GDI32.dll
0x00007ffa9fc90000 - 0x00007ffa9fda7000 	C:\Windows\System32\gdi32full.dll
0x00007ffaa00b0000 - 0x00007ffaa014d000 	C:\Windows\System32\msvcp_win.dll
0x00007ffa93120000 - 0x00007ffa9312a000 	C:\Windows\SYSTEM32\VERSION.dll
0x00007ffaa0180000 - 0x00007ffaa01af000 	C:\Windows\System32\IMM32.DLL
0x00007ffa9c140000 - 0x00007ffa9c14c000 	C:\Program Files\Java\jdk-21\bin\vcruntime140_1.dll
0x00007ffa5cfe0000 - 0x00007ffa5d06e000 	C:\Program Files\Java\jdk-21\bin\msvcp140.dll
0x00007ff9f49f0000 - 0x00007ff9f5705000 	C:\Program Files\Java\jdk-21\bin\server\jvm.dll
0x00007ffaa0570000 - 0x00007ffaa05db000 	C:\Windows\System32\WS2_32.dll
0x00007ffa9f510000 - 0x00007ffa9f55b000 	C:\Windows\SYSTEM32\POWRPROF.dll
0x00007ffa9d4d0000 - 0x00007ffa9d4f7000 	C:\Windows\SYSTEM32\WINMM.dll
0x00007ffa9f320000 - 0x00007ffa9f332000 	C:\Windows\SYSTEM32\UMPDC.dll
0x00007ffa9e020000 - 0x00007ffa9e032000 	C:\Windows\SYSTEM32\kernel.appcore.dll
0x00007ffa9a5f0000 - 0x00007ffa9a5fa000 	C:\Program Files\Java\jdk-21\bin\jimage.dll
0x00007ffa9d2a0000 - 0x00007ffa9d484000 	C:\Windows\SYSTEM32\DBGHELP.DLL
0x00007ffa9d260000 - 0x00007ffa9d294000 	C:\Windows\SYSTEM32\dbgcore.DLL
0x00007ffa9fdb0000 - 0x00007ffa9fe32000 	C:\Windows\System32\bcryptPrimitives.dll
0x00007ffa7bb30000 - 0x00007ffa7bb4f000 	C:\Program Files\Java\jdk-21\bin\java.dll
0x00007ffaa1160000 - 0x00007ffaa18cd000 	C:\Windows\System32\SHELL32.dll
0x00007ffa9d830000 - 0x00007ffa9dfd4000 	C:\Windows\SYSTEM32\windows.storage.dll
0x00007ffaa1b90000 - 0x00007ffaa1ee3000 	C:\Windows\System32\combase.dll
0x00007ffa9f190000 - 0x00007ffa9f1be000 	C:\Windows\SYSTEM32\Wldp.dll
0x00007ffaa1ef0000 - 0x00007ffaa1fbd000 	C:\Windows\System32\OLEAUT32.dll
0x00007ffaa0ae0000 - 0x00007ffaa0b8d000 	C:\Windows\System32\SHCORE.dll
0x00007ffaa01b0000 - 0x00007ffaa0205000 	C:\Windows\System32\shlwapi.dll
0x00007ffa9f700000 - 0x00007ffa9f724000 	C:\Windows\SYSTEM32\profapi.dll
0x00007ffa5bf50000 - 0x00007ffa5c027000 	C:\Program Files\Java\jdk-21\bin\jsvml.dll
0x00007ffa97dd0000 - 0x00007ffa97de0000 	C:\Program Files\Java\jdk-21\bin\net.dll
0x00007ffa99fd0000 - 0x00007ffa9a0dd000 	C:\Windows\SYSTEM32\WINHTTP.dll
0x00007ffa9eef0000 - 0x00007ffa9ef5a000 	C:\Windows\system32\mswsock.dll
0x00007ffa79c50000 - 0x00007ffa79c66000 	C:\Program Files\Java\jdk-21\bin\nio.dll
0x00007ffa779e0000 - 0x00007ffa779f8000 	C:\Program Files\Java\jdk-21\bin\zip.dll
0x00007ffa85ed0000 - 0x00007ffa85ee0000 	C:\Program Files\Java\jdk-21\bin\verify.dll
0x00007ffa9f0e0000 - 0x00007ffa9f0f8000 	C:\Windows\SYSTEM32\CRYPTSP.dll
0x00007ffa9e810000 - 0x00007ffa9e844000 	C:\Windows\system32\rsaenh.dll
0x00007ffa9f6c0000 - 0x00007ffa9f6ee000 	C:\Windows\SYSTEM32\USERENV.dll
0x00007ffa9f100000 - 0x00007ffa9f10c000 	C:\Windows\SYSTEM32\CRYPTBASE.dll
0x00007ffa9ebd0000 - 0x00007ffa9ec0b000 	C:\Windows\SYSTEM32\IPHLPAPI.DLL
0x00007ffaa0150000 - 0x00007ffaa0158000 	C:\Windows\System32\NSI.dll
0x00007ffa74820000 - 0x00007ffa74849000 	C:\Users\David\AppData\Local\Temp\BridJExtractedLibraries6896246530521814002\bridj.dll
0x00007ffa71a00000 - 0x00007ffa71a36000 	C:\Users\David\AppData\Local\Temp\BridJExtractedLibraries6896246530521814002\OpenIMAJGrabber.dll
0x00007ffaa1fc0000 - 0x00007ffaa20eb000 	C:\Windows\System32\ole32.dll
0x00007ffa9cbd0000 - 0x00007ffa9cc6e000 	C:\Windows\system32\uxtheme.dll
0x00007ffaa1ae0000 - 0x00007ffaa1b89000 	C:\Windows\System32\clbcatq.dll
0x00007ffa371f0000 - 0x00007ffa3720d000 	C:\Windows\System32\devenum.dll
0x00007ffa9f7d0000 - 0x00007ffa9f81e000 	C:\Windows\System32\CFGMGR32.dll
0x00007ffaa0670000 - 0x00007ffaa0ade000 	C:\Windows\System32\setupapi.dll
0x00007ffa9ea60000 - 0x00007ffa9ea93000 	C:\Windows\SYSTEM32\ntmarta.dll
0x00007ffa9f560000 - 0x00007ffa9f593000 	C:\Windows\SYSTEM32\DEVOBJ.dll
0x00007ffa9fb20000 - 0x00007ffa9fb89000 	C:\Windows\System32\WINTRUST.dll
0x00007ffa9fe40000 - 0x00007ffa9ff9c000 	C:\Windows\System32\CRYPT32.dll
0x00007ffa9f340000 - 0x00007ffa9f352000 	C:\Windows\SYSTEM32\MSASN1.dll
0x00007ffa911e0000 - 0x00007ffa911eb000 	C:\Windows\SYSTEM32\msdmo.dll
0x00007ffa295a0000 - 0x00007ffa2972f000 	C:\Program Files\Java\jdk-21\bin\awt.dll
0x00007ffa9c1d0000 - 0x00007ffa9c264000 	C:\Windows\SYSTEM32\apphelp.dll
0x00007ff9f28d0000 - 0x00007ff9f3acf000 	C:\Users\David\AppData\Local\Temp\webrtc-java16627100532133396559.dll
0x00007ffa9a930000 - 0x00007ffa9ab93000 	C:\Windows\SYSTEM32\d3d11.dll
0x00007ffa7e8a0000 - 0x00007ffa7e8ac000 	C:\Windows\SYSTEM32\Secur32.dll
0x00007ffa92ea0000 - 0x00007ffa9305c000 	C:\Windows\SYSTEM32\MFPlat.DLL
0x00007ffa9e060000 - 0x00007ffa9e156000 	C:\Windows\SYSTEM32\dxgi.dll
0x00007ffa9f680000 - 0x00007ffa9f6b2000 	C:\Windows\SYSTEM32\SSPICLI.DLL
0x00007ffa93220000 - 0x00007ffa93254000 	C:\Windows\SYSTEM32\RTWorkQ.DLL
0x00007ffa98110000 - 0x00007ffa98195000 	C:\Windows\System32\MMDevApi.dll
0x00007ffa592c0000 - 0x00007ffa59337000 	C:\Windows\System32\mfwmaaec.dll
0x00007ffa981a0000 - 0x00007ffa98321000 	C:\Windows\SYSTEM32\AUDIOSES.DLL
0x00007ffa99590000 - 0x00007ffa9959a000 	C:\Windows\SYSTEM32\Avrt.dll
0x00007ffa85030000 - 0x00007ffa8516f000 	C:\Windows\System32\Windows.UI.dll
0x00007ffa950e0000 - 0x00007ffa951d9000 	C:\Windows\System32\TextInputFramework.dll
0x00007ffa98ff0000 - 0x00007ffa99091000 	C:\Windows\System32\WindowManagementAPI.dll
0x00007ffa84e80000 - 0x00007ffa84fd2000 	C:\Windows\System32\InputHost.dll
0x00007ffa9be90000 - 0x00007ffa9bf82000 	C:\Windows\System32\CoreMessaging.dll
0x00007ffa9b7b0000 - 0x00007ffa9bb0b000 	C:\Windows\System32\CoreUIComponents.dll
0x00007ffa9a7d0000 - 0x00007ffa9a927000 	C:\Windows\SYSTEM32\wintypes.dll
0x00007ffa9a300000 - 0x00007ffa9a503000 	C:\Windows\SYSTEM32\twinapi.appcore.dll
0x00007ffa9ca60000 - 0x00007ffa9cb56000 	C:\Windows\System32\PROPSYS.dll
0x00007ffa852e0000 - 0x00007ffa852ee000 	C:\Program Files\Java\jdk-21\bin\sunmscapi.dll
0x00007ffa9f200000 - 0x00007ffa9f227000 	C:\Windows\SYSTEM32\ncrypt.dll
0x00007ffa9f1c0000 - 0x00007ffa9f1fb000 	C:\Windows\SYSTEM32\NTASN1.dll
0x00007ffa79b80000 - 0x00007ffa79b87000 	C:\Windows\system32\wshunix.dll
0x00007ffa84d30000 - 0x00007ffa84d37000 	C:\Program Files\Java\jdk-21\bin\extnet.dll

dbghelp: loaded successfully - version: 4.0.5 - missing functions: none
symbol engine: initialized successfully - sym options: 0x614 - pdb path: .;C:\Program Files\Java\jdk-21\bin;C:\Windows\SYSTEM32;C:\Windows\WinSxS\amd64_microsoft.windows.common-controls_6595b64144ccf1df_6.0.19041.4355_none_60b8b9eb71f62e16;C:\Program Files\Java\jdk-21\bin\server;C:\Users\David\AppData\Local\Temp\BridJExtractedLibraries6896246530521814002;C:\Users\David\AppData\Local\Temp

VM Arguments:
jvm_args: -XX:+ShowCodeDetailsInExceptionMessages 
java_command: com.davidgonzase.App
java_class_path (initial): C:\Users\David\Desktop\WECAM\WECAMAPP\target\classes;C:\Users\David\.m2\repository\org\jcodec\jcodec\0.2.4\jcodec-0.2.4.jar;C:\Users\David\.m2\repository\dev\onvoid\webrtc\webrtc-java\0.8.0\webrtc-java-0.8.0.jar;C:\Users\David\.m2\repository\dev\onvoid\webrtc\webrtc-java\0.8.0\webrtc-java-0.8.0-windows-x86_64.jar;C:\Users\David\.m2\repository\org\slf4j\slf4j-simple\2.0.9\slf4j-simple-2.0.9.jar;C:\Users\David\.m2\repository\org\slf4j\slf4j-api\2.0.9\slf4j-api-2.0.9.jar;C:\Users\David\.m2\repository\com\github\sarxos\webcam-capture\0.3.12\webcam-capture-0.3.12.jar;C:\Users\David\.m2\repository\com\nativelibs4java\bridj\0.7.0\bridj-0.7.0.jar;C:\Users\David\.m2\repository\com\google\code\gson\gson\2.8.9\gson-2.8.9.jar
Launcher Type: SUN_STANDARD

[Global flags]
     intx CICompilerCount                          = 12                                        {product} {ergonomic}
     uint ConcGCThreads                            = 3                                         {product} {ergonomic}
     uint G1ConcRefinementThreads                  = 13                                        {product} {ergonomic}
   size_t G1HeapRegionSize                         = 2097152                                   {product} {ergonomic}
    uintx GCDrainStackTargetSize                   = 64                                        {product} {ergonomic}
   size_t InitialHeapSize                          = 264241152                                 {product} {ergonomic}
   size_t MarkStackSize                            = 4194304                                   {product} {ergonomic}
   size_t MaxHeapSize                              = 4219469824                                {product} {ergonomic}
   size_t MaxNewSize                               = 2531262464                                {product} {ergonomic}
   size_t MinHeapDeltaBytes                        = 2097152                                   {product} {ergonomic}
   size_t MinHeapSize                              = 8388608                                   {product} {ergonomic}
    uintx NonNMethodCodeHeapSize                   = 7602480                                {pd product} {ergonomic}
    uintx NonProfiledCodeHeapSize                  = 122027880                              {pd product} {ergonomic}
    uintx ProfiledCodeHeapSize                     = 122027880                              {pd product} {ergonomic}
    uintx ReservedCodeCacheSize                    = 251658240                              {pd product} {ergonomic}
     bool SegmentedCodeCache                       = true                                      {product} {ergonomic}
     bool ShowCodeDetailsInExceptionMessages       = true                                   {manageable} {command line}
   size_t SoftMaxHeapSize                          = 4219469824                             {manageable} {ergonomic}
     bool UseCompressedOops                        = true                           {product lp64_product} {ergonomic}
     bool UseG1GC                                  = true                                      {product} {ergonomic}
     bool UseLargePagesIndividualAllocation        = false                                  {pd product} {ergonomic}

Logging:
Log output configuration:
 #0: stdout all=warning uptime,level,tags foldmultilines=false
 #1: stderr all=off uptime,level,tags foldmultilines=false

Environment Variables:
PATH=C:\Users\David\AppData\Local\Programs\Python\Python312\Scripts\;C:\Users\David\AppData\Local\Programs\Python\Python312\;C:\Program Files\Common Files\Oracle\Java\javapath;C:\Windows\system32;C:\Windows;C:\Windows\System32\Wbem;C:\Windows\System32\WindowsPowerShell\v1.0\;C:\Windows\System32\OpenSSH\;C:\Users\David\Downloads\ç\bin;C:\Program Files\Microchip\xc16\v2.10\bin;C:\Program Files\Git\cmd;C:\Program Files\dotnet\;C:\Program Files\Microchip\xc32\v4.35\bin;C:\Program Files\Cloudflare\Cloudflare WARP\;C:\ProgramData\chocolatey\bin;C:\Program Files\nodejs\;C:\Program Files\CMake\bin;C:\Program Files (x86)\Go\bin;C:\Program Files\nodejs;C:\Users\David\AppData\Local\Microsoft\WindowsApps;C:\Users\David\.deno\bin;C:\Users\David\AppData\Local\Programs\Microsoft VS Code\bin;C:\Users\David\AppData\Local\Microsoft\WinGet\Links;C:\Users\David\go\bin
USERNAME=David
LANG=es_ES.UTF-8
OS=Windows_NT
PROCESSOR_IDENTIFIER=Intel64 Family 6 Model 186 Stepping 2, GenuineIntel
TMP=C:\Users\David\AppData\Local\Temp
TEMP=C:\Users\David\AppData\Local\Temp




Periodic native trim disabled

---------------  S Y S T E M  ---------------

OS:
 Windows 10 , 64 bit Build 19041 (10.0.19041.5198)
OS uptime: 3 days 23:44 hours

CPU: total 16 (initial active 16) (8 cores per cpu, 2 threads per core) family 6 model 186 stepping 2 microcode 0x4111, cx8, cmov, fxsr, ht, mmx, 3dnowpref, sse, sse2, sse3, ssse3, sse4.1, sse4.2, popcnt, lzcnt, tsc, tscinvbit, avx, avx2, aes, erms, clmul, bmi1, bmi2, adx, sha, fma, vzeroupper, clflush, clflushopt, clwb, serialize, rdtscp, rdpid, fsrm, f16c, pku, cet_ibt, cet_ss
Processor Information for processor 0
  Max Mhz: 1900, Current Mhz: 1900, Mhz Limit: 1387
Processor Information for processor 1
  Max Mhz: 1900, Current Mhz: 1900, Mhz Limit: 1387
Processor Information for processor 2
  Max Mhz: 1900, Current Mhz: 1900, Mhz Limit: 1900
Processor Information for processor 3
  Max Mhz: 1900, Current Mhz: 1900, Mhz Limit: 1900
Processor Information for processor 4
  Max Mhz: 1900, Current Mhz: 1900, Mhz Limit: 1900
Processor Information for processor 5
  Max Mhz: 1900, Current Mhz: 1900, Mhz Limit: 1900
Processor Information for processor 6
  Max Mhz: 1900, Current Mhz: 1900, Mhz Limit: 1900
Processor Information for processor 7
  Max Mhz: 1900, Current Mhz: 1900, Mhz Limit: 1900
Processor Information for processor 8
  Max Mhz: 1900, Current Mhz: 1400, Mhz Limit: 1387
Processor Information for processor 9
  Max Mhz: 1900, Current Mhz: 1400, Mhz Limit: 1387
Processor Information for processor 10
  Max Mhz: 1900, Current Mhz: 1400, Mhz Limit: 1387
Processor Information for processor 11
  Max Mhz: 1900, Current Mhz: 1400, Mhz Limit: 1387
Processor Information for processor 12
  Max Mhz: 1900, Current Mhz: 1400, Mhz Limit: 1387
Processor Information for processor 13
  Max Mhz: 1900, Current Mhz: 1400, Mhz Limit: 1387
Processor Information for processor 14
  Max Mhz: 1900, Current Mhz: 1400, Mhz Limit: 1387
Processor Information for processor 15
  Max Mhz: 1900, Current Mhz: 1400, Mhz Limit: 1387

Memory: 4k page, system-wide physical 16091M (2948M free)
TotalPageFile size 27664M (AvailPageFile size 4017M)
current process WorkingSet (physical memory assigned to process): 91M, peak: 91M
current process commit charge ("private bytes"): 371M, peak: 371M

vm_info: Java HotSpot(TM) 64-Bit Server VM (21.0.1+12-LTS-29) for windows-amd64 JRE (21.0.1+12-LTS-29), built on 2023-10-05T13:27:09Z by "mach5one" with MS VC++ 17.1 (VS2022)

END.
