#
# A fatal error has been detected by the Java Runtime Environment:
#
#  EXCEPTION_ACCESS_VIOLATION (0xc0000005) at pc=0x00007ffb48193ac9, pid=12832, tid=18120
#
# JRE version: Java(TM) SE Runtime Environment (21.0.5+9) (build 21.0.5+9-LTS-239)
# Java VM: Java HotSpot(TM) 64-Bit Server VM (21.0.5+9-LTS-239, mixed mode, sharing, tiered, compressed oops, compressed class ptrs, g1 gc, windows-amd64)
# Problematic frame:
# V  [jvm.dll+0x363ac9]
#
# No core dump will be written. Minidumps are not enabled by default on client versions of Windows
#
# If you would like to submit a bug report, please visit:
#   https://bugreport.java.com/bugreport/crash.jsp
#

---------------  S U M M A R Y ------------

Command Line: target/wecamapp-1.0-SNAPSHOT.jar

Host: Intel(R) Core(TM) i9-9900KF CPU @ 3.60GHz, 16 cores, 31G,  Windows 10 , 64 bit Build 19041 (10.0.19041.5198)
Time: Wed Jan  1 23:44:09 2025 Hora estándar romance elapsed time: 4.932071 seconds (0d 0h 0m 4s)

---------------  T H R E A D  ---------------

Current thread (0x0000021326b906e0):  WorkerThread "GC Thread#3"    [id=18120, stack(0x0000008cea800000,0x0000008cea900000) (1024K)]

Stack: [0x0000008cea800000,0x0000008cea900000],  sp=0x0000008cea8ff460,  free space=1021k
Native frames: (J=compiled Java code, j=interpreted, Vv=VM code, C=native code)
V  [jvm.dll+0x363ac9]
V  [jvm.dll+0x3644b5]
V  [jvm.dll+0x36418b]
V  [jvm.dll+0x36c704]
V  [jvm.dll+0x36c87b]
V  [jvm.dll+0x8827e7]
V  [jvm.dll+0x7fee9b]
V  [jvm.dll+0x6c896d]
C  [ucrtbase.dll+0x21bb2]
C  [KERNEL32.DLL+0x17374]
C  [ntdll.dll+0x4cc91]


siginfo: EXCEPTION_ACCESS_VIOLATION (0xc0000005), reading address 0x000000000000bb08


Registers:
RAX=0x0000000000000000, RBX=0x0000021326d9ef58, RCX=0x0000000000000016, RDX=0x0000000000000000
RSP=0x0000008cea8ff460, RBP=0x0000000000000003, RSI=0x0000021326cac9a8, RDI=0x000000000000bb08
R8 =0x0000000000000000, R9 =0x00000212bb12abd0, R10=0x00007ffbc77c0000, R11=0x00007ffbc77c15d5
R12=0x0000021326d9ef50, R13=0x0000008ce8afef18, R14=0x0000021326cac8c0, R15=0x0000000000000030
RIP=0x00007ffb48193ac9, EFLAGS=0x0000000000010246


Register to memory mapping:

RAX=0x0 is null
RBX=0x0000021326d9ef58 points into unknown readable memory: 0x00007ffb488092e8 | e8 92 80 48 fb 7f 00 00
RCX=0x0000000000000016 is an unknown value
RDX=0x0 is null
RSP=0x0000008cea8ff460 points into unknown readable memory: 0x0000000002ef0000 | 00 00 ef 02 00 00 00 00
RBP=0x0000000000000003 is an unknown value
RSI=0x0000021326cac9a8 points into unknown readable memory: 0x000000000000bb08 | 08 bb 00 00 00 00 00 00
RDI=0x000000000000bb08 is an unknown value
R8 =0x0 is null
R9 =0x00000212bb12abd0 points into unknown readable memory: 0x00007ffb488001b0 | b0 01 80 48 fb 7f 00 00
R10=0x00007ffbc77c0000 VCRUNTIME140.dll
R11=0x00007ffbc77c15d5 VCRUNTIME140.dll
R12=0x0000021326d9ef50 points into unknown readable memory: 0x00007ffb48809330 | 30 93 80 48 fb 7f 00 00
R13=0x0000008ce8afef18 points into unknown readable memory: 0x00000212bb132840 | 40 28 13 bb 12 02 00 00
R14=0x0000021326cac8c0 points into unknown readable memory: 0x0000000620007dc8 | c8 7d 00 20 06 00 00 00
R15=0x0000000000000030 is an unknown value

Top of Stack: (sp=0x0000008cea8ff460)
0x0000008cea8ff460:   0000000002ef0000 0000000420470001
0x0000008cea8ff470:   0000000000000000 0000000000000070
0x0000008cea8ff480:   0000000000000004 00007ffb481944b5
0x0000008cea8ff490:   0000021326d9ef58 000003ffc0000000
0x0000008cea8ff4a0:   0000021326c0a1f0 00007ffb48804950
0x0000008cea8ff4b0:   0000000000000000 0000008cea8ff530
0x0000008cea8ff4c0:   0000000000000006 0000021326b8fc30
0x0000008cea8ff4d0:   0000008ce8afee10 000000042047475e
0x0000008cea8ff4e0:   00007ffb48804860 0000000002efc0b4
0x0000008cea8ff4f0:   0000000420475156 00007ffb0000000b
0x0000008cea8ff500:   0000021326b8fc30 0000000000000006
0x0000008cea8ff510:   0000000000000000 0000000000000000
0x0000008cea8ff520:   00000001d8000000 0000000000000000
0x0000008cea8ff530:   00007ffb48804860 0000000002efbf00
0x0000008cea8ff540:   0000000000000003 0000000000000004
0x0000008cea8ff550:   0000000000000000 000021ecd36bc3de
0x0000008cea8ff560:   0000000000000000 00000213252025c0
0x0000008cea8ff570:   0000021326b8fc30 00000000000003d8
0x0000008cea8ff580:   00000213252029a8 0000021326d9ef50
0x0000008cea8ff590:   0000008ce8afee10 0000000000000006
0x0000008cea8ff5a0:   0000021326d9d4c0 00007ffb4819418b
0x0000008cea8ff5b0:   0000021326d9d4c0 0000000000000006
0x0000008cea8ff5c0:   0000008ce8afee10 0000000000000006
0x0000008cea8ff5d0:   0000000000000006 0000000000000008
0x0000008cea8ff5e0:   0000000000000005 00007ffb47ee0000
0x0000008cea8ff5f0:   0000000000000000 00007ffb484ec561
0x0000008cea8ff600:   0000000000000008 00000000000001e8
0x0000008cea8ff610:   0000000000000001 00007ffb47eecb4e
0x0000008cea8ff620:   0000000000000005 00007ffb47eef796
0x0000008cea8ff630:   0000000000000000 0000000000000008
0x0000008cea8ff640:   00007ffb48804870 0000000002efbf50
0x0000008cea8ff650:   0000000420455ce0 0000000000000003 

Instructions: (pc=0x00007ffb48193ac9)
0x00007ffb481939c9:   e2 4c 03 15 8f 75 85 00 4d 8b c2 49 8b 81 a0 05
0x00007ffb481939d9:   00 00 41 8b 89 b0 05 00 00 49 d3 e8 42 0f b7 14
0x00007ffb481939e9:   40 0f b7 c2 66 c1 e8 08 84 c0 78 3a 4d 8b 02 41
0x00007ffb481939f9:   0f b6 c0 24 03 3c 03 75 06 49 83 e0 fc eb 12 48
0x00007ffb48193a09:   8b 4b 10 4d 8b c8 4d 8b c2 e8 c9 1b ff ff 4c 8b
0x00007ffb48193a19:   c0 4c 2b 05 3f 75 85 00 8b 0d 41 75 85 00 49 d3
0x00007ffb48193a29:   e8 44 89 07 eb 37 3c fd 75 33 41 8b 89 18 02 00
0x00007ffb48193a39:   00 49 8b 81 10 02 00 00 48 d3 e0 8b 0d f6 04 8c
0x00007ffb48193a49:   00 4c 2b d0 49 8b 81 90 05 00 00 49 d3 ea 41 8b
0x00007ffb48193a59:   ca 80 7c 48 01 fd 75 05 c6 44 48 01 ff 48 8b 4b
0x00007ffb48193a69:   10 e8 e1 f4 fe ff 48 8b 5c 24 30 48 83 c4 20 5f
0x00007ffb48193a79:   c3 cc cc cc cc cc cc 48 89 5c 24 08 48 89 74 24
0x00007ffb48193a89:   10 57 48 83 ec 20 48 8b 3a 48 8b f2 48 8b d9 48
0x00007ffb48193a99:   85 ff 0f 84 b7 00 00 00 4c 8b 49 08 4c 8b c7 49
0x00007ffb48193aa9:   8b 81 a0 05 00 00 41 8b 89 b0 05 00 00 49 d3 e8
0x00007ffb48193ab9:   42 0f b7 14 40 0f b7 c2 66 c1 e8 08 84 c0 78 2c
0x00007ffb48193ac9:   48 8b 0f 0f b6 c1 24 03 3c 03 75 09 48 83 e1 fc
0x00007ffb48193ad9:   48 89 0e eb 71 4c 8b c9 4c 8b c7 48 8b 4b 10 e8
0x00007ffb48193ae9:   f3 1a ff ff 48 8b c8 48 89 06 eb 5a 3c fd 75 37
0x00007ffb48193af9:   41 8b 89 18 02 00 00 48 8b d7 49 8b 81 10 02 00
0x00007ffb48193b09:   00 48 d3 e0 8b 0d 2d 04 8c 00 48 2b d0 49 8b 81
0x00007ffb48193b19:   90 05 00 00 48 d3 ea 8b ca 80 7c 48 01 fd 75 17
0x00007ffb48193b29:   c6 44 48 01 ff eb 10 3c fc 75 0c 48 8b 4b 10 48
0x00007ffb48193b39:   8b d6 e8 90 f3 ff ff 8b 53 18 4c 8b c7 48 8b 4b
0x00007ffb48193b49:   28 e8 b1 3e fb ff 48 8b 4b 10 e8 f8 f3 fe ff 48
0x00007ffb48193b59:   8b 5c 24 30 48 8b 74 24 38 48 83 c4 20 5f c3 cc
0x00007ffb48193b69:   cc cc cc cc cc cc cc 48 89 5c 24 10 56 48 83 ec
0x00007ffb48193b79:   20 8b 02 48 8b f2 48 8b d9 85 c0 0f 84 e0 00 00
0x00007ffb48193b89:   00 8b 0d d8 73 85 00 4c 8b 43 08 48 89 7c 24 30
0x00007ffb48193b99:   8b f8 48 d3 e7 48 03 3d bb 73 85 00 49 8b 80 a0
0x00007ffb48193ba9:   05 00 00 48 8b d7 41 8b 88 b0 05 00 00 48 d3 ea
0x00007ffb48193bb9:   0f b7 14 50 0f b7 c2 66 c1 e8 08 84 c0 78 3a 4c 


Stack slot to memory mapping:

stack at sp + 0 slots: 0x0000000002ef0000 is an unknown value
stack at sp + 1 slots: 0x0000000420470001 is an unknown value
stack at sp + 2 slots: 0x0 is null
stack at sp + 3 slots: 0x0000000000000070 is an unknown value
stack at sp + 4 slots: 0x0000000000000004 is an unknown value
stack at sp + 5 slots: 0x00007ffb481944b5 jvm.dll
stack at sp + 6 slots: 0x0000021326d9ef58 points into unknown readable memory: 0x00007ffb488092e8 | e8 92 80 48 fb 7f 00 00
stack at sp + 7 slots: 0x000003ffc0000000 is an unknown value


---------------  P R O C E S S  ---------------

Threads class SMR info:
_java_thread_list=0x0000021326b4f270, length=23, elements={
0x0000021325006e80, 0x0000021325007b90, 0x0000021325009750, 0x000002132500b1b0,
0x000002132500bc00, 0x000002132500c650, 0x000002132500d3d0, 0x00000213250101d0,
0x000002132520a300, 0x000002132520c140, 0x0000021325402b40, 0x0000021325406a60,
0x000002132540a3a0, 0x0000021325433340, 0x0000021325451a10, 0x00000213254933e0,
0x00000212bb11d970, 0x0000021326b72b80, 0x0000021325bde270, 0x0000021326b85e80,
0x0000021326b86ba0, 0x0000021326b83720, 0x0000021326b84440
}

Java Threads: ( => current thread )
  0x0000021325006e80 JavaThread "Reference Handler"          daemon [_thread_blocked, id=28760, stack(0x0000008ce8b00000,0x0000008ce8c00000) (1024K)]
  0x0000021325007b90 JavaThread "Finalizer"                  daemon [_thread_blocked, id=8268, stack(0x0000008ce8c00000,0x0000008ce8d00000) (1024K)]
  0x0000021325009750 JavaThread "Signal Dispatcher"          daemon [_thread_blocked, id=28464, stack(0x0000008ce8d00000,0x0000008ce8e00000) (1024K)]
  0x000002132500b1b0 JavaThread "Attach Listener"            daemon [_thread_blocked, id=25100, stack(0x0000008ce8e00000,0x0000008ce8f00000) (1024K)]
  0x000002132500bc00 JavaThread "Service Thread"             daemon [_thread_blocked, id=15816, stack(0x0000008ce8f00000,0x0000008ce9000000) (1024K)]
  0x000002132500c650 JavaThread "Monitor Deflation Thread"   daemon [_thread_blocked, id=29352, stack(0x0000008ce9000000,0x0000008ce9100000) (1024K)]
  0x000002132500d3d0 JavaThread "C2 CompilerThread0"         daemon [_thread_blocked, id=18908, stack(0x0000008ce9100000,0x0000008ce9200000) (1024K)]
  0x00000213250101d0 JavaThread "C1 CompilerThread0"         daemon [_thread_blocked, id=29588, stack(0x0000008ce9200000,0x0000008ce9300000) (1024K)]
  0x000002132520a300 JavaThread "Notification Thread"        daemon [_thread_blocked, id=1904, stack(0x0000008ce9600000,0x0000008ce9700000) (1024K)]
  0x000002132520c140 JavaThread "Common-Cleaner"             daemon [_thread_blocked, id=3332, stack(0x0000008ce9700000,0x0000008ce9800000) (1024K)]
  0x0000021325402b40 JavaThread "Java2D Disposer"            daemon [_thread_blocked, id=21768, stack(0x0000008ce9800000,0x0000008ce9900000) (1024K)]
  0x0000021325406a60 JavaThread "AWT-Shutdown"                      [_thread_blocked, id=1688, stack(0x0000008ce9900000,0x0000008ce9a00000) (1024K)]
  0x000002132540a3a0 JavaThread "AWT-Windows"                daemon [_thread_blocked, id=21984, stack(0x0000008ce9a00000,0x0000008ce9b00000) (1024K)]
  0x0000021325433340 JavaThread "EventQueueMonitor-ComponentEvtDispatch" daemon [_thread_blocked, id=25264, stack(0x0000008ce9b00000,0x0000008ce9c00000) (1024K)]
  0x0000021325451a10 JavaThread "Thread-1"                   daemon [_thread_in_native, id=12744, stack(0x0000008ce9c00000,0x0000008ce9d00000) (1024K)]
  0x00000213254933e0 JavaThread "AWT-EventQueue-0"                  [_thread_blocked, id=19480, stack(0x0000008ce9d00000,0x0000008ce9e00000) (1024K)]
  0x00000212bb11d970 JavaThread "DestroyJavaVM"                     [_thread_blocked, id=29084, stack(0x0000008ce8300000,0x0000008ce8400000) (1024K)]
  0x0000021326b72b80 JavaThread "HttpClient-1-SelectorManager" daemon [_thread_in_native, id=11452, stack(0x0000008cea100000,0x0000008cea200000) (1024K)]
  0x0000021325bde270 JavaThread "HttpClient-1-Worker-0"      daemon [_thread_blocked, id=9680, stack(0x0000008cea300000,0x0000008cea400000) (1024K)]
  0x0000021326b85e80 JavaThread "HttpClient-1-Worker-1"      daemon [_thread_blocked, id=22828, stack(0x0000008cea400000,0x0000008cea500000) (1024K)]
  0x0000021326b86ba0 JavaThread "HttpClient-1-Worker-2"      daemon [_thread_blocked, id=10996, stack(0x0000008cea500000,0x0000008cea600000) (1024K)]
  0x0000021326b83720 JavaThread "TimerQueue"                 daemon [_thread_blocked, id=12324, stack(0x0000008ce9400000,0x0000008ce9500000) (1024K)]
  0x0000021326b84440 JavaThread "Thread-3"                          [_thread_blocked, id=1680, stack(0x0000008cebc00000,0x0000008cebd00000) (1024K)]
Total: 23

Other Threads:
  0x00000212df7187d0 VMThread "VM Thread"                           [id=7956, stack(0x0000008ce8a00000,0x0000008ce8b00000) (1024K)]
  0x00000212df7062a0 WatcherThread "VM Periodic Task Thread"        [id=5960, stack(0x0000008ce8900000,0x0000008ce8a00000) (1024K)]
  0x00000212bb1c2540 WorkerThread "GC Thread#0"                     [id=9796, stack(0x0000008ce8400000,0x0000008ce8500000) (1024K)]
  0x0000021326b8ffa0 WorkerThread "GC Thread#1"                     [id=12740, stack(0x0000008cea600000,0x0000008cea700000) (1024K)]
  0x0000021326b90340 WorkerThread "GC Thread#2"                     [id=19032, stack(0x0000008cea700000,0x0000008cea800000) (1024K)]
=>0x0000021326b906e0 WorkerThread "GC Thread#3"                     [id=18120, stack(0x0000008cea800000,0x0000008cea900000) (1024K)]
  0x0000021326b952b0 WorkerThread "GC Thread#4"                     [id=18132, stack(0x0000008cea900000,0x0000008ceaa00000) (1024K)]
  0x0000021326b95650 WorkerThread "GC Thread#5"                     [id=4144, stack(0x0000008ceaa00000,0x0000008ceab00000) (1024K)]
  0x0000021326b96200 WorkerThread "GC Thread#6"                     [id=2916, stack(0x0000008ceab00000,0x0000008ceac00000) (1024K)]
  0x0000021326b96f80 WorkerThread "GC Thread#7"                     [id=10168, stack(0x0000008ceac00000,0x0000008cead00000) (1024K)]
  0x0000021326b99f30 WorkerThread "GC Thread#8"                     [id=3220, stack(0x0000008cead00000,0x0000008ceae00000) (1024K)]
  0x0000021326b9b4f0 WorkerThread "GC Thread#9"                     [id=14780, stack(0x0000008ceae00000,0x0000008ceaf00000) (1024K)]
  0x0000021326b9b150 WorkerThread "GC Thread#10"                    [id=10140, stack(0x0000008ceaf00000,0x0000008ceb000000) (1024K)]
  0x0000021326b9aa10 WorkerThread "GC Thread#11"                    [id=11748, stack(0x0000008ceb000000,0x0000008ceb100000) (1024K)]
  0x00000212bb1d33b0 ConcurrentGCThread "G1 Main Marker"            [id=29276, stack(0x0000008ce8500000,0x0000008ce8600000) (1024K)]
  0x00000212bb1d3f60 WorkerThread "G1 Conc#0"                       [id=27912, stack(0x0000008ce8600000,0x0000008ce8700000) (1024K)]
  0x00000212df5c70b0 ConcurrentGCThread "G1 Refine#0"               [id=8732, stack(0x0000008ce8700000,0x0000008ce8800000) (1024K)]
  0x00000212df5c8b30 ConcurrentGCThread "G1 Service"                [id=28332, stack(0x0000008ce8800000,0x0000008ce8900000) (1024K)]
Total: 18

Threads with active compile tasks:
Total: 0

VM state: at safepoint (normal execution)

VM Mutex/Monitor currently owned by a thread:  ([mutex/lock_event])
[0x00007ffb48a6be98] Threads_lock - owner thread: 0x00000212df7187d0
[0x00007ffb48a6bf98] Heap_lock - owner thread: 0x0000021326b84440

Heap address: 0x0000000600c00000, size: 8180 MB, Compressed Oops mode: Zero based, Oop shift amount: 3

CDS archive(s) mapped at: [0x00000212e0000000-0x00000212e0c90000-0x00000212e0c90000), size 13172736, SharedBaseAddress: 0x00000212e0000000, ArchiveRelocationMode: 1.
Compressed class space mapped at: 0x00000212e1000000-0x0000021321000000, reserved size: 1073741824
Narrow klass base: 0x00000212e0000000, Narrow klass shift: 0, Narrow klass range: 0x100000000

GC Precious Log:
 CardTable entry size: 512
 Card Set container configuration: InlinePtr #cards 4 size 8 Array Of Cards #cards 32 size 80 Howl #buckets 8 coarsen threshold 7372 Howl Bitmap #cards 1024 size 144 coarsen threshold 921 Card regions per heap region 1 cards per card region 8192
 CPUs: 16 total, 16 available
 Memory: 32709M
 Large Page Support: Disabled
 NUMA Support: Disabled
 Compressed Oops: Enabled (Zero based)
 Heap Region Size: 4M
 Heap Min Capacity: 8M
 Heap Initial Capacity: 512M
 Heap Max Capacity: 8180M
 Pre-touch: Disabled
 Parallel Workers: 13
 Concurrent Workers: 3
 Concurrent Refinement Workers: 13
 Periodic GC: Disabled

Heap:
 garbage-first heap   total 524288K, used 239656K [0x0000000600c00000, 0x0000000800000000)
  region size 4096K, 3 young (12288K), 1 survivors (4096K)
 Metaspace       used 16380K, committed 16768K, reserved 1114112K
  class space    used 1807K, committed 1984K, reserved 1048576K

Heap Regions: E=young(eden), S=young(survivor), O=old, HS=humongous(starts), HC=humongous(continues), CS=collection set, F=free, TAMS=top-at-mark-start, PB=parsable bottom
|   0|0x0000000600c00000, 0x0000000601000000, 0x0000000601000000|100%| O|  |TAMS 0x0000000601000000| PB 0x0000000600c00000| Untracked 
|   1|0x0000000601000000, 0x0000000601400000, 0x0000000601400000|100%| O|  |TAMS 0x0000000601400000| PB 0x0000000601000000| Untracked 
|   2|0x0000000601400000, 0x00000006016e4668, 0x0000000601800000| 72%| O|  |TAMS 0x000000060148aa00| PB 0x0000000601400000| Untracked 
|   3|0x0000000601800000, 0x0000000601c00000, 0x0000000601c00000|100%|HS|  |TAMS 0x0000000601c00000| PB 0x0000000601800000| Complete 
|   4|0x0000000601c00000, 0x0000000602000000, 0x0000000602000000|100%|HS|  |TAMS 0x0000000602000000| PB 0x0000000601c00000| Complete 
|   5|0x0000000602000000, 0x0000000602400000, 0x0000000602400000|100%|HS|  |TAMS 0x0000000602400000| PB 0x0000000602000000| Complete 
|   6|0x0000000602400000, 0x0000000602800000, 0x0000000602800000|100%|HS|  |TAMS 0x0000000602800000| PB 0x0000000602400000| Complete 
|   7|0x0000000602800000, 0x0000000602c00000, 0x0000000602c00000|100%|HS|  |TAMS 0x0000000602c00000| PB 0x0000000602800000| Complete 
|   8|0x0000000602c00000, 0x0000000603000000, 0x0000000603000000|100%|HS|  |TAMS 0x0000000603000000| PB 0x0000000602c00000| Complete 
|   9|0x0000000603000000, 0x0000000603400000, 0x0000000603400000|100%|HS|  |TAMS 0x0000000603400000| PB 0x0000000603000000| Complete 
|  10|0x0000000603400000, 0x0000000603800000, 0x0000000603800000|100%|HS|  |TAMS 0x0000000603800000| PB 0x0000000603400000| Complete 
|  11|0x0000000603800000, 0x0000000603c00000, 0x0000000603c00000|100%|HS|  |TAMS 0x0000000603c00000| PB 0x0000000603800000| Complete 
|  12|0x0000000603c00000, 0x0000000604000000, 0x0000000604000000|100%|HS|  |TAMS 0x0000000604000000| PB 0x0000000603c00000| Complete 
|  13|0x0000000604000000, 0x0000000604400000, 0x0000000604400000|100%|HS|  |TAMS 0x0000000604400000| PB 0x0000000604000000| Complete 
|  14|0x0000000604400000, 0x0000000604800000, 0x0000000604800000|100%|HS|  |TAMS 0x0000000604800000| PB 0x0000000604400000| Complete 
|  15|0x0000000604800000, 0x0000000604c00000, 0x0000000604c00000|100%|HS|  |TAMS 0x0000000604c00000| PB 0x0000000604800000| Complete 
|  16|0x0000000604c00000, 0x0000000605000000, 0x0000000605000000|100%|HS|  |TAMS 0x0000000605000000| PB 0x0000000604c00000| Complete 
|  17|0x0000000605000000, 0x0000000605400000, 0x0000000605400000|100%|HS|  |TAMS 0x0000000605400000| PB 0x0000000605000000| Complete 
|  18|0x0000000605400000, 0x0000000605800000, 0x0000000605800000|100%|HS|  |TAMS 0x0000000605800000| PB 0x0000000605400000| Complete 
|  19|0x0000000605800000, 0x0000000605c00000, 0x0000000605c00000|100%|HS|  |TAMS 0x0000000605c00000| PB 0x0000000605800000| Complete 
|  20|0x0000000605c00000, 0x0000000606000000, 0x0000000606000000|100%|HS|  |TAMS 0x0000000606000000| PB 0x0000000605c00000| Complete 
|  21|0x0000000606000000, 0x0000000606400000, 0x0000000606400000|100%|HS|  |TAMS 0x0000000606400000| PB 0x0000000606000000| Complete 
|  22|0x0000000606400000, 0x0000000606800000, 0x0000000606800000|100%|HS|  |TAMS 0x0000000606800000| PB 0x0000000606400000| Complete 
|  23|0x0000000606800000, 0x0000000606c00000, 0x0000000606c00000|100%|HS|  |TAMS 0x0000000606c00000| PB 0x0000000606800000| Complete 
|  24|0x0000000606c00000, 0x0000000607000000, 0x0000000607000000|100%|HS|  |TAMS 0x0000000607000000| PB 0x0000000606c00000| Complete 
|  25|0x0000000607000000, 0x0000000607400000, 0x0000000607400000|100%|HS|  |TAMS 0x0000000607400000| PB 0x0000000607000000| Complete 
|  26|0x0000000607400000, 0x0000000607800000, 0x0000000607800000|100%|HS|  |TAMS 0x0000000607800000| PB 0x0000000607400000| Complete 
|  27|0x0000000607800000, 0x0000000607c00000, 0x0000000607c00000|100%|HS|  |TAMS 0x0000000607c00000| PB 0x0000000607800000| Complete 
|  28|0x0000000607c00000, 0x0000000608000000, 0x0000000608000000|100%|HS|  |TAMS 0x0000000608000000| PB 0x0000000607c00000| Complete 
|  29|0x0000000608000000, 0x0000000608400000, 0x0000000608400000|100%|HS|  |TAMS 0x0000000608400000| PB 0x0000000608000000| Complete 
|  30|0x0000000608400000, 0x0000000608800000, 0x0000000608800000|100%|HS|  |TAMS 0x0000000608800000| PB 0x0000000608400000| Complete 
|  31|0x0000000608800000, 0x0000000608c00000, 0x0000000608c00000|100%|HS|  |TAMS 0x0000000608c00000| PB 0x0000000608800000| Complete 
|  32|0x0000000608c00000, 0x0000000609000000, 0x0000000609000000|100%|HS|  |TAMS 0x0000000609000000| PB 0x0000000608c00000| Complete 
|  33|0x0000000609000000, 0x0000000609400000, 0x0000000609400000|100%|HS|  |TAMS 0x0000000609400000| PB 0x0000000609000000| Complete 
|  34|0x0000000609400000, 0x0000000609800000, 0x0000000609800000|100%|HS|  |TAMS 0x0000000609800000| PB 0x0000000609400000| Complete 
|  35|0x0000000609800000, 0x0000000609c00000, 0x0000000609c00000|100%|HS|  |TAMS 0x0000000609c00000| PB 0x0000000609800000| Complete 
|  36|0x0000000609c00000, 0x000000060a000000, 0x000000060a000000|100%|HS|  |TAMS 0x000000060a000000| PB 0x0000000609c00000| Complete 
|  37|0x000000060a000000, 0x000000060a400000, 0x000000060a400000|100%|HS|  |TAMS 0x000000060a400000| PB 0x000000060a000000| Complete 
|  38|0x000000060a400000, 0x000000060a800000, 0x000000060a800000|100%|HS|  |TAMS 0x000000060a800000| PB 0x000000060a400000| Complete 
|  39|0x000000060a800000, 0x000000060ac00000, 0x000000060ac00000|100%|HS|  |TAMS 0x000000060ac00000| PB 0x000000060a800000| Complete 
|  40|0x000000060ac00000, 0x000000060b000000, 0x000000060b000000|100%|HS|  |TAMS 0x000000060b000000| PB 0x000000060ac00000| Complete 
|  41|0x000000060b000000, 0x000000060b400000, 0x000000060b400000|100%|HS|  |TAMS 0x000000060b400000| PB 0x000000060b000000| Complete 
|  42|0x000000060b400000, 0x000000060b800000, 0x000000060b800000|100%|HS|  |TAMS 0x000000060b800000| PB 0x000000060b400000| Complete 
|  43|0x000000060b800000, 0x000000060bc00000, 0x000000060bc00000|100%|HS|  |TAMS 0x000000060bc00000| PB 0x000000060b800000| Complete 
|  44|0x000000060bc00000, 0x000000060c000000, 0x000000060c000000|100%|HS|  |TAMS 0x000000060c000000| PB 0x000000060bc00000| Complete 
|  45|0x000000060c000000, 0x000000060c400000, 0x000000060c400000|100%|HS|  |TAMS 0x000000060c400000| PB 0x000000060c000000| Complete 
|  46|0x000000060c400000, 0x000000060c800000, 0x000000060c800000|100%|HS|  |TAMS 0x000000060c800000| PB 0x000000060c400000| Complete 
|  47|0x000000060c800000, 0x000000060cc00000, 0x000000060cc00000|100%|HS|  |TAMS 0x000000060cc00000| PB 0x000000060c800000| Complete 
|  48|0x000000060cc00000, 0x000000060d000000, 0x000000060d000000|100%|HS|  |TAMS 0x000000060d000000| PB 0x000000060cc00000| Complete 
|  49|0x000000060d000000, 0x000000060d400000, 0x000000060d400000|100%|HS|  |TAMS 0x000000060d400000| PB 0x000000060d000000| Complete 
|  50|0x000000060d400000, 0x000000060d800000, 0x000000060d800000|100%|HS|  |TAMS 0x000000060d800000| PB 0x000000060d400000| Complete 
|  51|0x000000060d800000, 0x000000060dc00000, 0x000000060dc00000|100%|HS|  |TAMS 0x000000060dc00000| PB 0x000000060d800000| Complete 
|  52|0x000000060dc00000, 0x000000060e000000, 0x000000060e000000|100%|HS|  |TAMS 0x000000060e000000| PB 0x000000060dc00000| Complete 
|  53|0x000000060e000000, 0x000000060e400000, 0x000000060e400000|100%|HS|  |TAMS 0x000000060e400000| PB 0x000000060e000000| Complete 
|  54|0x000000060e400000, 0x000000060e800000, 0x000000060e800000|100%|HS|  |TAMS 0x000000060e800000| PB 0x000000060e400000| Complete 
|  55|0x000000060e800000, 0x000000060ec00000, 0x000000060ec00000|100%|HS|  |TAMS 0x000000060ec00000| PB 0x000000060e800000| Complete 
|  56|0x000000060ec00000, 0x000000060f000000, 0x000000060f000000|100%|HS|  |TAMS 0x000000060f000000| PB 0x000000060ec00000| Complete 
|  57|0x000000060f000000, 0x000000060f000000, 0x000000060f400000|  0%| F|  |TAMS 0x000000060f000000| PB 0x000000060f000000| Untracked 
|  58|0x000000060f400000, 0x000000060f400000, 0x000000060f800000|  0%| F|  |TAMS 0x000000060f400000| PB 0x000000060f400000| Untracked 
|  59|0x000000060f800000, 0x000000060f800000, 0x000000060fc00000|  0%| F|  |TAMS 0x000000060f800000| PB 0x000000060f800000| Untracked 
|  60|0x000000060fc00000, 0x000000060fc00000, 0x0000000610000000|  0%| F|  |TAMS 0x000000060fc00000| PB 0x000000060fc00000| Untracked 
|  61|0x0000000610000000, 0x0000000610000000, 0x0000000610400000|  0%| F|  |TAMS 0x0000000610000000| PB 0x0000000610000000| Untracked 
|  62|0x0000000610400000, 0x0000000610400000, 0x0000000610800000|  0%| F|  |TAMS 0x0000000610400000| PB 0x0000000610400000| Untracked 
|  63|0x0000000610800000, 0x0000000610800000, 0x0000000610c00000|  0%| F|  |TAMS 0x0000000610800000| PB 0x0000000610800000| Untracked 
|  64|0x0000000610c00000, 0x0000000610c00000, 0x0000000611000000|  0%| F|  |TAMS 0x0000000610c00000| PB 0x0000000610c00000| Untracked 
|  65|0x0000000611000000, 0x0000000611000000, 0x0000000611400000|  0%| F|  |TAMS 0x0000000611000000| PB 0x0000000611000000| Untracked 
|  66|0x0000000611400000, 0x0000000611400000, 0x0000000611800000|  0%| F|  |TAMS 0x0000000611400000| PB 0x0000000611400000| Untracked 
|  67|0x0000000611800000, 0x0000000611800000, 0x0000000611c00000|  0%| F|  |TAMS 0x0000000611800000| PB 0x0000000611800000| Untracked 
|  68|0x0000000611c00000, 0x0000000611c00000, 0x0000000612000000|  0%| F|  |TAMS 0x0000000611c00000| PB 0x0000000611c00000| Untracked 
|  69|0x0000000612000000, 0x0000000612000000, 0x0000000612400000|  0%| F|  |TAMS 0x0000000612000000| PB 0x0000000612000000| Untracked 
|  70|0x0000000612400000, 0x0000000612400000, 0x0000000612800000|  0%| F|  |TAMS 0x0000000612400000| PB 0x0000000612400000| Untracked 
|  71|0x0000000612800000, 0x0000000612800000, 0x0000000612c00000|  0%| F|  |TAMS 0x0000000612800000| PB 0x0000000612800000| Untracked 
|  72|0x0000000612c00000, 0x0000000612c00000, 0x0000000613000000|  0%| F|  |TAMS 0x0000000612c00000| PB 0x0000000612c00000| Untracked 
|  73|0x0000000613000000, 0x0000000613000000, 0x0000000613400000|  0%| F|  |TAMS 0x0000000613000000| PB 0x0000000613000000| Untracked 
|  74|0x0000000613400000, 0x0000000613400000, 0x0000000613800000|  0%| F|  |TAMS 0x0000000613400000| PB 0x0000000613400000| Untracked 
|  75|0x0000000613800000, 0x0000000613800000, 0x0000000613c00000|  0%| F|  |TAMS 0x0000000613800000| PB 0x0000000613800000| Untracked 
|  76|0x0000000613c00000, 0x0000000613c00000, 0x0000000614000000|  0%| F|  |TAMS 0x0000000613c00000| PB 0x0000000613c00000| Untracked 
|  77|0x0000000614000000, 0x0000000614000000, 0x0000000614400000|  0%| F|  |TAMS 0x0000000614000000| PB 0x0000000614000000| Untracked 
|  78|0x0000000614400000, 0x0000000614400000, 0x0000000614800000|  0%| F|  |TAMS 0x0000000614400000| PB 0x0000000614400000| Untracked 
|  79|0x0000000614800000, 0x0000000614800000, 0x0000000614c00000|  0%| F|  |TAMS 0x0000000614800000| PB 0x0000000614800000| Untracked 
|  80|0x0000000614c00000, 0x0000000614c00000, 0x0000000615000000|  0%| F|  |TAMS 0x0000000614c00000| PB 0x0000000614c00000| Untracked 
|  81|0x0000000615000000, 0x0000000615000000, 0x0000000615400000|  0%| F|  |TAMS 0x0000000615000000| PB 0x0000000615000000| Untracked 
|  82|0x0000000615400000, 0x0000000615400000, 0x0000000615800000|  0%| F|  |TAMS 0x0000000615400000| PB 0x0000000615400000| Untracked 
|  83|0x0000000615800000, 0x0000000615800000, 0x0000000615c00000|  0%| F|  |TAMS 0x0000000615800000| PB 0x0000000615800000| Untracked 
|  84|0x0000000615c00000, 0x0000000615c00000, 0x0000000616000000|  0%| F|  |TAMS 0x0000000615c00000| PB 0x0000000615c00000| Untracked 
|  85|0x0000000616000000, 0x0000000616000000, 0x0000000616400000|  0%| F|  |TAMS 0x0000000616000000| PB 0x0000000616000000| Untracked 
|  86|0x0000000616400000, 0x0000000616400000, 0x0000000616800000|  0%| F|  |TAMS 0x0000000616400000| PB 0x0000000616400000| Untracked 
|  87|0x0000000616800000, 0x0000000616800000, 0x0000000616c00000|  0%| F|  |TAMS 0x0000000616800000| PB 0x0000000616800000| Untracked 
|  88|0x0000000616c00000, 0x0000000616c00000, 0x0000000617000000|  0%| F|  |TAMS 0x0000000616c00000| PB 0x0000000616c00000| Untracked 
|  89|0x0000000617000000, 0x0000000617000000, 0x0000000617400000|  0%| F|  |TAMS 0x0000000617000000| PB 0x0000000617000000| Untracked 
|  90|0x0000000617400000, 0x0000000617400000, 0x0000000617800000|  0%| F|  |TAMS 0x0000000617400000| PB 0x0000000617400000| Untracked 
|  91|0x0000000617800000, 0x0000000617800000, 0x0000000617c00000|  0%| F|  |TAMS 0x0000000617800000| PB 0x0000000617800000| Untracked 
|  92|0x0000000617c00000, 0x0000000617c00000, 0x0000000618000000|  0%| F|  |TAMS 0x0000000617c00000| PB 0x0000000617c00000| Untracked 
|  93|0x0000000618000000, 0x0000000618000000, 0x0000000618400000|  0%| F|  |TAMS 0x0000000618000000| PB 0x0000000618000000| Untracked 
|  94|0x0000000618400000, 0x0000000618400000, 0x0000000618800000|  0%| F|  |TAMS 0x0000000618400000| PB 0x0000000618400000| Untracked 
|  95|0x0000000618800000, 0x0000000618800000, 0x0000000618c00000|  0%| F|  |TAMS 0x0000000618800000| PB 0x0000000618800000| Untracked 
|  96|0x0000000618c00000, 0x0000000618c00000, 0x0000000619000000|  0%| F|  |TAMS 0x0000000618c00000| PB 0x0000000618c00000| Untracked 
|  97|0x0000000619000000, 0x0000000619000000, 0x0000000619400000|  0%| F|  |TAMS 0x0000000619000000| PB 0x0000000619000000| Untracked 
|  98|0x0000000619400000, 0x0000000619400000, 0x0000000619800000|  0%| F|  |TAMS 0x0000000619400000| PB 0x0000000619400000| Untracked 
|  99|0x0000000619800000, 0x0000000619800000, 0x0000000619c00000|  0%| F|  |TAMS 0x0000000619800000| PB 0x0000000619800000| Untracked 
| 100|0x0000000619c00000, 0x0000000619c00000, 0x000000061a000000|  0%| F|  |TAMS 0x0000000619c00000| PB 0x0000000619c00000| Untracked 
| 101|0x000000061a000000, 0x000000061a000000, 0x000000061a400000|  0%| F|  |TAMS 0x000000061a000000| PB 0x000000061a000000| Untracked 
| 102|0x000000061a400000, 0x000000061a400000, 0x000000061a800000|  0%| F|  |TAMS 0x000000061a400000| PB 0x000000061a400000| Untracked 
| 103|0x000000061a800000, 0x000000061a800000, 0x000000061ac00000|  0%| F|  |TAMS 0x000000061a800000| PB 0x000000061a800000| Untracked 
| 104|0x000000061ac00000, 0x000000061ac00000, 0x000000061b000000|  0%| F|  |TAMS 0x000000061ac00000| PB 0x000000061ac00000| Untracked 
| 105|0x000000061b000000, 0x000000061b000000, 0x000000061b400000|  0%| F|  |TAMS 0x000000061b000000| PB 0x000000061b000000| Untracked 
| 106|0x000000061b400000, 0x000000061b400000, 0x000000061b800000|  0%| F|  |TAMS 0x000000061b400000| PB 0x000000061b400000| Untracked 
| 107|0x000000061b800000, 0x000000061b800000, 0x000000061bc00000|  0%| F|  |TAMS 0x000000061b800000| PB 0x000000061b800000| Untracked 
| 108|0x000000061bc00000, 0x000000061bc00000, 0x000000061c000000|  0%| F|  |TAMS 0x000000061bc00000| PB 0x000000061bc00000| Untracked 
| 109|0x000000061c000000, 0x000000061c000000, 0x000000061c400000|  0%| F|  |TAMS 0x000000061c000000| PB 0x000000061c000000| Untracked 
| 110|0x000000061c400000, 0x000000061c400000, 0x000000061c800000|  0%| F|  |TAMS 0x000000061c400000| PB 0x000000061c400000| Untracked 
| 111|0x000000061c800000, 0x000000061c800000, 0x000000061cc00000|  0%| F|  |TAMS 0x000000061c800000| PB 0x000000061c800000| Untracked 
| 112|0x000000061cc00000, 0x000000061cc00000, 0x000000061d000000|  0%| F|  |TAMS 0x000000061cc00000| PB 0x000000061cc00000| Untracked 
| 113|0x000000061d000000, 0x000000061d000000, 0x000000061d400000|  0%| F|  |TAMS 0x000000061d000000| PB 0x000000061d000000| Untracked 
| 114|0x000000061d400000, 0x000000061d400000, 0x000000061d800000|  0%| F|  |TAMS 0x000000061d400000| PB 0x000000061d400000| Untracked 
| 115|0x000000061d800000, 0x000000061d800000, 0x000000061dc00000|  0%| F|  |TAMS 0x000000061d800000| PB 0x000000061d800000| Untracked 
| 116|0x000000061dc00000, 0x000000061dc00000, 0x000000061e000000|  0%| F|  |TAMS 0x000000061dc00000| PB 0x000000061dc00000| Untracked 
| 117|0x000000061e000000, 0x000000061e000000, 0x000000061e400000|  0%| F|  |TAMS 0x000000061e000000| PB 0x000000061e000000| Untracked 
| 118|0x000000061e400000, 0x000000061e400000, 0x000000061e800000|  0%| F|  |TAMS 0x000000061e400000| PB 0x000000061e400000| Untracked 
| 119|0x000000061e800000, 0x000000061e800000, 0x000000061ec00000|  0%| F|  |TAMS 0x000000061e800000| PB 0x000000061e800000| Untracked 
| 120|0x000000061ec00000, 0x000000061ec00000, 0x000000061f000000|  0%| F|  |TAMS 0x000000061ec00000| PB 0x000000061ec00000| Untracked 
| 121|0x000000061f000000, 0x000000061f400000, 0x000000061f400000|100%| E|CS|TAMS 0x000000061f000000| PB 0x000000061f000000| Complete 
| 122|0x000000061f400000, 0x000000061f400000, 0x000000061f800000|  0%| F|  |TAMS 0x000000061f400000| PB 0x000000061f400000| Untracked 
| 123|0x000000061f800000, 0x000000061f800000, 0x000000061fc00000|  0%| F|  |TAMS 0x000000061f800000| PB 0x000000061f800000| Untracked 
| 124|0x000000061fc00000, 0x000000061fc00000, 0x0000000620000000|  0%| F|  |TAMS 0x000000061fc00000| PB 0x000000061fc00000| Untracked 
| 125|0x0000000620000000, 0x0000000620048170, 0x0000000620400000|  7%| S|  |TAMS 0x0000000620000000| PB 0x0000000620000000| Complete 
| 126|0x0000000620400000, 0x000000062057f6c0, 0x0000000620800000| 37%| E|CS|TAMS 0x0000000620400000| PB 0x0000000620400000| Complete 
| 127|0x0000000620800000, 0x0000000620c00000, 0x0000000620c00000|100%| E|CS|TAMS 0x0000000620800000| PB 0x0000000620800000| Complete 

Card table byte_map: [0x00000212d3e30000,0x00000212d4e30000] _byte_map_base: 0x00000212d0e2a000

Marking Bits: (CMBitMap*) 0x00000212bb1c2b40
 Bits: [0x00000212d4e30000, 0x00000212dce00000)

Polling page: 0x00000212b9090000

Metaspace:

Usage:
  Non-class:     14.23 MB used.
      Class:      1.76 MB used.
       Both:     16.00 MB used.

Virtual space:
  Non-class space:       64.00 MB reserved,      14.44 MB ( 23%) committed,  1 nodes.
      Class space:        1.00 GB reserved,       1.94 MB ( <1%) committed,  1 nodes.
             Both:        1.06 GB reserved,      16.38 MB (  2%) committed. 

Chunk freelists:
   Non-Class:  1.58 MB
       Class:  13.98 MB
        Both:  15.56 MB

MaxMetaspaceSize: unlimited
CompressedClassSpaceSize: 1.00 GB
Initial GC threshold: 21.00 MB
Current GC threshold: 21.00 MB
CDS: on
 - commit_granule_bytes: 65536.
 - commit_granule_words: 8192.
 - virtual_space_node_default_size: 8388608.
 - enlarge_chunks_in_place: 1.
 - use_allocation_guard: 0.


Internal statistics:

num_allocs_failed_limit: 0.
num_arena_births: 344.
num_arena_deaths: 0.
num_vsnodes_births: 2.
num_vsnodes_deaths: 0.
num_space_committed: 262.
num_space_uncommitted: 0.
num_chunks_returned_to_freelist: 0.
num_chunks_taken_from_freelist: 589.
num_chunk_merges: 0.
num_chunk_splits: 338.
num_chunks_enlarged: 157.
num_inconsistent_stats: 0.

CodeHeap 'non-profiled nmethods': size=119168Kb used=548Kb max_used=548Kb free=118619Kb
 bounds [0x00000212cb150000, 0x00000212cb3c0000, 0x00000212d25b0000]
CodeHeap 'profiled nmethods': size=119104Kb used=3779Kb max_used=3779Kb free=115325Kb
 bounds [0x00000212c35b0000, 0x00000212c3970000, 0x00000212caa00000]
CodeHeap 'non-nmethods': size=7488Kb used=1638Kb max_used=3253Kb free=5849Kb
 bounds [0x00000212caa00000, 0x00000212cad40000, 0x00000212cb150000]
 total_blobs=2683 nmethods=1995 adapters=593
 compilation: enabled
              stopped_count=0, restarted_count=0
 full_count=0

Compilation events (20 events):
Event: 4.772 Thread 0x000002132500d3d0 1986       4       java.util.ArrayList::iterator (9 bytes)
Event: 4.773 Thread 0x000002132500d3d0 nmethod 1986 0x00000212cb1d5510 code [0x00000212cb1d56a0, 0x00000212cb1d57a8]
Event: 4.786 Thread 0x000002132500d3d0 1987       4       java.awt.Container::findComponentAtImpl (161 bytes)
Event: 4.794 Thread 0x000002132500d3d0 nmethod 1987 0x00000212cb1d5890 code [0x00000212cb1d5ac0, 0x00000212cb1d6cd0]
Event: 4.794 Thread 0x000002132500d3d0 1988       4       java.util.concurrent.locks.ReentrantLock::unlock (10 bytes)
Event: 4.795 Thread 0x00000213250101d0 1990       3       sun.awt.windows.WInputMethod::dispatchEvent (66 bytes)
Event: 4.795 Thread 0x00000213250101d0 nmethod 1990 0x00000212c3959f90 code [0x00000212c395a180, 0x00000212c395a9d0]
Event: 4.796 Thread 0x000002132500d3d0 nmethod 1988 0x00000212cb1d7c10 code [0x00000212cb1d7da0, 0x00000212cb1d8008]
Event: 4.796 Thread 0x000002132500d3d0 1989       4       java.util.concurrent.locks.ReentrantLock::lock (8 bytes)
Event: 4.797 Thread 0x00000213250101d0 1992       3       sun.awt.windows.WComponentPeer::handleJavaMouseEvent (75 bytes)
Event: 4.798 Thread 0x000002132500d3d0 nmethod 1989 0x00000212cb1d8210 code [0x00000212cb1d83c0, 0x00000212cb1d86f8]
Event: 4.798 Thread 0x00000213250101d0 nmethod 1992 0x00000212c395ab90 code [0x00000212c395ae60, 0x00000212c395bec8]
Event: 4.798 Thread 0x000002132500d3d0 1991       4       sun.awt.AWTAutoShutdown::isReadyToShutdown (37 bytes)
Event: 4.798 Thread 0x000002132500d3d0 nmethod 1991 0x00000212cb1d8890 code [0x00000212cb1d8a20, 0x00000212cb1d8b20]
Event: 4.801 Thread 0x000002132500d3d0 1993       4       java.util.ArrayList::get (15 bytes)
Event: 4.802 Thread 0x000002132500d3d0 nmethod 1993 0x00000212cb1d8c10 code [0x00000212cb1d8da0, 0x00000212cb1d8ec8]
Event: 4.802 Thread 0x000002132500d3d0 1994       4       javax.swing.JComponent::contains (27 bytes)
Event: 4.803 Thread 0x000002132500d3d0 nmethod 1994 0x00000212cb1d9010 code [0x00000212cb1d9180, 0x00000212cb1d9268]
Event: 4.808 Thread 0x00000213250101d0 1995   !   3       java.awt.KeyboardFocusManager::retargetFocusEvent (244 bytes)
Event: 4.809 Thread 0x00000213250101d0 nmethod 1995 0x00000212c395c490 code [0x00000212c395c9e0, 0x00000212c395fd08]

GC Heap History (3 events):
Event: 2.201 GC heap before
{Heap before GC invocations=0 (full 0):
 garbage-first heap   total 524288K, used 20480K [0x0000000600c00000, 0x0000000800000000)
  region size 4096K, 6 young (24576K), 0 survivors (0K)
 Metaspace       used 14749K, committed 15040K, reserved 1114112K
  class space    used 1588K, committed 1728K, reserved 1048576K
}
Event: 2.204 GC heap after
{Heap after GC invocations=1 (full 0):
 garbage-first heap   total 524288K, used 12842K [0x0000000600c00000, 0x0000000800000000)
  region size 4096K, 1 young (4096K), 1 survivors (4096K)
 Metaspace       used 14749K, committed 15040K, reserved 1114112K
  class space    used 1588K, committed 1728K, reserved 1048576K
}
Event: 4.926 GC heap before
{Heap before GC invocations=1 (full 0):
 garbage-first heap   total 524288K, used 238122K [0x0000000600c00000, 0x0000000800000000)
  region size 4096K, 3 young (12288K), 1 survivors (4096K)
 Metaspace       used 16380K, committed 16768K, reserved 1114112K
  class space    used 1807K, committed 1984K, reserved 1048576K
}

Dll operation events (13 events):
Event: 0.003 Loaded shared library C:\Program Files\Java\jdk-21\bin\java.dll
Event: 0.022 Loaded shared library C:\Program Files\Java\jdk-21\bin\jsvml.dll
Event: 0.032 Loaded shared library C:\Program Files\Java\jdk-21\bin\net.dll
Event: 0.033 Loaded shared library C:\Program Files\Java\jdk-21\bin\nio.dll
Event: 0.036 Loaded shared library C:\Program Files\Java\jdk-21\bin\zip.dll
Event: 0.050 Loaded shared library C:\Program Files\Java\jdk-21\bin\jimage.dll
Event: 0.060 Loaded shared library C:\Program Files\Java\jdk-21\bin\awt.dll
Event: 0.106 Loaded shared library C:\Program Files\Java\jdk-21\bin\javaaccessbridge.dll
Event: 0.170 Loaded shared library C:\Program Files\Java\jdk-21\bin\freetype.dll
Event: 0.170 Loaded shared library C:\Program Files\Java\jdk-21\bin\fontmanager.dll
Event: 2.044 Loaded shared library C:\Program Files\Java\jdk-21\bin\sunmscapi.dll
Event: 2.164 Loaded shared library C:\Program Files\Java\jdk-21\bin\extnet.dll
Event: 2.478 Loaded shared library C:\Users\david\AppData\Local\Temp\webrtc-java6416637540506671651.dll

Deoptimization events (20 events):
Event: 2.148 Thread 0x00000213254933e0 Uncommon trap: trap_request=0xffffff45 fr.pc=0x00000212cb1aa480 relative=0x0000000000000320
Event: 2.148 Thread 0x00000213254933e0 Uncommon trap: reason=unstable_if action=reinterpret pc=0x00000212cb1aa480 method=java.util.HashMap.putVal(ILjava/lang/Object;Ljava/lang/Object;ZZ)Ljava/lang/Object; @ 162 c2
Event: 2.148 Thread 0x00000213254933e0 DEOPT PACKING pc=0x00000212cb1aa480 sp=0x0000008ce9dfb990
Event: 2.148 Thread 0x00000213254933e0 DEOPT UNPACKING pc=0x00000212caa546a2 sp=0x0000008ce9dfb8c8 mode 2
Event: 2.178 Thread 0x00000213254933e0 Uncommon trap: trap_request=0xffffff45 fr.pc=0x00000212cb1c0678 relative=0x0000000000000f98
Event: 2.178 Thread 0x00000213254933e0 Uncommon trap: reason=unstable_if action=reinterpret pc=0x00000212cb1c0678 method=java.util.concurrent.ConcurrentHashMap.putVal(Ljava/lang/Object;Ljava/lang/Object;Z)Ljava/lang/Object; @ 148 c2
Event: 2.178 Thread 0x00000213254933e0 DEOPT PACKING pc=0x00000212cb1c0678 sp=0x0000008ce9dfd590
Event: 2.178 Thread 0x00000213254933e0 DEOPT UNPACKING pc=0x00000212caa546a2 sp=0x0000008ce9dfd510 mode 2
Event: 2.205 Thread 0x0000021326b86ba0 Uncommon trap: trap_request=0xffffff45 fr.pc=0x00000212cb1c7fec relative=0x000000000000006c
Event: 2.205 Thread 0x0000021326b86ba0 Uncommon trap: reason=unstable_if action=reinterpret pc=0x00000212cb1c7fec method=java.lang.ref.ReferenceQueue.headIsNull()Z @ 4 c2
Event: 2.205 Thread 0x0000021326b86ba0 DEOPT PACKING pc=0x00000212cb1c7fec sp=0x0000008cea5fdfa0
Event: 2.205 Thread 0x0000021326b86ba0 DEOPT UNPACKING pc=0x00000212caa546a2 sp=0x0000008cea5fdec8 mode 2
Event: 2.205 Thread 0x0000021326b85e80 Uncommon trap: trap_request=0xffffff45 fr.pc=0x00000212cb1bd638 relative=0x0000000000000178
Event: 2.205 Thread 0x0000021326b85e80 Uncommon trap: reason=unstable_if action=reinterpret pc=0x00000212cb1bd638 method=java.util.concurrent.ConcurrentHashMap.addCount(JI)V @ 34 c2
Event: 2.205 Thread 0x0000021326b85e80 DEOPT PACKING pc=0x00000212cb1bd638 sp=0x0000008cea4fdbf0
Event: 2.205 Thread 0x0000021326b85e80 DEOPT UNPACKING pc=0x00000212caa546a2 sp=0x0000008cea4fdb50 mode 2
Event: 2.380 Thread 0x00000213254933e0 Uncommon trap: trap_request=0xffffff45 fr.pc=0x00000212cb18d748 relative=0x00000000000000a8
Event: 2.380 Thread 0x00000213254933e0 Uncommon trap: reason=unstable_if action=reinterpret pc=0x00000212cb18d748 method=java.awt.Component.inside(II)Z @ 1 c2
Event: 2.380 Thread 0x00000213254933e0 DEOPT PACKING pc=0x00000212cb18d748 sp=0x0000008ce9dfda50
Event: 2.380 Thread 0x00000213254933e0 DEOPT UNPACKING pc=0x00000212caa546a2 sp=0x0000008ce9dfd8e0 mode 2

Classes loaded (20 events):
Event: 2.383 Loading class sun/net/www/protocol/file/FileURLConnection
Event: 2.383 Loading class sun/net/www/URLConnection
Event: 2.383 Loading class sun/net/www/URLConnection done
Event: 2.383 Loading class sun/net/www/protocol/file/FileURLConnection done
Event: 2.383 Loading class sun/net/www/MessageHeader
Event: 2.383 Loading class sun/net/www/MessageHeader done
Event: 2.383 Loading class sun/net/www/protocol/jar/URLJarFile
Event: 2.383 Loading class sun/net/www/protocol/jar/URLJarFile done
Event: 2.383 Loading class sun/net/www/protocol/jar/URLJarFile$URLJarFileEntry
Event: 2.383 Loading class sun/net/www/protocol/jar/URLJarFile$URLJarFileEntry done
Event: 2.383 Loading class sun/net/www/protocol/jar/JarURLConnection$JarURLInputStream
Event: 2.383 Loading class sun/net/www/protocol/jar/JarURLConnection$JarURLInputStream done
Event: 2.384 Loading class java/nio/file/StandardCopyOption
Event: 2.384 Loading class java/nio/file/StandardCopyOption done
Event: 2.384 Loading class sun/nio/ch/ChannelOutputStream
Event: 2.384 Loading class sun/nio/ch/ChannelOutputStream done
Event: 2.483 Loading class java/io/DeleteOnExitHook
Event: 2.483 Loading class java/io/DeleteOnExitHook done
Event: 2.483 Loading class java/io/DeleteOnExitHook$1
Event: 2.483 Loading class java/io/DeleteOnExitHook$1 done

Classes unloaded (0 events):
No events

Classes redefined (0 events):
No events

Internal exceptions (20 events):
Event: 2.016 Thread 0x00000213254933e0 Exception <a 'java/lang/NoSuchMethodError'{0x000000061fcc7f18}: 'int java.lang.invoke.DirectMethodHandle$Holder.invokeStatic(java.lang.Object, long)'> (0x000000061fcc7f18) 
thrown [s\open\src\hotspot\share\interpreter\linkResolver.cpp, line 773]
Event: 2.018 Thread 0x00000213254933e0 Exception <a 'java/lang/NoSuchMethodError'{0x000000061fcefdc0}: 'java.lang.Object java.lang.invoke.DirectMethodHandle$Holder.invokeSpecial(java.lang.Object, java.lang.Object, int, java.lang.Object, java.lang.Object)'> (0x000000061fcefdc0) 
thrown [s\open\src\hotspot\share\interpreter\linkResolver.cpp, line 773]
Event: 2.018 Thread 0x00000213254933e0 Exception <a 'java/lang/NoSuchMethodError'{0x000000061fcf39f0}: 'java.lang.Object java.lang.invoke.DelegatingMethodHandle$Holder.delegate(java.lang.Object, int, java.lang.Object, java.lang.Object)'> (0x000000061fcf39f0) 
thrown [s\open\src\hotspot\share\interpreter\linkResolver.cpp, line 773]
Event: 2.020 Thread 0x00000213254933e0 Exception <a 'java/lang/NoSuchMethodError'{0x000000061fd03290}: 'int java.lang.invoke.Invokers$Holder.linkToTargetMethod(java.lang.Object, java.lang.Object, java.lang.Object)'> (0x000000061fd03290) 
thrown [s\open\src\hotspot\share\interpreter\linkResolver.cpp, line 773]
Event: 2.022 Thread 0x00000213254933e0 Exception <a 'java/lang/NoSuchMethodError'{0x000000061fd12188}: 'long java.lang.invoke.DirectMethodHandle$Holder.invokeSpecial(java.lang.Object, java.lang.Object)'> (0x000000061fd12188) 
thrown [s\open\src\hotspot\share\interpreter\linkResolver.cpp, line 773]
Event: 2.022 Thread 0x00000213254933e0 Exception <a 'java/lang/NoSuchMethodError'{0x000000061fd1b730}: 'int java.lang.invoke.DirectMethodHandle$Holder.invokeStatic(java.lang.Object, java.lang.Object, java.lang.Object, java.lang.Object)'> (0x000000061fd1b730) 
thrown [s\open\src\hotspot\share\interpreter\linkResolver.cpp, line 773]
Event: 2.023 Thread 0x00000213254933e0 Exception <a 'java/lang/NoSuchMethodError'{0x000000061fd1edc0}: 'java.lang.Object java.lang.invoke.Invokers$Holder.invokeExact_MT(java.lang.Object, java.lang.Object, java.lang.Object, java.lang.Object, java.lang.Object, java.lang.Object)'> (0x000000061fd1edc0) 
thrown [s\open\src\hotspot\share\interpreter\linkResolver.cpp, line 773]
Event: 2.066 Thread 0x00000213254933e0 Exception <a 'sun/nio/fs/WindowsException'{0x000000061fe6fef0}> (0x000000061fe6fef0) 
thrown [s\open\src\hotspot\share\prims\jni.cpp, line 520]
Event: 2.122 Thread 0x00000213254933e0 Exception <a 'java/lang/NoSuchMethodError'{0x000000061f4baea0}: 'java.lang.Object java.lang.invoke.DirectMethodHandle$Holder.invokeStaticInit(java.lang.Object, int, int, int, int)'> (0x000000061f4baea0) 
thrown [s\open\src\hotspot\share\interpreter\linkResolver.cpp, line 773]
Event: 2.133 Thread 0x00000213254933e0 Exception <a 'java/lang/NoSuchMethodError'{0x000000061f576540}: 'java.lang.Object java.lang.invoke.DirectMethodHandle$Holder.invokeStaticInit(java.lang.Object, java.lang.Object, int, int, int, int)'> (0x000000061f576540) 
thrown [s\open\src\hotspot\share\interpreter\linkResolver.cpp, line 773]
Event: 2.183 Thread 0x00000213254933e0 Exception <a 'java/lang/NoSuchMethodError'{0x000000061f6f6aa0}: 'java.lang.Object java.lang.invoke.DirectMethodHandle$Holder.invokeSpecial(java.lang.Object, java.lang.Object, java.lang.Object, java.lang.Object, int)'> (0x000000061f6f6aa0) 
thrown [s\open\src\hotspot\share\interpreter\linkResolver.cpp, line 773]
Event: 2.183 Thread 0x00000213254933e0 Exception <a 'java/lang/NoSuchMethodError'{0x000000061f6fa6a8}: 'java.lang.Object java.lang.invoke.Invokers$Holder.linkToTargetMethod(java.lang.Object, java.lang.Object, int, java.lang.Object)'> (0x000000061f6fa6a8) 
thrown [s\open\src\hotspot\share\interpreter\linkResolver.cpp, line 773]
Event: 2.192 Thread 0x00000213254933e0 Exception <a 'java/lang/NoSuchMethodError'{0x000000061f73b260}: 'void java.lang.invoke.DirectMethodHandle$Holder.invokeSpecial(java.lang.Object, java.lang.Object, java.lang.Object, java.lang.Object, java.lang.Object)'> (0x000000061f73b260) 
thrown [s\open\src\hotspot\share\interpreter\linkResolver.cpp, line 773]
Event: 2.198 Thread 0x0000021326b72b80 Exception <a 'java/lang/NoSuchMethodError'{0x000000061f673bc8}: 'void java.lang.invoke.DirectMethodHandle$Holder.invokeStatic(java.lang.Object, java.lang.Object, int)'> (0x000000061f673bc8) 
thrown [s\open\src\hotspot\share\interpreter\linkResolver.cpp, line 773]
Event: 2.337 Thread 0x0000021325bde270 Exception <a 'java/lang/NoSuchMethodError'{0x00000006209de230}: 'java.lang.Object java.lang.invoke.DirectMethodHandle$Holder.newInvokeSpecial(java.lang.Object, java.lang.Object, long, java.lang.Object, java.lang.Object, java.lang.Object)'> (0x00000006209de230) 
thrown [s\open\src\hotspot\share\interpreter\linkResolver.cpp, line 773]
Event: 2.339 Thread 0x0000021325bde270 Exception <a 'java/lang/NoSuchMethodError'{0x00000006209f49b8}: 'void java.lang.invoke.DirectMethodHandle$Holder.invokeSpecial(java.lang.Object, java.lang.Object, java.lang.Object, java.lang.Object, java.lang.Object, java.lang.Object, java.lang.Object)'> (0x00000006209f49b8) 
thrown [s\open\src\hotspot\share\interpreter\linkResolver.cpp, line 773]
Event: 2.339 Thread 0x0000021325bde270 Exception <a 'java/lang/NoSuchMethodError'{0x0000000620a03310}: 'void java.lang.invoke.DirectMethodHandle$Holder.invokeStatic(java.lang.Object, java.lang.Object, java.lang.Object, java.lang.Object)'> (0x0000000620a03310) 
thrown [s\open\src\hotspot\share\interpreter\linkResolver.cpp, line 773]
Event: 2.367 Thread 0x00000213254933e0 Exception <a 'java/lang/NoSuchMethodError'{0x0000000620bfbe60}: 'void java.lang.invoke.DelegatingMethodHandle$Holder.reinvoke_L(java.lang.Object, java.lang.Object, int)'> (0x0000000620bfbe60) 
thrown [s\open\src\hotspot\share\interpreter\linkResolver.cpp, line 773]
Event: 2.368 Thread 0x00000213254933e0 Exception <a 'java/lang/NoSuchMethodError'{0x0000000620403150}: 'void java.lang.invoke.Invokers$Holder.invokeExact_MT(java.lang.Object, java.lang.Object, int, java.lang.Object)'> (0x0000000620403150) 
thrown [s\open\src\hotspot\share\interpreter\linkResolver.cpp, line 773]
Event: 2.369 Thread 0x00000213254933e0 Exception <a 'java/lang/NoSuchMethodError'{0x0000000620414d00}: 'void java.lang.invoke.Invokers$Holder.invokeExact_MT(java.lang.Object, java.lang.Object, java.lang.Object, java.lang.Object)'> (0x0000000620414d00) 
thrown [s\open\src\hotspot\share\interpreter\linkResolver.cpp, line 773]

ZGC Phase Switch (0 events):
No events

VM Operations (20 events):
Event: 2.136 Executing VM operation: HandshakeAllThreads (Deoptimize) done
Event: 2.160 Executing VM operation: HandshakeAllThreads (Deoptimize)
Event: 2.160 Executing VM operation: HandshakeAllThreads (Deoptimize) done
Event: 2.168 Executing VM operation: HandshakeAllThreads (Deoptimize)
Event: 2.168 Executing VM operation: HandshakeAllThreads (Deoptimize) done
Event: 2.168 Executing VM operation: Cleanup
Event: 2.168 Executing VM operation: Cleanup done
Event: 2.201 Executing VM operation: G1CollectForAllocation (G1 Evacuation Pause)
Event: 2.204 Executing VM operation: G1CollectForAllocation (G1 Evacuation Pause) done
Event: 2.334 Executing VM operation: HandshakeAllThreads (Deoptimize)
Event: 2.334 Executing VM operation: HandshakeAllThreads (Deoptimize) done
Event: 2.360 Executing VM operation: HandshakeAllThreads (Deoptimize)
Event: 2.360 Executing VM operation: HandshakeAllThreads (Deoptimize) done
Event: 2.376 Executing VM operation: HandshakeAllThreads (Deoptimize)
Event: 2.377 Executing VM operation: HandshakeAllThreads (Deoptimize) done
Event: 2.383 Executing VM operation: HandshakeAllThreads (Deoptimize)
Event: 2.383 Executing VM operation: HandshakeAllThreads (Deoptimize) done
Event: 3.388 Executing VM operation: Cleanup
Event: 3.388 Executing VM operation: Cleanup done
Event: 4.926 Executing VM operation: G1TryInitiateConcMark (G1 Humongous Allocation)

Events (20 events):
Event: 0.112 Thread 0x0000021325433340 Thread added: 0x0000021325433340
Event: 0.118 Thread 0x0000021325451a10 Thread added: 0x0000021325451a10
Event: 0.161 Thread 0x00000213254933e0 Thread added: 0x00000213254933e0
Event: 0.237 Thread 0x00000212bb11d970 Thread exited: 0x00000212bb11d970
Event: 0.237 Thread 0x00000212bb11d970 Thread added: 0x00000212bb11d970
Event: 1.032 Thread 0x00000213251ee700 Thread exited: 0x00000213251ee700
Event: 1.033 Thread 0x00000213251ecc50 Thread exited: 0x00000213251ecc50
Event: 2.052 Thread 0x0000021325b99aa0 Thread added: 0x0000021325b99aa0
Event: 2.087 Thread 0x0000021325b98620 Thread added: 0x0000021325b98620
Event: 2.167 Thread 0x0000021326b72b80 Thread added: 0x0000021326b72b80
Event: 2.199 Thread 0x0000021325bde270 Thread added: 0x0000021325bde270
Event: 2.201 Thread 0x0000021326b85e80 Thread added: 0x0000021326b85e80
Event: 2.201 Thread 0x0000021326b86ba0 Thread added: 0x0000021326b86ba0
Event: 2.334 Thread 0x0000021325b98620 Thread exited: 0x0000021325b98620
Event: 2.335 Thread 0x0000021325b99aa0 Thread exited: 0x0000021325b99aa0
Event: 2.378 Thread 0x0000021326b83720 Thread added: 0x0000021326b83720
Event: 2.380 Thread 0x0000021326b83db0 Thread added: 0x0000021326b83db0
Event: 2.873 Thread 0x0000021326b83db0 Thread exited: 0x0000021326b83db0
Event: 3.169 Thread 0x0000021326b84440 Thread added: 0x0000021326b84440
Event: 4.694 Thread 0x00000213251e6590 Thread exited: 0x00000213251e6590


Dynamic libraries:
0x00007ff6bf9c0000 - 0x00007ff6bf9d0000 	C:\Program Files\Java\jdk-21\bin\java.exe
0x00007ffc1d870000 - 0x00007ffc1da68000 	C:\WINDOWS\SYSTEM32\ntdll.dll
0x00007ffc1d210000 - 0x00007ffc1d2d2000 	C:\WINDOWS\System32\KERNEL32.DLL
0x00007ffc1b230000 - 0x00007ffc1b52e000 	C:\WINDOWS\System32\KERNELBASE.dll
0x00007ffc1af60000 - 0x00007ffc1b060000 	C:\WINDOWS\System32\ucrtbase.dll
0x00007ffbc77c0000 - 0x00007ffbc77db000 	C:\Program Files\Java\jdk-21\bin\VCRUNTIME140.dll
0x00007ffc17160000 - 0x00007ffc17179000 	C:\Program Files\Java\jdk-21\bin\jli.dll
0x00007ffc1c2b0000 - 0x00007ffc1c361000 	C:\WINDOWS\System32\ADVAPI32.dll
0x00007ffc1ce00000 - 0x00007ffc1ce9e000 	C:\WINDOWS\System32\msvcrt.dll
0x00007ffc1d170000 - 0x00007ffc1d20f000 	C:\WINDOWS\System32\sechost.dll
0x00007ffc1c370000 - 0x00007ffc1c493000 	C:\WINDOWS\System32\RPCRT4.dll
0x00007ffc1b660000 - 0x00007ffc1b687000 	C:\WINDOWS\System32\bcrypt.dll
0x00007ffc1bd80000 - 0x00007ffc1bf1d000 	C:\WINDOWS\System32\USER32.dll
0x00007ffc1b860000 - 0x00007ffc1b882000 	C:\WINDOWS\System32\win32u.dll
0x00007ffc0a5e0000 - 0x00007ffc0a87a000 	C:\WINDOWS\WinSxS\amd64_microsoft.windows.common-controls_6595b64144ccf1df_6.0.19041.4355_none_60b8b9eb71f62e16\COMCTL32.dll
0x00007ffc1d000000 - 0x00007ffc1d02b000 	C:\WINDOWS\System32\GDI32.dll
0x00007ffc1b110000 - 0x00007ffc1b227000 	C:\WINDOWS\System32\gdi32full.dll
0x00007ffc1b530000 - 0x00007ffc1b5cd000 	C:\WINDOWS\System32\msvcp_win.dll
0x00007ffc115e0000 - 0x00007ffc115ea000 	C:\WINDOWS\SYSTEM32\VERSION.dll
0x00007ffc1c270000 - 0x00007ffc1c29f000 	C:\WINDOWS\System32\IMM32.DLL
0x00007ffbf7620000 - 0x00007ffbf762c000 	C:\Program Files\Java\jdk-21\bin\vcruntime140_1.dll
0x00007ffbc9920000 - 0x00007ffbc99ae000 	C:\Program Files\Java\jdk-21\bin\msvcp140.dll
0x00007ffb47e30000 - 0x00007ffb48b48000 	C:\Program Files\Java\jdk-21\bin\server\jvm.dll
0x00007ffc1c4a0000 - 0x00007ffc1c50b000 	C:\WINDOWS\System32\WS2_32.dll
0x00007ffc1a4a0000 - 0x00007ffc1a4eb000 	C:\WINDOWS\SYSTEM32\POWRPROF.dll
0x00007ffc10990000 - 0x00007ffc109b7000 	C:\WINDOWS\SYSTEM32\WINMM.dll
0x00007ffc1a310000 - 0x00007ffc1a322000 	C:\WINDOWS\SYSTEM32\UMPDC.dll
0x00007ffc18db0000 - 0x00007ffc18dc2000 	C:\WINDOWS\SYSTEM32\kernel.appcore.dll
0x00007ffbeecb0000 - 0x00007ffbeecba000 	C:\Program Files\Java\jdk-21\bin\jimage.dll
0x00007ffc10050000 - 0x00007ffc10234000 	C:\WINDOWS\SYSTEM32\DBGHELP.DLL
0x00007ffbf8a00000 - 0x00007ffbf8a34000 	C:\WINDOWS\SYSTEM32\dbgcore.DLL
0x00007ffc1b5d0000 - 0x00007ffc1b652000 	C:\WINDOWS\System32\bcryptPrimitives.dll
0x00007ffbc77a0000 - 0x00007ffbc77bf000 	C:\Program Files\Java\jdk-21\bin\java.dll
0x00007ffc1c570000 - 0x00007ffc1ccdd000 	C:\WINDOWS\System32\SHELL32.dll
0x00007ffc18fb0000 - 0x00007ffc19754000 	C:\WINDOWS\SYSTEM32\windows.storage.dll
0x00007ffc1b970000 - 0x00007ffc1bcc3000 	C:\WINDOWS\System32\combase.dll
0x00007ffc1a940000 - 0x00007ffc1a96e000 	C:\WINDOWS\SYSTEM32\Wldp.dll
0x00007ffc1d2f0000 - 0x00007ffc1d3bd000 	C:\WINDOWS\System32\OLEAUT32.dll
0x00007ffc1bf20000 - 0x00007ffc1bfcd000 	C:\WINDOWS\System32\SHCORE.dll
0x00007ffc1b890000 - 0x00007ffc1b8e5000 	C:\WINDOWS\System32\shlwapi.dll
0x00007ffc1ae40000 - 0x00007ffc1ae64000 	C:\WINDOWS\SYSTEM32\profapi.dll
0x00007ffb69090000 - 0x00007ffb69167000 	C:\Program Files\Java\jdk-21\bin\jsvml.dll
0x00007ffbd4a60000 - 0x00007ffbd4a70000 	C:\Program Files\Java\jdk-21\bin\net.dll
0x00007ffc13ee0000 - 0x00007ffc13fed000 	C:\WINDOWS\SYSTEM32\WINHTTP.dll
0x00007ffc1a6a0000 - 0x00007ffc1a70a000 	C:\WINDOWS\system32\mswsock.dll
0x00007ffbbde40000 - 0x00007ffbbde56000 	C:\Program Files\Java\jdk-21\bin\nio.dll
0x00007ffb6f410000 - 0x00007ffb6f428000 	C:\Program Files\Java\jdk-21\bin\zip.dll
0x00007ffbc9420000 - 0x00007ffbc95af000 	C:\Program Files\Java\jdk-21\bin\awt.dll
0x00007ffc17400000 - 0x00007ffc17494000 	C:\WINDOWS\SYSTEM32\apphelp.dll
0x00007ffc18ab0000 - 0x00007ffc18adf000 	C:\WINDOWS\system32\DWMAPI.DLL
0x00007ffc18820000 - 0x00007ffc188be000 	C:\WINDOWS\system32\uxtheme.dll
0x00007ffbafff0000 - 0x00007ffbb0118000 	C:\WINDOWS\system32\opengl32.dll
0x00007ffbaffc0000 - 0x00007ffbaffec000 	C:\WINDOWS\SYSTEM32\GLU32.dll
0x00007ffc1cce0000 - 0x00007ffc1cdf5000 	C:\WINDOWS\System32\MSCTF.dll
0x00007ffc1d040000 - 0x00007ffc1d16b000 	C:\WINDOWS\System32\ole32.dll
0x00007ffbfe5b0000 - 0x00007ffbfe5fd000 	C:\Program Files\Java\jdk-21\bin\javaaccessbridge.dll
0x00007ffc17150000 - 0x00007ffc17157000 	C:\Program Files\Java\jdk-21\bin\jawt.dll
0x00007ffc04070000 - 0x00007ffc040f7000 	C:\Program Files\Java\jdk-21\bin\freetype.dll
0x00007ffbccb70000 - 0x00007ffbccc51000 	C:\Program Files\Java\jdk-21\bin\fontmanager.dll
0x00007ffc0aba0000 - 0x00007ffc0ac99000 	C:\WINDOWS\SYSTEM32\textinputframework.dll
0x00007ffc17180000 - 0x00007ffc17272000 	C:\WINDOWS\System32\CoreMessaging.dll
0x00007ffc16ba0000 - 0x00007ffc16efb000 	C:\WINDOWS\System32\CoreUIComponents.dll
0x00007ffc1a1a0000 - 0x00007ffc1a1d3000 	C:\WINDOWS\SYSTEM32\ntmarta.dll
0x00007ffc17f30000 - 0x00007ffc18087000 	C:\WINDOWS\SYSTEM32\wintypes.dll
0x00007ffc0a4c0000 - 0x00007ffc0a526000 	C:\WINDOWS\system32\Oleacc.dll
0x00007ffc1bcd0000 - 0x00007ffc1bd79000 	C:\WINDOWS\System32\clbcatq.dll
0x00007ffc0af20000 - 0x00007ffc0af4a000 	C:\Windows\System32\Speech\SpeechUX\SpTip.dll
0x00007ffc185d0000 - 0x00007ffc18784000 	C:\WINDOWS\SYSTEM32\WindowsCodecs.dll
0x00007ffbe6b20000 - 0x00007ffbe6b5e000 	C:\WINDOWS\system32\dataexchange.dll
0x00007ffc15fd0000 - 0x00007ffc16233000 	C:\WINDOWS\system32\d3d11.dll
0x00007ffc16520000 - 0x00007ffc16704000 	C:\WINDOWS\system32\dcomp.dll
0x00007ffc197a0000 - 0x00007ffc19896000 	C:\WINDOWS\system32\dxgi.dll
0x00007ffc14110000 - 0x00007ffc14313000 	C:\WINDOWS\system32\twinapi.appcore.dll
0x00007ffc14a50000 - 0x00007ffc14a5e000 	C:\Program Files\Java\jdk-21\bin\sunmscapi.dll
0x00007ffc1b700000 - 0x00007ffc1b85c000 	C:\WINDOWS\System32\CRYPT32.dll
0x00007ffc1a9b0000 - 0x00007ffc1a9d7000 	C:\WINDOWS\SYSTEM32\ncrypt.dll
0x00007ffc1a970000 - 0x00007ffc1a9ab000 	C:\WINDOWS\SYSTEM32\NTASN1.dll
0x00007ffc1a8a0000 - 0x00007ffc1a8b8000 	C:\WINDOWS\SYSTEM32\CRYPTSP.dll
0x00007ffc19f50000 - 0x00007ffc19f84000 	C:\WINDOWS\system32\rsaenh.dll
0x00007ffc1ae00000 - 0x00007ffc1ae2e000 	C:\WINDOWS\SYSTEM32\USERENV.dll
0x00007ffc1a890000 - 0x00007ffc1a89c000 	C:\WINDOWS\SYSTEM32\CRYPTBASE.dll
0x00007ffc1a330000 - 0x00007ffc1a36b000 	C:\WINDOWS\SYSTEM32\IPHLPAPI.DLL
0x00007ffc1c2a0000 - 0x00007ffc1c2a8000 	C:\WINDOWS\System32\NSI.dll
0x00007ffbf9ec0000 - 0x00007ffbf9ec7000 	C:\WINDOWS\system32\wshunix.dll
0x00007ffbcdb50000 - 0x00007ffbcdb59000 	C:\Program Files\Java\jdk-21\bin\extnet.dll
0x00007ffc1a370000 - 0x00007ffc1a43a000 	C:\WINDOWS\SYSTEM32\DNSAPI.dll
0x00007ffc12f20000 - 0x00007ffc12f2a000 	C:\Windows\System32\rasadhlp.dll
0x00007ffc12910000 - 0x00007ffc12990000 	C:\WINDOWS\System32\fwpuclnt.dll
0x00007ffbc1e20000 - 0x00007ffbc301f000 	C:\Users\david\AppData\Local\Temp\webrtc-java6416637540506671651.dll
0x00007ffc17550000 - 0x00007ffc1770c000 	C:\WINDOWS\SYSTEM32\MFPlat.DLL
0x00007ffb875d0000 - 0x00007ffb875db000 	C:\WINDOWS\SYSTEM32\msdmo.dll
0x00007ffc0a270000 - 0x00007ffc0a27c000 	C:\WINDOWS\SYSTEM32\Secur32.dll
0x00007ffc1af10000 - 0x00007ffc1af5e000 	C:\WINDOWS\System32\cfgmgr32.dll
0x00007ffc1adc0000 - 0x00007ffc1adf2000 	C:\WINDOWS\SYSTEM32\SSPICLI.DLL
0x00007ffc174b0000 - 0x00007ffc174e4000 	C:\WINDOWS\SYSTEM32\RTWorkQ.DLL
0x00007ffc148e0000 - 0x00007ffc14965000 	C:\WINDOWS\System32\MMDevApi.dll
0x00007ffc1aca0000 - 0x00007ffc1acd3000 	C:\WINDOWS\System32\DEVOBJ.dll
0x00007ffb83690000 - 0x00007ffb83707000 	C:\Windows\System32\mfwmaaec.dll
0x00007ffc151a0000 - 0x00007ffc15321000 	C:\WINDOWS\SYSTEM32\AUDIOSES.DLL
0x00007ffc173f0000 - 0x00007ffc173fa000 	C:\WINDOWS\SYSTEM32\Avrt.dll
0x00007ffc0ace0000 - 0x00007ffc0ae1f000 	C:\Windows\System32\Windows.UI.dll
0x00007ffc12db0000 - 0x00007ffc12e51000 	C:\Windows\System32\WindowManagementAPI.dll
0x00007ffc0aa40000 - 0x00007ffc0ab92000 	C:\Windows\System32\InputHost.dll
0x00007ffc17da0000 - 0x00007ffc17e96000 	C:\Windows\System32\PROPSYS.dll
0x00007ffb98120000 - 0x00007ffb9813d000 	C:\Windows\System32\devenum.dll
0x00007ffc1d3c0000 - 0x00007ffc1d82e000 	C:\WINDOWS\System32\setupapi.dll
0x00007ffc1b690000 - 0x00007ffc1b6f9000 	C:\WINDOWS\System32\WINTRUST.dll
0x00007ffc1aad0000 - 0x00007ffc1aae2000 	C:\WINDOWS\SYSTEM32\MSASN1.dll
0x00007ffb83000000 - 0x00007ffb8304d000 	C:\Windows\System32\mfksproxy.dll
0x00007ffbf8a40000 - 0x00007ffbf8a5d000 	C:\Windows\System32\ATL.DLL
0x00007ffb99010000 - 0x00007ffb99077000 	C:\Windows\System32\MFSENSORGROUP.dll
0x00007ffb82190000 - 0x00007ffb821e0000 	C:\Windows\System32\ksproxy.ax
0x00007ffb9e0f0000 - 0x00007ffb9e0f9000 	C:\Windows\System32\ksuser.dll
0x00007ffbe8d80000 - 0x00007ffbe8f51000 	C:\Windows\System32\d3d9.dll
0x00007ffc15420000 - 0x00007ffc154c1000 	C:\WINDOWS\SYSTEM32\policymanager.dll
0x00007ffc19fe0000 - 0x00007ffc1a06a000 	C:\Windows\System32\msvcp110_win.dll
0x00007ffb82940000 - 0x00007ffb8294d000 	C:\Windows\System32\vidcap.ax
0x00007ffb82910000 - 0x00007ffb82937000 	C:\Windows\System32\kswdmcap.ax
0x00007ffb827a0000 - 0x00007ffb8290c000 	C:\Windows\System32\MFC42.dll
0x00007ffbec270000 - 0x00007ffbec440000 	C:\Windows\System32\quartz.dll
0x00007ffc13c90000 - 0x00007ffc13cd2000 	C:\Windows\System32\CapabilityAccessManagerClient.dll

dbghelp: loaded successfully - version: 4.0.5 - missing functions: none
symbol engine: initialized successfully - sym options: 0x614 - pdb path: .;C:\Program Files\Java\jdk-21\bin;C:\WINDOWS\SYSTEM32;C:\WINDOWS\WinSxS\amd64_microsoft.windows.common-controls_6595b64144ccf1df_6.0.19041.4355_none_60b8b9eb71f62e16;C:\Program Files\Java\jdk-21\bin\server;C:\Windows\System32\Speech\SpeechUX;C:\Users\david\AppData\Local\Temp

VM Arguments:
java_command: target/wecamapp-1.0-SNAPSHOT.jar
java_class_path (initial): target/wecamapp-1.0-SNAPSHOT.jar
Launcher Type: SUN_STANDARD

[Global flags]
     intx CICompilerCount                          = 12                                        {product} {ergonomic}
     uint ConcGCThreads                            = 3                                         {product} {ergonomic}
     uint G1ConcRefinementThreads                  = 13                                        {product} {ergonomic}
   size_t G1HeapRegionSize                         = 4194304                                   {product} {ergonomic}
    uintx GCDrainStackTargetSize                   = 64                                        {product} {ergonomic}
   size_t InitialHeapSize                          = 536870912                                 {product} {ergonomic}
   size_t MarkStackSize                            = 4194304                                   {product} {ergonomic}
   size_t MaxHeapSize                              = 8577351680                                {product} {ergonomic}
   size_t MaxNewSize                               = 5146411008                                {product} {ergonomic}
   size_t MinHeapDeltaBytes                        = 4194304                                   {product} {ergonomic}
   size_t MinHeapSize                              = 8388608                                   {product} {ergonomic}
    uintx NonNMethodCodeHeapSize                   = 7602480                                {pd product} {ergonomic}
    uintx NonProfiledCodeHeapSize                  = 122027880                              {pd product} {ergonomic}
    uintx ProfiledCodeHeapSize                     = 122027880                              {pd product} {ergonomic}
    uintx ReservedCodeCacheSize                    = 251658240                              {pd product} {ergonomic}
     bool SegmentedCodeCache                       = true                                      {product} {ergonomic}
   size_t SoftMaxHeapSize                          = 8577351680                             {manageable} {ergonomic}
     bool UseCompressedOops                        = true                           {product lp64_product} {ergonomic}
     bool UseG1GC                                  = true                                      {product} {ergonomic}
     bool UseLargePagesIndividualAllocation        = false                                  {pd product} {ergonomic}

Logging:
Log output configuration:
 #0: stdout all=warning uptime,level,tags foldmultilines=false
 #1: stderr all=off uptime,level,tags foldmultilines=false

Environment Variables:
PATH=C:\Program Files\Common Files\Oracle\Java\javapath;C:\Program Files (x86)\Razer Chroma SDK\bin;C:\Program Files\Razer Chroma SDK\bin;C:\Program Files (x86)\Razer\ChromaBroadcast\bin;C:\Program Files\Razer\ChromaBroadcast\bin;C:\Program Files\Java\jdk-23\bin;C:\Program Files\MAVEN\apache-maven-3.9.9\bin;C:\Program Files\nodejs\;C:\WINDOWS\system32\config\systemprofile\AppData\Local\Microsoft\WindowsApps;C:\Program Files\NVIDIA Corporation\NVIDIA app\NvDLISR;C:\Program Files\Curl\curl-8.11.0_2-win64-mingw\bin;C:\Windows\System32;C:\Users\david\AppData\Roaming\npm;C:\Users\david\.deno\bin
USERNAME=david
LANG=es_ES.UTF-8
OS=Windows_NT
PROCESSOR_IDENTIFIER=Intel64 Family 6 Model 158 Stepping 13, GenuineIntel
TMP=C:\Users\david\AppData\Local\Temp
TEMP=C:\Users\david\AppData\Local\Temp




Periodic native trim disabled

---------------  S Y S T E M  ---------------

OS:
 Windows 10 , 64 bit Build 19041 (10.0.19041.5198)
OS uptime: 0 days 0:19 hours

CPU: total 16 (initial active 16) (8 cores per cpu, 2 threads per core) family 6 model 158 stepping 13 microcode 0xde, cx8, cmov, fxsr, ht, mmx, 3dnowpref, sse, sse2, sse3, ssse3, sse4.1, sse4.2, popcnt, lzcnt, tsc, tscinvbit, avx, avx2, aes, erms, clmul, bmi1, bmi2, adx, fma, vzeroupper, clflush, clflushopt, rdtscp, f16c
Processor Information for all 16 processors :
  Max Mhz: 3600, Current Mhz: 3600, Mhz Limit: 3600

Memory: 4k page, system-wide physical 32709M (17173M free)
TotalPageFile size 37573M (AvailPageFile size 18220M)
current process WorkingSet (physical memory assigned to process): 400M, peak: 400M
current process commit charge ("private bytes"): 739M, peak: 739M

vm_info: Java HotSpot(TM) 64-Bit Server VM (21.0.5+9-LTS-239) for windows-amd64 JRE (21.0.5+9-LTS-239), built on 2024-09-30T05:17:38Z by "mach5one" with MS VC++ 17.6 (VS2022)

END.
